Archive member included to satisfy reference by file (symbol)

D:/app/STM32CubeCLT_1.16.0/GNU-tools-for-STM32/bin/../lib/gcc/arm-none-eabi/12.3.1/thumb/v7e-m/nofp\libgcc.a(_aeabi_uldivmod.o)
                              CMakeFiles/CAN_MotorControl.elf.dir/Drivers/STM32F4xx_HAL_Driver/Src/stm32f4xx_hal_rcc.c.obj (__aeabi_uldivmod)
D:/app/STM32CubeCLT_1.16.0/GNU-tools-for-STM32/bin/../lib/gcc/arm-none-eabi/12.3.1/thumb/v7e-m/nofp\libgcc.a(_udivmoddi4.o)
                              D:/app/STM32CubeCLT_1.16.0/GNU-tools-for-STM32/bin/../lib/gcc/arm-none-eabi/12.3.1/thumb/v7e-m/nofp\libgcc.a(_aeabi_uldivmod.o) (__udivmoddi4)
D:/app/STM32CubeCLT_1.16.0/GNU-tools-for-STM32/bin/../lib/gcc/arm-none-eabi/12.3.1/thumb/v7e-m/nofp\libgcc.a(_dvmd_tls.o)
                              D:/app/STM32CubeCLT_1.16.0/GNU-tools-for-STM32/bin/../lib/gcc/arm-none-eabi/12.3.1/thumb/v7e-m/nofp\libgcc.a(_aeabi_uldivmod.o) (__aeabi_ldiv0)
D:/app/STM32CubeCLT_1.16.0/GNU-tools-for-STM32/bin/../lib/gcc/arm-none-eabi/12.3.1/../../../../arm-none-eabi/lib/thumb/v7e-m/nofp\libg.a(libc_a-exit.o)
                              D:/app/STM32CubeCLT_1.16.0/GNU-tools-for-STM32/bin/../lib/gcc/arm-none-eabi/12.3.1/../../../../arm-none-eabi/lib/thumb/v7e-m/nofp/crt0.o (exit)
D:/app/STM32CubeCLT_1.16.0/GNU-tools-for-STM32/bin/../lib/gcc/arm-none-eabi/12.3.1/../../../../arm-none-eabi/lib/thumb/v7e-m/nofp\libg.a(libc_a-findfp.o)
                              D:/app/STM32CubeCLT_1.16.0/GNU-tools-for-STM32/bin/../lib/gcc/arm-none-eabi/12.3.1/../../../../arm-none-eabi/lib/thumb/v7e-m/nofp\libg.a(libc_a-exit.o) (__stdio_exit_handler)
D:/app/STM32CubeCLT_1.16.0/GNU-tools-for-STM32/bin/../lib/gcc/arm-none-eabi/12.3.1/../../../../arm-none-eabi/lib/thumb/v7e-m/nofp\libg.a(libc_a-fwalk.o)
                              D:/app/STM32CubeCLT_1.16.0/GNU-tools-for-STM32/bin/../lib/gcc/arm-none-eabi/12.3.1/../../../../arm-none-eabi/lib/thumb/v7e-m/nofp\libg.a(libc_a-findfp.o) (_fwalk_sglue)
D:/app/STM32CubeCLT_1.16.0/GNU-tools-for-STM32/bin/../lib/gcc/arm-none-eabi/12.3.1/../../../../arm-none-eabi/lib/thumb/v7e-m/nofp\libg.a(libc_a-stdio.o)
                              D:/app/STM32CubeCLT_1.16.0/GNU-tools-for-STM32/bin/../lib/gcc/arm-none-eabi/12.3.1/../../../../arm-none-eabi/lib/thumb/v7e-m/nofp\libg.a(libc_a-findfp.o) (__sread)
D:/app/STM32CubeCLT_1.16.0/GNU-tools-for-STM32/bin/../lib/gcc/arm-none-eabi/12.3.1/../../../../arm-none-eabi/lib/thumb/v7e-m/nofp\libg.a(libc_a-memset.o)
                              D:/app/STM32CubeCLT_1.16.0/GNU-tools-for-STM32/bin/../lib/gcc/arm-none-eabi/12.3.1/../../../../arm-none-eabi/lib/thumb/v7e-m/nofp/crt0.o (memset)
D:/app/STM32CubeCLT_1.16.0/GNU-tools-for-STM32/bin/../lib/gcc/arm-none-eabi/12.3.1/../../../../arm-none-eabi/lib/thumb/v7e-m/nofp\libg.a(libc_a-closer.o)
                              D:/app/STM32CubeCLT_1.16.0/GNU-tools-for-STM32/bin/../lib/gcc/arm-none-eabi/12.3.1/../../../../arm-none-eabi/lib/thumb/v7e-m/nofp\libg.a(libc_a-stdio.o) (_close_r)
D:/app/STM32CubeCLT_1.16.0/GNU-tools-for-STM32/bin/../lib/gcc/arm-none-eabi/12.3.1/../../../../arm-none-eabi/lib/thumb/v7e-m/nofp\libg.a(libc_a-reent.o)
                              D:/app/STM32CubeCLT_1.16.0/GNU-tools-for-STM32/bin/../lib/gcc/arm-none-eabi/12.3.1/../../../../arm-none-eabi/lib/thumb/v7e-m/nofp\libg.a(libc_a-closer.o) (errno)
D:/app/STM32CubeCLT_1.16.0/GNU-tools-for-STM32/bin/../lib/gcc/arm-none-eabi/12.3.1/../../../../arm-none-eabi/lib/thumb/v7e-m/nofp\libg.a(libc_a-impure.o)
                              D:/app/STM32CubeCLT_1.16.0/GNU-tools-for-STM32/bin/../lib/gcc/arm-none-eabi/12.3.1/../../../../arm-none-eabi/lib/thumb/v7e-m/nofp\libg.a(libc_a-reent.o) (_impure_ptr)
D:/app/STM32CubeCLT_1.16.0/GNU-tools-for-STM32/bin/../lib/gcc/arm-none-eabi/12.3.1/../../../../arm-none-eabi/lib/thumb/v7e-m/nofp\libg.a(libc_a-lseekr.o)
                              D:/app/STM32CubeCLT_1.16.0/GNU-tools-for-STM32/bin/../lib/gcc/arm-none-eabi/12.3.1/../../../../arm-none-eabi/lib/thumb/v7e-m/nofp\libg.a(libc_a-stdio.o) (_lseek_r)
D:/app/STM32CubeCLT_1.16.0/GNU-tools-for-STM32/bin/../lib/gcc/arm-none-eabi/12.3.1/../../../../arm-none-eabi/lib/thumb/v7e-m/nofp\libg.a(libc_a-readr.o)
                              D:/app/STM32CubeCLT_1.16.0/GNU-tools-for-STM32/bin/../lib/gcc/arm-none-eabi/12.3.1/../../../../arm-none-eabi/lib/thumb/v7e-m/nofp\libg.a(libc_a-stdio.o) (_read_r)
D:/app/STM32CubeCLT_1.16.0/GNU-tools-for-STM32/bin/../lib/gcc/arm-none-eabi/12.3.1/../../../../arm-none-eabi/lib/thumb/v7e-m/nofp\libg.a(libc_a-writer.o)
                              D:/app/STM32CubeCLT_1.16.0/GNU-tools-for-STM32/bin/../lib/gcc/arm-none-eabi/12.3.1/../../../../arm-none-eabi/lib/thumb/v7e-m/nofp\libg.a(libc_a-stdio.o) (_write_r)
D:/app/STM32CubeCLT_1.16.0/GNU-tools-for-STM32/bin/../lib/gcc/arm-none-eabi/12.3.1/../../../../arm-none-eabi/lib/thumb/v7e-m/nofp\libg.a(libc_a-errno.o)
                              CMakeFiles/CAN_MotorControl.elf.dir/Core/Src/syscalls.c.obj (__errno)
[...]
Memory Configuration

Name             Origin             Length             Attributes
CCMRAM           0x10000000         0x00010000         xrw
RAM              0x20000000         0x00030000         xrw
FLASH            0x08000000         0x00200000         xr
*default*        0x00000000         0xffffffff

Linker script and memory map

LOAD D:/app/STM32CubeCLT_1.16.0/GNU-tools-for-STM32/bin/../lib/gcc/arm-none-eabi/12.3.1/thumb/v7e-m/nofp/crti.o
LOAD D:/app/STM32CubeCLT_1.16.0/GNU-tools-for-STM32/bin/../lib/gcc/arm-none-eabi/12.3.1/thumb/v7e-m/nofp/crtbegin.o
LOAD D:/app/STM32CubeCLT_1.16.0/GNU-tools-for-STM32/bin/../lib/gcc/arm-none-eabi/12.3.1/../../../../arm-none-eabi/lib/thumb/v7e-m/nofp/crt0.o
LOAD CMakeFiles/CAN_MotorControl.elf.dir/Core/Src/callpack.c.obj
LOAD CMakeFiles/CAN_MotorControl.elf.dir/Core/Src/can.c.obj
LOAD CMakeFiles/CAN_MotorControl.elf.dir/Core/Src/gpio.c.obj
LOAD CMakeFiles/CAN_MotorControl.elf.dir/Core/Src/main.c.obj
LOAD CMakeFiles/CAN_MotorControl.elf.dir/Core/Src/stm32f4xx_hal_msp.c.obj
LOAD CMakeFiles/CAN_MotorControl.elf.dir/Core/Src/stm32f4xx_it.c.obj
LOAD CMakeFiles/CAN_MotorControl.elf.dir/Core/Src/syscalls.c.obj
LOAD CMakeFiles/CAN_MotorControl.elf.dir/Core/Src/sysmem.c.obj
LOAD CMakeFiles/CAN_MotorControl.elf.dir/Core/Src/system_stm32f4xx.c.obj
LOAD CMakeFiles/CAN_MotorControl.elf.dir/Core/Startup/startup_stm32f427iihx.s.obj
LOAD CMakeFiles/CAN_MotorControl.elf.dir/Drivers/STM32F4xx_HAL_Driver/Src/stm32f4xx_hal.c.obj
LOAD CMakeFiles/CAN_MotorControl.elf.dir/Drivers/STM32F4xx_HAL_Driver/Src/stm32f4xx_hal_can.c.obj
LOAD CMakeFiles/CAN_MotorControl.elf.dir/Drivers/STM32F4xx_HAL_Driver/Src/stm32f4xx_hal_cortex.c.obj
LOAD CMakeFiles/CAN_MotorControl.elf.dir/Drivers/STM32F4xx_HAL_Driver/Src/stm32f4xx_hal_dma.c.obj
LOAD CMakeFiles/CAN_MotorControl.elf.dir/Drivers/STM32F4xx_HAL_Driver/Src/stm32f4xx_hal_dma_ex.c.obj
LOAD CMakeFiles/CAN_MotorControl.elf.dir/Drivers/STM32F4xx_HAL_Driver/Src/stm32f4xx_hal_exti.c.obj
LOAD CMakeFiles/CAN_MotorControl.elf.dir/Drivers/STM32F4xx_HAL_Driver/Src/stm32f4xx_hal_flash.c.obj
LOAD CMakeFiles/CAN_MotorControl.elf.dir/Drivers/STM32F4xx_HAL_Driver/Src/stm32f4xx_hal_flash_ex.c.obj
LOAD CMakeFiles/CAN_MotorControl.elf.dir/Drivers/STM32F4xx_HAL_Driver/Src/stm32f4xx_hal_flash_ramfunc.c.obj
LOAD CMakeFiles/CAN_MotorControl.elf.dir/Drivers/STM32F4xx_HAL_Driver/Src/stm32f4xx_hal_gpio.c.obj
LOAD CMakeFiles/CAN_MotorControl.elf.dir/Drivers/STM32F4xx_HAL_Driver/Src/stm32f4xx_hal_pwr.c.obj
LOAD CMakeFiles/CAN_MotorControl.elf.dir/Drivers/STM32F4xx_HAL_Driver/Src/stm32f4xx_hal_pwr_ex.c.obj
LOAD CMakeFiles/CAN_MotorControl.elf.dir/Drivers/STM32F4xx_HAL_Driver/Src/stm32f4xx_hal_rcc.c.obj
LOAD CMakeFiles/CAN_MotorControl.elf.dir/Drivers/STM32F4xx_HAL_Driver/Src/stm32f4xx_hal_rcc_ex.c.obj
LOAD CMakeFiles/CAN_MotorControl.elf.dir/Drivers/STM32F4xx_HAL_Driver/Src/stm32f4xx_hal_tim.c.obj
LOAD CMakeFiles/CAN_MotorControl.elf.dir/Drivers/STM32F4xx_HAL_Driver/Src/stm32f4xx_hal_tim_ex.c.obj
START GROUP
LOAD D:/app/STM32CubeCLT_1.16.0/GNU-tools-for-STM32/bin/../lib/gcc/arm-none-eabi/12.3.1/thumb/v7e-m/nofp\libgcc.a
LOAD D:/app/STM32CubeCLT_1.16.0/GNU-tools-for-STM32/bin/../lib/gcc/arm-none-eabi/12.3.1/../../../../arm-none-eabi/lib/thumb/v7e-m/nofp\libg.a
LOAD D:/app/STM32CubeCLT_1.16.0/GNU-tools-for-STM32/bin/../lib/gcc/arm-none-eabi/12.3.1/../../../../arm-none-eabi/lib/thumb/v7e-m/nofp\libc.a
END GROUP
LOAD D:/app/STM32CubeCLT_1.16.0/GNU-tools-for-STM32/bin/../lib/gcc/arm-none-eabi/12.3.1/thumb/v7e-m/nofp/crtend.o
LOAD D:/app/STM32CubeCLT_1.16.0/GNU-tools-for-STM32/bin/../lib/gcc/arm-none-eabi/12.3.1/thumb/v7e-m/nofp/crtn.o
                0x20030000                        _estack = (ORIGIN (RAM) + LENGTH (RAM))
                0x00000200                        _Min_Heap_Size = 0x200
                0x00000400                        _Min_Stack_Size = 0x400

.isr_vector     0x08000000      0x1ac
                0x08000000                        . = ALIGN (0x4)
 *(.isr_vector)
 .isr_vector    0x08000000      0x1ac CMakeFiles/CAN_MotorControl.elf.dir/Core/Startup/startup_stm32f427iihx.s.obj
                0x08000000                g_pfnVectors
                0x080001ac                        . = ALIGN (0x4)

.text           0x080001ac     0x19b4
                0x080001ac                        . = ALIGN (0x4)
 *(.text)
 .text          0x080001ac       0x40 D:/app/STM32CubeCLT_1.16.0/GNU-tools-for-STM32/bin/../lib/gcc/arm-none-eabi/12.3.1/thumb/v7e-m/nofp/crtbegin.o
 .text          0x080001ec       0x30 D:/app/STM32CubeCLT_1.16.0/GNU-tools-for-STM32/bin/../lib/gcc/arm-none-eabi/12.3.1/thumb/v7e-m/nofp\libgcc.a(_aeabi_uldivmod.o)
                0x080001ec                __aeabi_uldivmod
 .text          0x0800021c      0x2bc D:/app/STM32CubeCLT_1.16.0/GNU-tools-for-STM32/bin/../lib/gcc/arm-none-eabi/12.3.1/thumb/v7e-m/nofp\libgcc.a(_udivmoddi4.o)
                0x0800021c                __udivmoddi4
 .text          0x080004d8        0x4 D:/app/STM32CubeCLT_1.16.0/GNU-tools-for-STM32/bin/../lib/gcc/arm-none-eabi/12.3.1/thumb/v7e-m/nofp\libgcc.a(_dvmd_tls.o)
                0x080004d8                __aeabi_idiv0
                0x080004d8                __aeabi_ldiv0
 *(.text*)
 .text.GetSpeed
                0x080004dc        0x6 CMakeFiles/CAN_MotorControl.elf.dir/Core/Src/callpack.c.obj
                0x080004dc                GetSpeed
 *fill*         0x080004e2        0x2 
 .text.HAL_CAN_RxFifo0MsgPendingCallback
                0x080004e4       0x80 CMakeFiles/CAN_MotorControl.elf.dir/Core/Src/callpack.c.obj
                0x080004e4                HAL_CAN_RxFifo0MsgPendingCallback
 .text.MX_CAN1_Init
                0x08000564       0x40 CMakeFiles/CAN_MotorControl.elf.dir/Core/Src/can.c.obj
                0x08000564                MX_CAN1_Init
 .text.HAL_CAN_MspInit
                0x080005a4       0x7c CMakeFiles/CAN_MotorControl.elf.dir/Core/Src/can.c.obj
                0x080005a4                HAL_CAN_MspInit
 .text.MX_GPIO_Init
                0x08000620       0x4c CMakeFiles/CAN_MotorControl.elf.dir/Core/Src/gpio.c.obj
                0x08000620                MX_GPIO_Init
 .text.Error_Handler
                0x0800066c        0x4 CMakeFiles/CAN_MotorControl.elf.dir/Core/Src/main.c.obj
                0x0800066c                Error_Handler
 .text.SystemClock_Config
                0x08000670       0xb4 CMakeFiles/CAN_MotorControl.elf.dir/Core/Src/main.c.obj
                0x08000670                SystemClock_Config
 .text.main     0x08000724       0x50 CMakeFiles/CAN_MotorControl.elf.dir/Core/Src/main.c.obj
                0x08000724                main
 .text.HAL_MspInit
                0x08000774       0x48 CMakeFiles/CAN_MotorControl.elf.dir/Core/Src/stm32f4xx_hal_msp.c.obj
                0x08000774                HAL_MspInit
 .text.NMI_Handler
                0x080007bc        0x2 CMakeFiles/CAN_MotorControl.elf.dir/Core/Src/stm32f4xx_it.c.obj
                0x080007bc                NMI_Handler
 .text.HardFault_Handler
                0x080007be        0x2 CMakeFiles/CAN_MotorControl.elf.dir/Core/Src/stm32f4xx_it.c.obj
                0x080007be                HardFault_Handler
 .text.MemManage_Handler
                0x080007c0        0x2 CMakeFiles/CAN_MotorControl.elf.dir/Core/Src/stm32f4xx_it.c.obj
                0x080007c0                MemManage_Handler
 .text.BusFault_Handler
                0x080007c2        0x2 CMakeFiles/CAN_MotorControl.elf.dir/Core/Src/stm32f4xx_it.c.obj
                0x080007c2                BusFault_Handler
 .text.UsageFault_Handler
                0x080007c4        0x2 CMakeFiles/CAN_MotorControl.elf.dir/Core/Src/stm32f4xx_it.c.obj
                0x080007c4                UsageFault_Handler
 .text.SVC_Handler
                0x080007c6        0x2 CMakeFiles/CAN_MotorControl.elf.dir/Core/Src/stm32f4xx_it.c.obj
                0x080007c6                SVC_Handler
 .text.DebugMon_Handler
                0x080007c8        0x2 CMakeFiles/CAN_MotorControl.elf.dir/Core/Src/stm32f4xx_it.c.obj
                0x080007c8                DebugMon_Handler
 .text.PendSV_Handler
                0x080007ca        0x2 CMakeFiles/CAN_MotorControl.elf.dir/Core/Src/stm32f4xx_it.c.obj
                0x080007ca                PendSV_Handler
 .text.SysTick_Handler
                0x080007cc        0x8 CMakeFiles/CAN_MotorControl.elf.dir/Core/Src/stm32f4xx_it.c.obj
                0x080007cc                SysTick_Handler
 .text.RCC_IRQHandler
                0x080007d4        0x2 CMakeFiles/CAN_MotorControl.elf.dir/Core/Src/stm32f4xx_it.c.obj
                0x080007d4                RCC_IRQHandler
 *fill*         0x080007d6        0x2 
 .text.CAN1_RX0_IRQHandler
                0x080007d8       0x10 CMakeFiles/CAN_MotorControl.elf.dir/Core/Src/stm32f4xx_it.c.obj
                0x080007d8                CAN1_RX0_IRQHandler
 .text.SystemInit
                0x080007e8        0x2 CMakeFiles/CAN_MotorControl.elf.dir/Core/Src/system_stm32f4xx.c.obj
                0x080007e8                SystemInit
 *fill*         0x080007ea        0x2 
 .text.Reset_Handler
                0x080007ec       0x50 CMakeFiles/CAN_MotorControl.elf.dir/Core/Startup/startup_stm32f427iihx.s.obj
                0x080007ec                Reset_Handler
 .text.Default_Handler
                0x0800083c        0x2 CMakeFiles/CAN_MotorControl.elf.dir/Core/Startup/startup_stm32f427iihx.s.obj
                0x0800083c                RTC_Alarm_IRQHandler
                0x0800083c                HASH_RNG_IRQHandler
                0x0800083c                EXTI2_IRQHandler
                0x0800083c                TIM8_CC_IRQHandler
                0x0800083c                UART8_IRQHandler
                0x0800083c                SPI4_IRQHandler
                0x0800083c                TIM1_CC_IRQHandler
                0x0800083c                DMA2_Stream5_IRQHandler
                0x0800083c                DMA1_Stream5_IRQHandler
                0x0800083c                PVD_IRQHandler
                0x0800083c                SDIO_IRQHandler
                0x0800083c                TAMP_STAMP_IRQHandler
                0x0800083c                CAN2_RX1_IRQHandler
                0x0800083c                EXTI3_IRQHandler
                0x0800083c                TIM8_TRG_COM_TIM14_IRQHandler
                0x0800083c                TIM1_UP_TIM10_IRQHandler
                0x0800083c                TIM8_UP_TIM13_IRQHandler
                0x0800083c                I2C3_ER_IRQHandler
                0x0800083c                EXTI0_IRQHandler
                0x0800083c                I2C2_EV_IRQHandler
                0x0800083c                DMA1_Stream2_IRQHandler
                0x0800083c                FPU_IRQHandler
                0x0800083c                OTG_HS_WKUP_IRQHandler
                0x0800083c                CAN2_SCE_IRQHandler
                0x0800083c                DMA2_Stream2_IRQHandler
                0x0800083c                SPI1_IRQHandler
                0x0800083c                TIM6_DAC_IRQHandler
                0x0800083c                TIM1_BRK_TIM9_IRQHandler
                0x0800083c                DCMI_IRQHandler
                0x0800083c                CAN2_RX0_IRQHandler
                0x0800083c                DMA2_Stream3_IRQHandler
                0x0800083c                USART6_IRQHandler
                0x0800083c                USART3_IRQHandler
                0x0800083c                CAN1_RX1_IRQHandler
                0x0800083c                UART5_IRQHandler
                0x0800083c                DMA2_Stream0_IRQHandler
                0x0800083c                TIM4_IRQHandler
                0x0800083c                I2C1_EV_IRQHandler
                0x0800083c                DMA1_Stream6_IRQHandler
                0x0800083c                DMA1_Stream1_IRQHandler
                0x0800083c                UART4_IRQHandler
                0x0800083c                TIM3_IRQHandler
                0x0800083c                TIM8_BRK_TIM12_IRQHandler
                0x0800083c                Default_Handler
                0x0800083c                EXTI15_10_IRQHandler
                0x0800083c                ADC_IRQHandler
                0x0800083c                DMA1_Stream7_IRQHandler
                0x0800083c                SPI5_IRQHandler
                0x0800083c                TIM7_IRQHandler
                0x0800083c                CAN2_TX_IRQHandler
                0x0800083c                TIM5_IRQHandler
                0x0800083c                DMA2_Stream7_IRQHandler
                0x0800083c                I2C3_EV_IRQHandler
                0x0800083c                EXTI9_5_IRQHandler
                0x0800083c                RTC_WKUP_IRQHandler
                0x0800083c                ETH_WKUP_IRQHandler
                0x0800083c                SPI2_IRQHandler
                0x0800083c                OTG_HS_EP1_IN_IRQHandler
                0x0800083c                DMA1_Stream0_IRQHandler
                0x0800083c                CAN1_TX_IRQHandler
                0x0800083c                EXTI4_IRQHandler
                0x0800083c                ETH_IRQHandler
                0x0800083c                OTG_HS_EP1_OUT_IRQHandler
                0x0800083c                WWDG_IRQHandler
                0x0800083c                SPI6_IRQHandler
                0x0800083c                TIM2_IRQHandler
                0x0800083c                OTG_FS_WKUP_IRQHandler
                0x0800083c                TIM1_TRG_COM_TIM11_IRQHandler
                0x0800083c                OTG_HS_IRQHandler
                0x0800083c                DMA2D_IRQHandler
                0x0800083c                EXTI1_IRQHandler
                0x0800083c                UART7_IRQHandler
                0x0800083c                USART2_IRQHandler
                0x0800083c                I2C2_ER_IRQHandler
                0x0800083c                DMA2_Stream1_IRQHandler
                0x0800083c                CAN1_SCE_IRQHandler
                0x0800083c                FLASH_IRQHandler
                0x0800083c                DMA2_Stream4_IRQHandler
                0x0800083c                USART1_IRQHandler
                0x0800083c                OTG_FS_IRQHandler
                0x0800083c                SPI3_IRQHandler
                0x0800083c                DMA1_Stream4_IRQHandler
                0x0800083c                I2C1_ER_IRQHandler
                0x0800083c                FMC_IRQHandler
                0x0800083c                DMA2_Stream6_IRQHandler
                0x0800083c                SAI1_IRQHandler
                0x0800083c                DMA1_Stream3_IRQHandler
 *fill*         0x0800083e        0x2 
 .text.HAL_InitTick
                0x08000840       0x4c CMakeFiles/CAN_MotorControl.elf.dir/Drivers/STM32F4xx_HAL_Driver/Src/stm32f4xx_hal.c.obj
                0x08000840                HAL_InitTick
 .text.HAL_Init
                0x0800088c       0x34 CMakeFiles/CAN_MotorControl.elf.dir/Drivers/STM32F4xx_HAL_Driver/Src/stm32f4xx_hal.c.obj
                0x0800088c                HAL_Init
 .text.HAL_IncTick
                0x080008c0       0x18 CMakeFiles/CAN_MotorControl.elf.dir/Drivers/STM32F4xx_HAL_Driver/Src/stm32f4xx_hal.c.obj
                0x080008c0                HAL_IncTick
 .text.HAL_GetTick
                0x080008d8        0xc CMakeFiles/CAN_MotorControl.elf.dir/Drivers/STM32F4xx_HAL_Driver/Src/stm32f4xx_hal.c.obj
                0x080008d8                HAL_GetTick
 .text.HAL_CAN_Init
                0x080008e4      0x14c CMakeFiles/CAN_MotorControl.elf.dir/Drivers/STM32F4xx_HAL_Driver/Src/stm32f4xx_hal_can.c.obj
                0x080008e4                HAL_CAN_Init
 .text.HAL_CAN_ConfigFilter
                0x08000a30      0x13c CMakeFiles/CAN_MotorControl.elf.dir/Drivers/STM32F4xx_HAL_Driver/Src/stm32f4xx_hal_can.c.obj
                0x08000a30                HAL_CAN_ConfigFilter
 .text.HAL_CAN_Start
                0x08000b6c       0x5c CMakeFiles/CAN_MotorControl.elf.dir/Drivers/STM32F4xx_HAL_Driver/Src/stm32f4xx_hal_can.c.obj
                0x08000b6c                HAL_CAN_Start
 .text.HAL_CAN_AddTxMessage
                0x08000bc8       0xea CMakeFiles/CAN_MotorControl.elf.dir/Drivers/STM32F4xx_HAL_Driver/Src/stm32f4xx_hal_can.c.obj
                0x08000bc8                HAL_CAN_AddTxMessage
 .text.HAL_CAN_GetRxMessage
                0x08000cb2      0x16a CMakeFiles/CAN_MotorControl.elf.dir/Drivers/STM32F4xx_HAL_Driver/Src/stm32f4xx_hal_can.c.obj
                0x08000cb2                HAL_CAN_GetRxMessage
 .text.HAL_CAN_ActivateNotification
                0x08000e1c       0x24 CMakeFiles/CAN_MotorControl.elf.dir/Drivers/STM32F4xx_HAL_Driver/Src/stm32f4xx_hal_can.c.obj
                0x08000e1c                HAL_CAN_ActivateNotification
 .text.HAL_CAN_TxMailbox0CompleteCallback
                0x08000e40        0x2 CMakeFiles/CAN_MotorControl.elf.dir/Drivers/STM32F4xx_HAL_Driver/Src/stm32f4xx_hal_can.c.obj
                0x08000e40                HAL_CAN_TxMailbox0CompleteCallback
 .text.HAL_CAN_TxMailbox1CompleteCallback
                0x08000e42        0x2 CMakeFiles/CAN_MotorControl.elf.dir/Drivers/STM32F4xx_HAL_Driver/Src/stm32f4xx_hal_can.c.obj
                0x08000e42                HAL_CAN_TxMailbox1CompleteCallback
 .text.HAL_CAN_TxMailbox2CompleteCallback
                0x08000e44        0x2 CMakeFiles/CAN_MotorControl.elf.dir/Drivers/STM32F4xx_HAL_Driver/Src/stm32f4xx_hal_can.c.obj
                0x08000e44                HAL_CAN_TxMailbox2CompleteCallback
 .text.HAL_CAN_TxMailbox0AbortCallback
                0x08000e46        0x2 CMakeFiles/CAN_MotorControl.elf.dir/Drivers/STM32F4xx_HAL_Driver/Src/stm32f4xx_hal_can.c.obj
                0x08000e46                HAL_CAN_TxMailbox0AbortCallback
 .text.HAL_CAN_TxMailbox1AbortCallback
                0x08000e48        0x2 CMakeFiles/CAN_MotorControl.elf.dir/Drivers/STM32F4xx_HAL_Driver/Src/stm32f4xx_hal_can.c.obj
                0x08000e48                HAL_CAN_TxMailbox1AbortCallback
 .text.HAL_CAN_TxMailbox2AbortCallback
                0x08000e4a        0x2 CMakeFiles/CAN_MotorControl.elf.dir/Drivers/STM32F4xx_HAL_Driver/Src/stm32f4xx_hal_can.c.obj
                0x08000e4a                HAL_CAN_TxMailbox2AbortCallback
 .text.HAL_CAN_RxFifo0FullCallback
                0x08000e4c        0x2 CMakeFiles/CAN_MotorControl.elf.dir/Drivers/STM32F4xx_HAL_Driver/Src/stm32f4xx_hal_can.c.obj
                0x08000e4c                HAL_CAN_RxFifo0FullCallback
 .text.HAL_CAN_RxFifo1MsgPendingCallback
                0x08000e4e        0x2 CMakeFiles/CAN_MotorControl.elf.dir/Drivers/STM32F4xx_HAL_Driver/Src/stm32f4xx_hal_can.c.obj
                0x08000e4e                HAL_CAN_RxFifo1MsgPendingCallback
 .text.HAL_CAN_RxFifo1FullCallback
                0x08000e50        0x2 CMakeFiles/CAN_MotorControl.elf.dir/Drivers/STM32F4xx_HAL_Driver/Src/stm32f4xx_hal_can.c.obj
                0x08000e50                HAL_CAN_RxFifo1FullCallback
 .text.HAL_CAN_SleepCallback
                0x08000e52        0x2 CMakeFiles/CAN_MotorControl.elf.dir/Drivers/STM32F4xx_HAL_Driver/Src/stm32f4xx_hal_can.c.obj
                0x08000e52                HAL_CAN_SleepCallback
 .text.HAL_CAN_WakeUpFromRxMsgCallback
                0x08000e54        0x2 CMakeFiles/CAN_MotorControl.elf.dir/Drivers/STM32F4xx_HAL_Driver/Src/stm32f4xx_hal_can.c.obj
                0x08000e54                HAL_CAN_WakeUpFromRxMsgCallback
 .text.HAL_CAN_ErrorCallback
                0x08000e56        0x2 CMakeFiles/CAN_MotorControl.elf.dir/Drivers/STM32F4xx_HAL_Driver/Src/stm32f4xx_hal_can.c.obj
                0x08000e56                HAL_CAN_ErrorCallback
 .text.HAL_CAN_IRQHandler
                0x08000e58      0x24a CMakeFiles/CAN_MotorControl.elf.dir/Drivers/STM32F4xx_HAL_Driver/Src/stm32f4xx_hal_can.c.obj
                0x08000e58                HAL_CAN_IRQHandler
 *fill*         0x080010a2        0x2 
 .text.__NVIC_EnableIRQ
                0x080010a4       0x1c CMakeFiles/CAN_MotorControl.elf.dir/Drivers/STM32F4xx_HAL_Driver/Src/stm32f4xx_hal_cortex.c.obj
 .text.__NVIC_SetPriority
                0x080010c0       0x28 CMakeFiles/CAN_MotorControl.elf.dir/Drivers/STM32F4xx_HAL_Driver/Src/stm32f4xx_hal_cortex.c.obj
 .text.NVIC_EncodePriority
                0x080010e8       0x3e CMakeFiles/CAN_MotorControl.elf.dir/Drivers/STM32F4xx_HAL_Driver/Src/stm32f4xx_hal_cortex.c.obj
 *fill*         0x08001126        0x2 
 .text.HAL_NVIC_SetPriorityGrouping
                0x08001128       0x24 CMakeFiles/CAN_MotorControl.elf.dir/Drivers/STM32F4xx_HAL_Driver/Src/stm32f4xx_hal_cortex.c.obj
                0x08001128                HAL_NVIC_SetPriorityGrouping
 .text.HAL_NVIC_SetPriority
                0x0800114c       0x20 CMakeFiles/CAN_MotorControl.elf.dir/Drivers/STM32F4xx_HAL_Driver/Src/stm32f4xx_hal_cortex.c.obj
                0x0800114c                HAL_NVIC_SetPriority
 .text.HAL_NVIC_EnableIRQ
                0x0800116c        0x8 CMakeFiles/CAN_MotorControl.elf.dir/Drivers/STM32F4xx_HAL_Driver/Src/stm32f4xx_hal_cortex.c.obj
                0x0800116c                HAL_NVIC_EnableIRQ
 .text.HAL_SYSTICK_Config
                0x08001174       0x28 CMakeFiles/CAN_MotorControl.elf.dir/Drivers/STM32F4xx_HAL_Driver/Src/stm32f4xx_hal_cortex.c.obj
                0x08001174                HAL_SYSTICK_Config
 .text.HAL_GPIO_Init
                0x0800119c      0x20c CMakeFiles/CAN_MotorControl.elf.dir/Drivers/STM32F4xx_HAL_Driver/Src/stm32f4xx_hal_gpio.c.obj
                0x0800119c                HAL_GPIO_Init
 .text.HAL_PWREx_EnableOverDrive
                0x080013a8       0x7c CMakeFiles/CAN_MotorControl.elf.dir/Drivers/STM32F4xx_HAL_Driver/Src/stm32f4xx_hal_pwr_ex.c.obj
                0x080013a8                HAL_PWREx_EnableOverDrive
 .text.HAL_RCC_OscConfig
                0x08001424      0x3f8 CMakeFiles/CAN_MotorControl.elf.dir/Drivers/STM32F4xx_HAL_Driver/Src/stm32f4xx_hal_rcc.c.obj
                0x08001424                HAL_RCC_OscConfig
 .text.HAL_RCC_GetSysClockFreq
                0x0800181c       0xa8 CMakeFiles/CAN_MotorControl.elf.dir/Drivers/STM32F4xx_HAL_Driver/Src/stm32f4xx_hal_rcc.c.obj
                0x0800181c                HAL_RCC_GetSysClockFreq
 .text.HAL_RCC_ClockConfig
                0x080018c4      0x160 CMakeFiles/CAN_MotorControl.elf.dir/Drivers/STM32F4xx_HAL_Driver/Src/stm32f4xx_hal_rcc.c.obj
                0x080018c4                HAL_RCC_ClockConfig
 .text.memset   0x08001a24       0x10 D:/app/STM32CubeCLT_1.16.0/GNU-tools-for-STM32/bin/../lib/gcc/arm-none-eabi/12.3.1/../../../../arm-none-eabi/lib/thumb/v7e-m/nofp\libg.a(libc_a-memset.o)
                0x08001a24                memset
 .text.__libc_init_array
                0x08001a34       0x48 D:/app/STM32CubeCLT_1.16.0/GNU-tools-for-STM32/bin/../lib/gcc/arm-none-eabi/12.3.1/../../../../arm-none-eabi/lib/thumb/v7e-m/nofp\libg.a(libc_a-init.o)
                0x08001a34                __libc_init_array
 .text.__retarget_lock_acquire_recursive
                0x08001a7c        0x2 D:/app/STM32CubeCLT_1.16.0/GNU-tools-for-STM32/bin/../lib/gcc/arm-none-eabi/12.3.1/../../../../arm-none-eabi/lib/thumb/v7e-m/nofp\libg.a(libc_a-lock.o)
                0x08001a7c                __retarget_lock_acquire_recursive
 .text.__retarget_lock_release_recursive
                0x08001a7e        0x2 D:/app/STM32CubeCLT_1.16.0/GNU-tools-for-STM32/bin/../lib/gcc/arm-none-eabi/12.3.1/../../../../arm-none-eabi/lib/thumb/v7e-m/nofp\libg.a(libc_a-lock.o)
                0x08001a7e                __retarget_lock_release_recursive
 .text.startup.register_fini
                0x08001a80       0x14 D:/app/STM32CubeCLT_1.16.0/GNU-tools-for-STM32/bin/../lib/gcc/arm-none-eabi/12.3.1/../../../../arm-none-eabi/lib/thumb/v7e-m/nofp\libg.a(libc_a-__call_atexit.o)
 .text.atexit   0x08001a94        0xc D:/app/STM32CubeCLT_1.16.0/GNU-tools-for-STM32/bin/../lib/gcc/arm-none-eabi/12.3.1/../../../../arm-none-eabi/lib/thumb/v7e-m/nofp\libg.a(libc_a-atexit.o)
                0x08001a94                atexit
 .text.__libc_fini_array
                0x08001aa0       0x28 D:/app/STM32CubeCLT_1.16.0/GNU-tools-for-STM32/bin/../lib/gcc/arm-none-eabi/12.3.1/../../../../arm-none-eabi/lib/thumb/v7e-m/nofp\libg.a(libc_a-fini.o)
                0x08001aa0                __libc_fini_array
 .text.__register_exitproc
                0x08001ac8       0x80 D:/app/STM32CubeCLT_1.16.0/GNU-tools-for-STM32/bin/../lib/gcc/arm-none-eabi/12.3.1/../../../../arm-none-eabi/lib/thumb/v7e-m/nofp\libg.a(libc_a-__atexit.o)
                0x08001ac8                __register_exitproc
 *(.glue_7)
 .glue_7        0x08001b48        0x0 linker stubs
 *(.glue_7t)
 .glue_7t       0x08001b48        0x0 linker stubs
 *(.eh_frame)
 .eh_frame      0x08001b48        0x0 D:/app/STM32CubeCLT_1.16.0/GNU-tools-for-STM32/bin/../lib/gcc/arm-none-eabi/12.3.1/thumb/v7e-m/nofp/crtbegin.o
 *(.init)
 .init          0x08001b48        0x4 D:/app/STM32CubeCLT_1.16.0/GNU-tools-for-STM32/bin/../lib/gcc/arm-none-eabi/12.3.1/thumb/v7e-m/nofp/crti.o
                0x08001b48                _init
 .init          0x08001b4c        0x8 D:/app/STM32CubeCLT_1.16.0/GNU-tools-for-STM32/bin/../lib/gcc/arm-none-eabi/12.3.1/thumb/v7e-m/nofp/crtn.o
 *(.fini)
 .fini          0x08001b54        0x4 D:/app/STM32CubeCLT_1.16.0/GNU-tools-for-STM32/bin/../lib/gcc/arm-none-eabi/12.3.1/thumb/v7e-m/nofp/crti.o
                0x08001b54                _fini
 .fini          0x08001b58        0x8 D:/app/STM32CubeCLT_1.16.0/GNU-tools-for-STM32/bin/../lib/gcc/arm-none-eabi/12.3.1/thumb/v7e-m/nofp/crtn.o
                0x08001b60                        . = ALIGN (0x4)
                0x08001b60                        _etext = .

.vfp11_veneer   0x08001b60        0x0
 .vfp11_veneer  0x08001b60        0x0 linker stubs

.v4_bx          0x08001b60        0x0
 .v4_bx         0x08001b60        0x0 linker stubs

.iplt           0x08001b60        0x0
 .iplt          0x08001b60        0x0 D:/app/STM32CubeCLT_1.16.0/GNU-tools-for-STM32/bin/../lib/gcc/arm-none-eabi/12.3.1/thumb/v7e-m/nofp/crtbegin.o

.rodata         0x08001b60       0x38
                0x08001b60                        . = ALIGN (0x4)
 *(.rodata)
 .rodata        0x08001b60       0x28 CMakeFiles/CAN_MotorControl.elf.dir/Core/Src/main.c.obj
 *(.rodata*)
 .rodata.AHBPrescTable
                0x08001b88       0x10 CMakeFiles/CAN_MotorControl.elf.dir/Core/Src/system_stm32f4xx.c.obj
                0x08001b88                AHBPrescTable
                0x08001b98                        . = ALIGN (0x4)

.ARM.extab      0x08001b98        0x0
                0x08001b98                        . = ALIGN (0x4)
 *(.ARM.extab* .gnu.linkonce.armextab.*)
                0x08001b98                        . = ALIGN (0x4)

.ARM            0x08001b98        0x8
                0x08001b98                        . = ALIGN (0x4)
                0x08001b98                        __exidx_start = .
 *(.ARM.exidx*)
 .ARM.exidx     0x08001b98        0x8 D:/app/STM32CubeCLT_1.16.0/GNU-tools-for-STM32/bin/../lib/gcc/arm-none-eabi/12.3.1/thumb/v7e-m/nofp\libgcc.a(_udivmoddi4.o)
                0x08001ba0                        __exidx_end = .
                0x08001ba0                        . = ALIGN (0x4)

.preinit_array  0x08001ba0        0x0
                0x08001ba0                        . = ALIGN (0x4)
                0x08001ba0                        PROVIDE (__preinit_array_start = .)
 *(.preinit_array*)
                0x08001ba0                        PROVIDE (__preinit_array_end = .)
                0x08001ba0                        . = ALIGN (0x4)

.init_array     0x08001ba0        0x8
                0x08001ba0                        . = ALIGN (0x4)
                0x08001ba0                        PROVIDE (__init_array_start = .)
 *(SORT_BY_NAME(.init_array.*))
 .init_array.00000
                0x08001ba0        0x4 D:/app/STM32CubeCLT_1.16.0/GNU-tools-for-STM32/bin/../lib/gcc/arm-none-eabi/12.3.1/../../../../arm-none-eabi/lib/thumb/v7e-m/nofp\libg.a(libc_a-__call_atexit.o)
 *(.init_array*)
 .init_array    0x08001ba4        0x4 D:/app/STM32CubeCLT_1.16.0/GNU-tools-for-STM32/bin/../lib/gcc/arm-none-eabi/12.3.1/thumb/v7e-m/nofp/crtbegin.o
                0x08001ba8                        PROVIDE (__init_array_end = .)
                0x08001ba8                        . = ALIGN (0x4)

.fini_array     0x08001ba8        0x4
                0x08001ba8                        . = ALIGN (0x4)
                0x08001ba8                        PROVIDE (__fini_array_start = .)
 *(SORT_BY_NAME(.fini_array.*))
 *(.fini_array*)
 .fini_array    0x08001ba8        0x4 D:/app/STM32CubeCLT_1.16.0/GNU-tools-for-STM32/bin/../lib/gcc/arm-none-eabi/12.3.1/thumb/v7e-m/nofp/crtbegin.o
                0x08001bac                        PROVIDE (__fini_array_end = .)
                0x08001bac                        . = ALIGN (0x4)
                0x08001bac                        _sidata = LOADADDR (.data)

.rel.dyn        0x08001bac        0x0
 .rel.iplt      0x08001bac        0x0 D:/app/STM32CubeCLT_1.16.0/GNU-tools-for-STM32/bin/../lib/gcc/arm-none-eabi/12.3.1/thumb/v7e-m/nofp/crtbegin.o

.data           0x20000000       0x4c load address 0x08001bac
                0x20000000                        . = ALIGN (0x4)
                0x20000000                        _sdata = .
 *(.data)
 *(.data*)
 .data.current  0x20000000        0x4 CMakeFiles/CAN_MotorControl.elf.dir/Core/Src/callpack.c.obj
                0x20000000                current
 .data.Speed_tar
                0x20000004        0x4 CMakeFiles/CAN_MotorControl.elf.dir/Core/Src/callpack.c.obj
                0x20000004                Speed_tar
 .data.txHeader
                0x20000008       0x18 CMakeFiles/CAN_MotorControl.elf.dir/Core/Src/callpack.c.obj
                0x20000008                txHeader
 .data.rxHeader
                0x20000020       0x1c CMakeFiles/CAN_MotorControl.elf.dir/Core/Src/callpack.c.obj
                0x20000020                rxHeader
 .data.SystemCoreClock
                0x2000003c        0x4 CMakeFiles/CAN_MotorControl.elf.dir/Core/Src/system_stm32f4xx.c.obj
                0x2000003c                SystemCoreClock
 .data.uwTickFreq
                0x20000040        0x1 CMakeFiles/CAN_MotorControl.elf.dir/Drivers/STM32F4xx_HAL_Driver/Src/stm32f4xx_hal.c.obj
                0x20000040                uwTickFreq
 *fill*         0x20000041        0x3 
 .data.uwTickPrio
                0x20000044        0x4 CMakeFiles/CAN_MotorControl.elf.dir/Drivers/STM32F4xx_HAL_Driver/Src/stm32f4xx_hal.c.obj
                0x20000044                uwTickPrio
 .data.__atexit_recursive_mutex
                0x20000048        0x4 D:/app/STM32CubeCLT_1.16.0/GNU-tools-for-STM32/bin/../lib/gcc/arm-none-eabi/12.3.1/../../../../arm-none-eabi/lib/thumb/v7e-m/nofp\libg.a(libc_a-__call_atexit.o)
                0x20000048                __atexit_recursive_mutex
 *(.RamFunc)
 *(.RamFunc*)
                0x2000004c                        . = ALIGN (0x4)
                0x2000004c                        _edata = .
                0x08001bf8                        _siccmram = LOADADDR (.ccmram)

.igot.plt       0x2000004c        0x0 load address 0x08001bf8
 .igot.plt      0x2000004c        0x0 D:/app/STM32CubeCLT_1.16.0/GNU-tools-for-STM32/bin/../lib/gcc/arm-none-eabi/12.3.1/thumb/v7e-m/nofp/crtbegin.o

.ccmram         0x10000000        0x0 load address 0x08001bf8
                0x10000000                        . = ALIGN (0x4)
                0x10000000                        _sccmram = .
 *(.ccmram)
 *(.ccmram*)
                0x10000000                        . = ALIGN (0x4)
                0x10000000                        _eccmram = .
                0x10000000                        . = ALIGN (0x4)

.bss            0x2000004c      0x1f8
                0x2000004c                        _sbss = .
                0x2000004c                        __bss_start__ = _sbss
 *(.bss)
 .bss           0x2000004c       0x1c D:/app/STM32CubeCLT_1.16.0/GNU-tools-for-STM32/bin/../lib/gcc/arm-none-eabi/12.3.1/thumb/v7e-m/nofp/crtbegin.o
 *(.bss*)
 .bss.Speed     0x20000068        0x4 CMakeFiles/CAN_MotorControl.elf.dir/Core/Src/callpack.c.obj
                0x20000068                Speed
 .bss.TxMAilBox
                0x2000006c        0x4 CMakeFiles/CAN_MotorControl.elf.dir/Core/Src/callpack.c.obj
                0x2000006c                TxMAilBox
 .bss.txData    0x20000070        0x8 CMakeFiles/CAN_MotorControl.elf.dir/Core/Src/callpack.c.obj
                0x20000070                txData
 .bss.rxData    0x20000078        0x8 CMakeFiles/CAN_MotorControl.elf.dir/Core/Src/callpack.c.obj
                0x20000078                rxData
 .bss.hcan1     0x20000080       0x28 CMakeFiles/CAN_MotorControl.elf.dir/Core/Src/can.c.obj
                0x20000080                hcan1
 .bss.uwTick    0x200000a8        0x4 CMakeFiles/CAN_MotorControl.elf.dir/Drivers/STM32F4xx_HAL_Driver/Src/stm32f4xx_hal.c.obj
                0x200000a8                uwTick
 .bss.__lock___atexit_recursive_mutex
                0x200000ac        0x1 D:/app/STM32CubeCLT_1.16.0/GNU-tools-for-STM32/bin/../lib/gcc/arm-none-eabi/12.3.1/../../../../arm-none-eabi/lib/thumb/v7e-m/nofp\libg.a(libc_a-lock.o)
                0x200000ac                __lock___atexit_recursive_mutex
 *fill*         0x200000ad        0x3 
 .bss.__atexit  0x200000b0        0x4 D:/app/STM32CubeCLT_1.16.0/GNU-tools-for-STM32/bin/../lib/gcc/arm-none-eabi/12.3.1/../../../../arm-none-eabi/lib/thumb/v7e-m/nofp\libg.a(libc_a-__call_atexit.o)
                0x200000b0                __atexit
 .bss.__atexit0
                0x200000b4      0x190 D:/app/STM32CubeCLT_1.16.0/GNU-tools-for-STM32/bin/../lib/gcc/arm-none-eabi/12.3.1/../../../../arm-none-eabi/lib/thumb/v7e-m/nofp\libg.a(libc_a-__atexit.o)
                0x200000b4                __atexit0
 *(COMMON)
                0x20000244                        . = ALIGN (0x4)
                0x20000244                        _ebss = .
                0x20000244                        __bss_end__ = _ebss

._user_heap_stack
                0x20000244      0x604
                0x20000248                        . = ALIGN (0x8)
 *fill*         0x20000244        0x4 
                [!provide]                        PROVIDE (end = .)
                0x20000248                        PROVIDE (_end = .)
                0x20000448                        . = (. + _Min_Heap_Size)
 *fill*         0x20000248      0x200 
                0x20000848                        . = (. + _Min_Stack_Size)
 *fill*         0x20000448      0x400 
                0x20000848                        . = ALIGN (0x8)

/DISCARD/
 libc.a(*)
 libm.a(*)
 libgcc.a(*)

.ARM.attributes
                0x00000000       0x2a
 *(.ARM.attributes)
 .ARM.attributes
                0x00000000       0x1e D:/app/STM32CubeCLT_1.16.0/GNU-tools-for-STM32/bin/../lib/gcc/arm-none-eabi/12.3.1/thumb/v7e-m/nofp/crti.o
 .ARM.attributes
                0x0000001e       0x2e D:/app/STM32CubeCLT_1.16.0/GNU-tools-for-STM32/bin/../lib/gcc/arm-none-eabi/12.3.1/thumb/v7e-m/nofp/crtbegin.o
 .ARM.attributes
                0x0000004c       0x2e CMakeFiles/CAN_MotorControl.elf.dir/Core/Src/callpack.c.obj
 .ARM.attributes
                0x0000007a       0x2e CMakeFiles/CAN_MotorControl.elf.dir/Core/Src/can.c.obj
 .ARM.attributes
                0x000000a8       0x2e CMakeFiles/CAN_MotorControl.elf.dir/Core/Src/gpio.c.obj
 .ARM.attributes
                0x000000d6       0x2e CMakeFiles/CAN_MotorControl.elf.dir/Core/Src/main.c.obj
 .ARM.attributes
                0x00000104       0x2e CMakeFiles/CAN_MotorControl.elf.dir/Core/Src/stm32f4xx_hal_msp.c.obj
 .ARM.attributes
                0x00000132       0x2e CMakeFiles/CAN_MotorControl.elf.dir/Core/Src/stm32f4xx_it.c.obj
 .ARM.attributes
                0x00000160       0x2e CMakeFiles/CAN_MotorControl.elf.dir/Core/Src/system_stm32f4xx.c.obj
 .ARM.attributes
                0x0000018e       0x21 CMakeFiles/CAN_MotorControl.elf.dir/Core/Startup/startup_stm32f427iihx.s.obj
 .ARM.attributes
                0x000001af       0x2e CMakeFiles/CAN_MotorControl.elf.dir/Drivers/STM32F4xx_HAL_Driver/Src/stm32f4xx_hal.c.obj
 .ARM.attributes
                0x000001dd       0x2e CMakeFiles/CAN_MotorControl.elf.dir/Drivers/STM32F4xx_HAL_Driver/Src/stm32f4xx_hal_can.c.obj
 .ARM.attributes
                0x0000020b       0x2e CMakeFiles/CAN_MotorControl.elf.dir/Drivers/STM32F4xx_HAL_Driver/Src/stm32f4xx_hal_cortex.c.obj
 .ARM.attributes
                0x00000239       0x2e CMakeFiles/CAN_MotorControl.elf.dir/Drivers/STM32F4xx_HAL_Driver/Src/stm32f4xx_hal_gpio.c.obj
 .ARM.attributes
                0x00000267       0x2e CMakeFiles/CAN_MotorControl.elf.dir/Drivers/STM32F4xx_HAL_Driver/Src/stm32f4xx_hal_pwr_ex.c.obj
 .ARM.attributes
                0x00000295       0x2e CMakeFiles/CAN_MotorControl.elf.dir/Drivers/STM32F4xx_HAL_Driver/Src/stm32f4xx_hal_rcc.c.obj
 .ARM.attributes
                0x000002c3       0x1e D:/app/STM32CubeCLT_1.16.0/GNU-tools-for-STM32/bin/../lib/gcc/arm-none-eabi/12.3.1/thumb/v7e-m/nofp\libgcc.a(_aeabi_uldivmod.o)
 .ARM.attributes
                0x000002e1       0x2e D:/app/STM32CubeCLT_1.16.0/GNU-tools-for-STM32/bin/../lib/gcc/arm-none-eabi/12.3.1/thumb/v7e-m/nofp\libgcc.a(_udivmoddi4.o)
 .ARM.attributes
                0x0000030f       0x1e D:/app/STM32CubeCLT_1.16.0/GNU-tools-for-STM32/bin/../lib/gcc/arm-none-eabi/12.3.1/thumb/v7e-m/nofp\libgcc.a(_dvmd_tls.o)
 .ARM.attributes
                0x0000032d       0x2e D:/app/STM32CubeCLT_1.16.0/GNU-tools-for-STM32/bin/../lib/gcc/arm-none-eabi/12.3.1/../../../../arm-none-eabi/lib/thumb/v7e-m/nofp\libg.a(libc_a-memset.o)
 .ARM.attributes
                0x0000035b       0x2e D:/app/STM32CubeCLT_1.16.0/GNU-tools-for-STM32/bin/../lib/gcc/arm-none-eabi/12.3.1/../../../../arm-none-eabi/lib/thumb/v7e-m/nofp\libg.a(libc_a-init.o)
 .ARM.attributes
                0x00000389       0x2e D:/app/STM32CubeCLT_1.16.0/GNU-tools-for-STM32/bin/../lib/gcc/arm-none-eabi/12.3.1/../../../../arm-none-eabi/lib/thumb/v7e-m/nofp\libg.a(libc_a-lock.o)
 .ARM.attributes
                0x000003b7       0x2e D:/app/STM32CubeCLT_1.16.0/GNU-tools-for-STM32/bin/../lib/gcc/arm-none-eabi/12.3.1/../../../../arm-none-eabi/lib/thumb/v7e-m/nofp\libg.a(libc_a-__call_atexit.o)
 .ARM.attributes
                0x000003e5       0x2e D:/app/STM32CubeCLT_1.16.0/GNU-tools-for-STM32/bin/../lib/gcc/arm-none-eabi/12.3.1/../../../../arm-none-eabi/lib/thumb/v7e-m/nofp\libg.a(libc_a-atexit.o)
 .ARM.attributes
                0x00000413       0x2e D:/app/STM32CubeCLT_1.16.0/GNU-tools-for-STM32/bin/../lib/gcc/arm-none-eabi/12.3.1/../../../../arm-none-eabi/lib/thumb/v7e-m/nofp\libg.a(libc_a-fini.o)
 .ARM.attributes
                0x00000441       0x2e D:/app/STM32CubeCLT_1.16.0/GNU-tools-for-STM32/bin/../lib/gcc/arm-none-eabi/12.3.1/../../../../arm-none-eabi/lib/thumb/v7e-m/nofp\libg.a(libc_a-__atexit.o)
 .ARM.attributes
                0x0000046f       0x1e D:/app/STM32CubeCLT_1.16.0/GNU-tools-for-STM32/bin/../lib/gcc/arm-none-eabi/12.3.1/thumb/v7e-m/nofp/crtn.o
OUTPUT(CAN_MotorControl.elf elf32-littlearm)
LOAD linker stubs
LOAD D:/app/STM32CubeCLT_1.16.0/GNU-tools-for-STM32/bin/../lib/gcc/arm-none-eabi/12.3.1/../../../../arm-none-eabi/lib/thumb/v7e-m/nofp\libc.a
LOAD D:/app/STM32CubeCLT_1.16.0/GNU-tools-for-STM32/bin/../lib/gcc/arm-none-eabi/12.3.1/../../../../arm-none-eabi/lib/thumb/v7e-m/nofp\libm.a
LOAD D:/app/STM32CubeCLT_1.16.0/GNU-tools-for-STM32/bin/../lib/gcc/arm-none-eabi/12.3.1/thumb/v7e-m/nofp\libgcc.a

.debug_info     0x00000000     0x7ebd
 .debug_info    0x00000000      0x778 CMakeFiles/CAN_MotorControl.elf.dir/Core/Src/callpack.c.obj
 .debug_info    0x00000778      0xba0 CMakeFiles/CAN_MotorControl.elf.dir/Core/Src/can.c.obj
 .debug_info    0x00001318      0x298 CMakeFiles/CAN_MotorControl.elf.dir/Core/Src/gpio.c.obj
 .debug_info    0x000015b0      0xaa9 CMakeFiles/CAN_MotorControl.elf.dir/Core/Src/main.c.obj
 .debug_info    0x00002059      0x534 CMakeFiles/CAN_MotorControl.elf.dir/Core/Src/stm32f4xx_hal_msp.c.obj
 .debug_info    0x0000258d      0x528 CMakeFiles/CAN_MotorControl.elf.dir/Core/Src/stm32f4xx_it.c.obj
 .debug_info    0x00002ab5      0x34c CMakeFiles/CAN_MotorControl.elf.dir/Core/Src/system_stm32f4xx.c.obj
 .debug_info    0x00002e01       0x30 CMakeFiles/CAN_MotorControl.elf.dir/Core/Startup/startup_stm32f427iihx.s.obj
 .debug_info    0x00002e31      0xa4c CMakeFiles/CAN_MotorControl.elf.dir/Drivers/STM32F4xx_HAL_Driver/Src/stm32f4xx_hal.c.obj
 .debug_info    0x0000387d     0x11f0 CMakeFiles/CAN_MotorControl.elf.dir/Drivers/STM32F4xx_HAL_Driver/Src/stm32f4xx_hal_can.c.obj
 .debug_info    0x00004a6d      0xfe5 CMakeFiles/CAN_MotorControl.elf.dir/Drivers/STM32F4xx_HAL_Driver/Src/stm32f4xx_hal_cortex.c.obj
 .debug_info    0x00005a52      0x71c CMakeFiles/CAN_MotorControl.elf.dir/Drivers/STM32F4xx_HAL_Driver/Src/stm32f4xx_hal_gpio.c.obj
 .debug_info    0x0000616e      0x78a CMakeFiles/CAN_MotorControl.elf.dir/Drivers/STM32F4xx_HAL_Driver/Src/stm32f4xx_hal_pwr_ex.c.obj
 .debug_info    0x000068f8      0xa85 CMakeFiles/CAN_MotorControl.elf.dir/Drivers/STM32F4xx_HAL_Driver/Src/stm32f4xx_hal_rcc.c.obj
 .debug_info    0x0000737d       0xe0 D:/app/STM32CubeCLT_1.16.0/GNU-tools-for-STM32/bin/../lib/gcc/arm-none-eabi/12.3.1/../../../../arm-none-eabi/lib/thumb/v7e-m/nofp\libg.a(libc_a-memset.o)
 .debug_info    0x0000745d      0x10b D:/app/STM32CubeCLT_1.16.0/GNU-tools-for-STM32/bin/../lib/gcc/arm-none-eabi/12.3.1/../../../../arm-none-eabi/lib/thumb/v7e-m/nofp\libg.a(libc_a-init.o)
 .debug_info    0x00007568      0x20a D:/app/STM32CubeCLT_1.16.0/GNU-tools-for-STM32/bin/../lib/gcc/arm-none-eabi/12.3.1/../../../../arm-none-eabi/lib/thumb/v7e-m/nofp\libg.a(libc_a-lock.o)
 .debug_info    0x00007772      0x2dd D:/app/STM32CubeCLT_1.16.0/GNU-tools-for-STM32/bin/../lib/gcc/arm-none-eabi/12.3.1/../../../../arm-none-eabi/lib/thumb/v7e-m/nofp\libg.a(libc_a-__call_atexit.o)
 .debug_info    0x00007a4f      0x118 D:/app/STM32CubeCLT_1.16.0/GNU-tools-for-STM32/bin/../lib/gcc/arm-none-eabi/12.3.1/../../../../arm-none-eabi/lib/thumb/v7e-m/nofp\libg.a(libc_a-atexit.o)
 .debug_info    0x00007b67       0xf7 D:/app/STM32CubeCLT_1.16.0/GNU-tools-for-STM32/bin/../lib/gcc/arm-none-eabi/12.3.1/../../../../arm-none-eabi/lib/thumb/v7e-m/nofp\libg.a(libc_a-fini.o)
 .debug_info    0x00007c5e      0x25f D:/app/STM32CubeCLT_1.16.0/GNU-tools-for-STM32/bin/../lib/gcc/arm-none-eabi/12.3.1/../../../../arm-none-eabi/lib/thumb/v7e-m/nofp\libg.a(libc_a-__atexit.o)

.debug_abbrev   0x00000000     0x2214
 .debug_abbrev  0x00000000      0x21d CMakeFiles/CAN_MotorControl.elf.dir/Core/Src/callpack.c.obj
 .debug_abbrev  0x0000021d      0x23d CMakeFiles/CAN_MotorControl.elf.dir/Core/Src/can.c.obj
 .debug_abbrev  0x0000045a       0xd6 CMakeFiles/CAN_MotorControl.elf.dir/Core/Src/gpio.c.obj
 .debug_abbrev  0x00000530      0x23e CMakeFiles/CAN_MotorControl.elf.dir/Core/Src/main.c.obj
 .debug_abbrev  0x0000076e      0x12d CMakeFiles/CAN_MotorControl.elf.dir/Core/Src/stm32f4xx_hal_msp.c.obj
 .debug_abbrev  0x0000089b      0x19a CMakeFiles/CAN_MotorControl.elf.dir/Core/Src/stm32f4xx_it.c.obj
 .debug_abbrev  0x00000a35      0x120 CMakeFiles/CAN_MotorControl.elf.dir/Core/Src/system_stm32f4xx.c.obj
 .debug_abbrev  0x00000b55       0x24 CMakeFiles/CAN_MotorControl.elf.dir/Core/Startup/startup_stm32f427iihx.s.obj
 .debug_abbrev  0x00000b79      0x240 CMakeFiles/CAN_MotorControl.elf.dir/Drivers/STM32F4xx_HAL_Driver/Src/stm32f4xx_hal.c.obj
 .debug_abbrev  0x00000db9      0x27d CMakeFiles/CAN_MotorControl.elf.dir/Drivers/STM32F4xx_HAL_Driver/Src/stm32f4xx_hal_can.c.obj
 .debug_abbrev  0x00001036      0x391 CMakeFiles/CAN_MotorControl.elf.dir/Drivers/STM32F4xx_HAL_Driver/Src/stm32f4xx_hal_cortex.c.obj
 .debug_abbrev  0x000013c7      0x202 CMakeFiles/CAN_MotorControl.elf.dir/Drivers/STM32F4xx_HAL_Driver/Src/stm32f4xx_hal_gpio.c.obj
 .debug_abbrev  0x000015c9      0x1e6 CMakeFiles/CAN_MotorControl.elf.dir/Drivers/STM32F4xx_HAL_Driver/Src/stm32f4xx_hal_pwr_ex.c.obj
 .debug_abbrev  0x000017af      0x2c7 CMakeFiles/CAN_MotorControl.elf.dir/Drivers/STM32F4xx_HAL_Driver/Src/stm32f4xx_hal_rcc.c.obj
 .debug_abbrev  0x00001a76       0x9e D:/app/STM32CubeCLT_1.16.0/GNU-tools-for-STM32/bin/../lib/gcc/arm-none-eabi/12.3.1/../../../../arm-none-eabi/lib/thumb/v7e-m/nofp\libg.a(libc_a-memset.o)
 .debug_abbrev  0x00001b14       0xc9 D:/app/STM32CubeCLT_1.16.0/GNU-tools-for-STM32/bin/../lib/gcc/arm-none-eabi/12.3.1/../../../../arm-none-eabi/lib/thumb/v7e-m/nofp\libg.a(libc_a-init.o)
 .debug_abbrev  0x00001bdd      0x115 D:/app/STM32CubeCLT_1.16.0/GNU-tools-for-STM32/bin/../lib/gcc/arm-none-eabi/12.3.1/../../../../arm-none-eabi/lib/thumb/v7e-m/nofp\libg.a(libc_a-lock.o)
 .debug_abbrev  0x00001cf2      0x20c D:/app/STM32CubeCLT_1.16.0/GNU-tools-for-STM32/bin/../lib/gcc/arm-none-eabi/12.3.1/../../../../arm-none-eabi/lib/thumb/v7e-m/nofp\libg.a(libc_a-__call_atexit.o)
 .debug_abbrev  0x00001efe       0xc1 D:/app/STM32CubeCLT_1.16.0/GNU-tools-for-STM32/bin/../lib/gcc/arm-none-eabi/12.3.1/../../../../arm-none-eabi/lib/thumb/v7e-m/nofp\libg.a(libc_a-atexit.o)
 .debug_abbrev  0x00001fbf       0xcc D:/app/STM32CubeCLT_1.16.0/GNU-tools-for-STM32/bin/../lib/gcc/arm-none-eabi/12.3.1/../../../../arm-none-eabi/lib/thumb/v7e-m/nofp\libg.a(libc_a-fini.o)
 .debug_abbrev  0x0000208b      0x189 D:/app/STM32CubeCLT_1.16.0/GNU-tools-for-STM32/bin/../lib/gcc/arm-none-eabi/12.3.1/../../../../arm-none-eabi/lib/thumb/v7e-m/nofp\libg.a(libc_a-__atexit.o)

.debug_loclists
                0x00000000     0x199f
 .debug_loclists
                0x00000000       0x49 CMakeFiles/CAN_MotorControl.elf.dir/Core/Src/callpack.c.obj
 .debug_loclists
                0x00000049       0x5c CMakeFiles/CAN_MotorControl.elf.dir/Core/Src/can.c.obj
 .debug_loclists
                0x000000a5       0xdb CMakeFiles/CAN_MotorControl.elf.dir/Core/Src/system_stm32f4xx.c.obj
 .debug_loclists
                0x00000180       0xc9 CMakeFiles/CAN_MotorControl.elf.dir/Drivers/STM32F4xx_HAL_Driver/Src/stm32f4xx_hal.c.obj
 .debug_loclists
                0x00000249      0x85b CMakeFiles/CAN_MotorControl.elf.dir/Drivers/STM32F4xx_HAL_Driver/Src/stm32f4xx_hal_can.c.obj
 .debug_loclists
                0x00000aa4      0x439 CMakeFiles/CAN_MotorControl.elf.dir/Drivers/STM32F4xx_HAL_Driver/Src/stm32f4xx_hal_cortex.c.obj
 .debug_loclists
                0x00000edd      0x356 CMakeFiles/CAN_MotorControl.elf.dir/Drivers/STM32F4xx_HAL_Driver/Src/stm32f4xx_hal_gpio.c.obj
 .debug_loclists
                0x00001233      0x14e CMakeFiles/CAN_MotorControl.elf.dir/Drivers/STM32F4xx_HAL_Driver/Src/stm32f4xx_hal_pwr_ex.c.obj
 .debug_loclists
                0x00001381      0x3a9 CMakeFiles/CAN_MotorControl.elf.dir/Drivers/STM32F4xx_HAL_Driver/Src/stm32f4xx_hal_rcc.c.obj
 .debug_loclists
                0x0000172a       0x47 D:/app/STM32CubeCLT_1.16.0/GNU-tools-for-STM32/bin/../lib/gcc/arm-none-eabi/12.3.1/../../../../arm-none-eabi/lib/thumb/v7e-m/nofp\libg.a(libc_a-memset.o)
 .debug_loclists
                0x00001771       0x44 D:/app/STM32CubeCLT_1.16.0/GNU-tools-for-STM32/bin/../lib/gcc/arm-none-eabi/12.3.1/../../../../arm-none-eabi/lib/thumb/v7e-m/nofp\libg.a(libc_a-init.o)
 .debug_loclists
                0x000017b5       0x23 D:/app/STM32CubeCLT_1.16.0/GNU-tools-for-STM32/bin/../lib/gcc/arm-none-eabi/12.3.1/../../../../arm-none-eabi/lib/thumb/v7e-m/nofp\libg.a(libc_a-lock.o)
 .debug_loclists
                0x000017d8       0xd4 D:/app/STM32CubeCLT_1.16.0/GNU-tools-for-STM32/bin/../lib/gcc/arm-none-eabi/12.3.1/../../../../arm-none-eabi/lib/thumb/v7e-m/nofp\libg.a(libc_a-__call_atexit.o)
 .debug_loclists
                0x000018ac       0x2a D:/app/STM32CubeCLT_1.16.0/GNU-tools-for-STM32/bin/../lib/gcc/arm-none-eabi/12.3.1/../../../../arm-none-eabi/lib/thumb/v7e-m/nofp\libg.a(libc_a-atexit.o)
 .debug_loclists
                0x000018d6       0x3b D:/app/STM32CubeCLT_1.16.0/GNU-tools-for-STM32/bin/../lib/gcc/arm-none-eabi/12.3.1/../../../../arm-none-eabi/lib/thumb/v7e-m/nofp\libg.a(libc_a-fini.o)
 .debug_loclists
                0x00001911       0x8e D:/app/STM32CubeCLT_1.16.0/GNU-tools-for-STM32/bin/../lib/gcc/arm-none-eabi/12.3.1/../../../../arm-none-eabi/lib/thumb/v7e-m/nofp\libg.a(libc_a-__atexit.o)

.debug_aranges  0x00000000      0x728
 .debug_aranges
                0x00000000       0x28 CMakeFiles/CAN_MotorControl.elf.dir/Core/Src/callpack.c.obj
 .debug_aranges
                0x00000028       0x30 CMakeFiles/CAN_MotorControl.elf.dir/Core/Src/can.c.obj
 .debug_aranges
                0x00000058       0x20 CMakeFiles/CAN_MotorControl.elf.dir/Core/Src/gpio.c.obj
 .debug_aranges
                0x00000078       0x30 CMakeFiles/CAN_MotorControl.elf.dir/Core/Src/main.c.obj
 .debug_aranges
                0x000000a8       0x20 CMakeFiles/CAN_MotorControl.elf.dir/Core/Src/stm32f4xx_hal_msp.c.obj
 .debug_aranges
                0x000000c8       0x70 CMakeFiles/CAN_MotorControl.elf.dir/Core/Src/stm32f4xx_it.c.obj
 .debug_aranges
                0x00000138       0x28 CMakeFiles/CAN_MotorControl.elf.dir/Core/Src/system_stm32f4xx.c.obj
 .debug_aranges
                0x00000160       0x28 CMakeFiles/CAN_MotorControl.elf.dir/Core/Startup/startup_stm32f427iihx.s.obj
 .debug_aranges
                0x00000188      0x100 CMakeFiles/CAN_MotorControl.elf.dir/Drivers/STM32F4xx_HAL_Driver/Src/stm32f4xx_hal.c.obj
 .debug_aranges
                0x00000288      0x138 CMakeFiles/CAN_MotorControl.elf.dir/Drivers/STM32F4xx_HAL_Driver/Src/stm32f4xx_hal_can.c.obj
 .debug_aranges
                0x000003c0       0xf8 CMakeFiles/CAN_MotorControl.elf.dir/Drivers/STM32F4xx_HAL_Driver/Src/stm32f4xx_hal_cortex.c.obj
 .debug_aranges
                0x000004b8       0x58 CMakeFiles/CAN_MotorControl.elf.dir/Drivers/STM32F4xx_HAL_Driver/Src/stm32f4xx_hal_gpio.c.obj
 .debug_aranges
                0x00000510       0x60 CMakeFiles/CAN_MotorControl.elf.dir/Drivers/STM32F4xx_HAL_Driver/Src/stm32f4xx_hal_pwr_ex.c.obj
 .debug_aranges
                0x00000570       0x88 CMakeFiles/CAN_MotorControl.elf.dir/Drivers/STM32F4xx_HAL_Driver/Src/stm32f4xx_hal_rcc.c.obj
 .debug_aranges
                0x000005f8       0x20 D:/app/STM32CubeCLT_1.16.0/GNU-tools-for-STM32/bin/../lib/gcc/arm-none-eabi/12.3.1/../../../../arm-none-eabi/lib/thumb/v7e-m/nofp\libg.a(libc_a-memset.o)
 .debug_aranges
                0x00000618       0x20 D:/app/STM32CubeCLT_1.16.0/GNU-tools-for-STM32/bin/../lib/gcc/arm-none-eabi/12.3.1/../../../../arm-none-eabi/lib/thumb/v7e-m/nofp\libg.a(libc_a-init.o)
 .debug_aranges
                0x00000638       0x68 D:/app/STM32CubeCLT_1.16.0/GNU-tools-for-STM32/bin/../lib/gcc/arm-none-eabi/12.3.1/../../../../arm-none-eabi/lib/thumb/v7e-m/nofp\libg.a(libc_a-lock.o)
 .debug_aranges
                0x000006a0       0x28 D:/app/STM32CubeCLT_1.16.0/GNU-tools-for-STM32/bin/../lib/gcc/arm-none-eabi/12.3.1/../../../../arm-none-eabi/lib/thumb/v7e-m/nofp\libg.a(libc_a-__call_atexit.o)
 .debug_aranges
                0x000006c8       0x20 D:/app/STM32CubeCLT_1.16.0/GNU-tools-for-STM32/bin/../lib/gcc/arm-none-eabi/12.3.1/../../../../arm-none-eabi/lib/thumb/v7e-m/nofp\libg.a(libc_a-atexit.o)
 .debug_aranges
                0x000006e8       0x20 D:/app/STM32CubeCLT_1.16.0/GNU-tools-for-STM32/bin/../lib/gcc/arm-none-eabi/12.3.1/../../../../arm-none-eabi/lib/thumb/v7e-m/nofp\libg.a(libc_a-fini.o)
 .debug_aranges
                0x00000708       0x20 D:/app/STM32CubeCLT_1.16.0/GNU-tools-for-STM32/bin/../lib/gcc/arm-none-eabi/12.3.1/../../../../arm-none-eabi/lib/thumb/v7e-m/nofp\libg.a(libc_a-__atexit.o)

.debug_rnglists
                0x00000000      0x532
 .debug_rnglists
                0x00000000       0x1a CMakeFiles/CAN_MotorControl.elf.dir/Core/Src/callpack.c.obj
 .debug_rnglists
                0x0000001a       0x1f CMakeFiles/CAN_MotorControl.elf.dir/Core/Src/can.c.obj
 .debug_rnglists
                0x00000039       0x13 CMakeFiles/CAN_MotorControl.elf.dir/Core/Src/gpio.c.obj
 .debug_rnglists
                0x0000004c       0x20 CMakeFiles/CAN_MotorControl.elf.dir/Core/Src/main.c.obj
 .debug_rnglists
                0x0000006c       0x13 CMakeFiles/CAN_MotorControl.elf.dir/Core/Src/stm32f4xx_hal_msp.c.obj
 .debug_rnglists
                0x0000007f       0x4f CMakeFiles/CAN_MotorControl.elf.dir/Core/Src/stm32f4xx_it.c.obj
 .debug_rnglists
                0x000000ce       0x1a CMakeFiles/CAN_MotorControl.elf.dir/Core/Src/system_stm32f4xx.c.obj
 .debug_rnglists
                0x000000e8       0x19 CMakeFiles/CAN_MotorControl.elf.dir/Core/Startup/startup_stm32f427iihx.s.obj
 .debug_rnglists
                0x00000101       0xbb CMakeFiles/CAN_MotorControl.elf.dir/Drivers/STM32F4xx_HAL_Driver/Src/stm32f4xx_hal.c.obj
 .debug_rnglists
                0x000001bc       0xf6 CMakeFiles/CAN_MotorControl.elf.dir/Drivers/STM32F4xx_HAL_Driver/Src/stm32f4xx_hal_can.c.obj
 .debug_rnglists
                0x000002b2       0xb5 CMakeFiles/CAN_MotorControl.elf.dir/Drivers/STM32F4xx_HAL_Driver/Src/stm32f4xx_hal_cortex.c.obj
 .debug_rnglists
                0x00000367       0x3f CMakeFiles/CAN_MotorControl.elf.dir/Drivers/STM32F4xx_HAL_Driver/Src/stm32f4xx_hal_gpio.c.obj
 .debug_rnglists
                0x000003a6       0x44 CMakeFiles/CAN_MotorControl.elf.dir/Drivers/STM32F4xx_HAL_Driver/Src/stm32f4xx_hal_pwr_ex.c.obj
 .debug_rnglists
                0x000003ea       0x75 CMakeFiles/CAN_MotorControl.elf.dir/Drivers/STM32F4xx_HAL_Driver/Src/stm32f4xx_hal_rcc.c.obj
 .debug_rnglists
                0x0000045f       0x13 D:/app/STM32CubeCLT_1.16.0/GNU-tools-for-STM32/bin/../lib/gcc/arm-none-eabi/12.3.1/../../../../arm-none-eabi/lib/thumb/v7e-m/nofp\libg.a(libc_a-memset.o)
 .debug_rnglists
                0x00000472       0x13 D:/app/STM32CubeCLT_1.16.0/GNU-tools-for-STM32/bin/../lib/gcc/arm-none-eabi/12.3.1/../../../../arm-none-eabi/lib/thumb/v7e-m/nofp\libg.a(libc_a-init.o)
 .debug_rnglists
                0x00000485       0x49 D:/app/STM32CubeCLT_1.16.0/GNU-tools-for-STM32/bin/../lib/gcc/arm-none-eabi/12.3.1/../../../../arm-none-eabi/lib/thumb/v7e-m/nofp\libg.a(libc_a-lock.o)
 .debug_rnglists
                0x000004ce       0x2a D:/app/STM32CubeCLT_1.16.0/GNU-tools-for-STM32/bin/../lib/gcc/arm-none-eabi/12.3.1/../../../../arm-none-eabi/lib/thumb/v7e-m/nofp\libg.a(libc_a-__call_atexit.o)
 .debug_rnglists
                0x000004f8       0x13 D:/app/STM32CubeCLT_1.16.0/GNU-tools-for-STM32/bin/../lib/gcc/arm-none-eabi/12.3.1/../../../../arm-none-eabi/lib/thumb/v7e-m/nofp\libg.a(libc_a-atexit.o)
 .debug_rnglists
                0x0000050b       0x13 D:/app/STM32CubeCLT_1.16.0/GNU-tools-for-STM32/bin/../lib/gcc/arm-none-eabi/12.3.1/../../../../arm-none-eabi/lib/thumb/v7e-m/nofp\libg.a(libc_a-fini.o)
 .debug_rnglists
                0x0000051e       0x14 D:/app/STM32CubeCLT_1.16.0/GNU-tools-for-STM32/bin/../lib/gcc/arm-none-eabi/12.3.1/../../../../arm-none-eabi/lib/thumb/v7e-m/nofp\libg.a(libc_a-__atexit.o)

.debug_line     0x00000000     0x5d0b
 .debug_line    0x00000000      0x3d8 CMakeFiles/CAN_MotorControl.elf.dir/Core/Src/callpack.c.obj
 .debug_line    0x000003d8      0x3d9 CMakeFiles/CAN_MotorControl.elf.dir/Core/Src/can.c.obj
 .debug_line    0x000007b1      0x1ef CMakeFiles/CAN_MotorControl.elf.dir/Core/Src/gpio.c.obj
 .debug_line    0x000009a0      0x466 CMakeFiles/CAN_MotorControl.elf.dir/Core/Src/main.c.obj
 .debug_line    0x00000e06      0x256 CMakeFiles/CAN_MotorControl.elf.dir/Core/Src/stm32f4xx_hal_msp.c.obj
 .debug_line    0x0000105c      0x383 CMakeFiles/CAN_MotorControl.elf.dir/Core/Src/stm32f4xx_it.c.obj
 .debug_line    0x000013df      0x2bf CMakeFiles/CAN_MotorControl.elf.dir/Core/Src/system_stm32f4xx.c.obj
 .debug_line    0x0000169e       0x7a CMakeFiles/CAN_MotorControl.elf.dir/Core/Startup/startup_stm32f427iihx.s.obj
 .debug_line    0x00001718      0x683 CMakeFiles/CAN_MotorControl.elf.dir/Drivers/STM32F4xx_HAL_Driver/Src/stm32f4xx_hal.c.obj
 .debug_line    0x00001d9b     0x120f CMakeFiles/CAN_MotorControl.elf.dir/Drivers/STM32F4xx_HAL_Driver/Src/stm32f4xx_hal_can.c.obj
 .debug_line    0x00002faa      0x938 CMakeFiles/CAN_MotorControl.elf.dir/Drivers/STM32F4xx_HAL_Driver/Src/stm32f4xx_hal_cortex.c.obj
 .debug_line    0x000038e2      0x795 CMakeFiles/CAN_MotorControl.elf.dir/Drivers/STM32F4xx_HAL_Driver/Src/stm32f4xx_hal_gpio.c.obj
 .debug_line    0x00004077      0x584 CMakeFiles/CAN_MotorControl.elf.dir/Drivers/STM32F4xx_HAL_Driver/Src/stm32f4xx_hal_pwr_ex.c.obj
 .debug_line    0x000045fb      0xbfe CMakeFiles/CAN_MotorControl.elf.dir/Drivers/STM32F4xx_HAL_Driver/Src/stm32f4xx_hal_rcc.c.obj
 .debug_line    0x000051f9      0x17e D:/app/STM32CubeCLT_1.16.0/GNU-tools-for-STM32/bin/../lib/gcc/arm-none-eabi/12.3.1/../../../../arm-none-eabi/lib/thumb/v7e-m/nofp\libg.a(libc_a-memset.o)
 .debug_line    0x00005377      0x188 D:/app/STM32CubeCLT_1.16.0/GNU-tools-for-STM32/bin/../lib/gcc/arm-none-eabi/12.3.1/../../../../arm-none-eabi/lib/thumb/v7e-m/nofp\libg.a(libc_a-init.o)
 .debug_line    0x000054ff      0x19b D:/app/STM32CubeCLT_1.16.0/GNU-tools-for-STM32/bin/../lib/gcc/arm-none-eabi/12.3.1/../../../../arm-none-eabi/lib/thumb/v7e-m/nofp\libg.a(libc_a-lock.o)
 .debug_line    0x0000569a      0x28a D:/app/STM32CubeCLT_1.16.0/GNU-tools-for-STM32/bin/../lib/gcc/arm-none-eabi/12.3.1/../../../../arm-none-eabi/lib/thumb/v7e-m/nofp\libg.a(libc_a-__call_atexit.o)
 .debug_line    0x00005924      0x102 D:/app/STM32CubeCLT_1.16.0/GNU-tools-for-STM32/bin/../lib/gcc/arm-none-eabi/12.3.1/../../../../arm-none-eabi/lib/thumb/v7e-m/nofp\libg.a(libc_a-atexit.o)
 .debug_line    0x00005a26      0x140 D:/app/STM32CubeCLT_1.16.0/GNU-tools-for-STM32/bin/../lib/gcc/arm-none-eabi/12.3.1/../../../../arm-none-eabi/lib/thumb/v7e-m/nofp\libg.a(libc_a-fini.o)
 .debug_line    0x00005b66      0x1a5 D:/app/STM32CubeCLT_1.16.0/GNU-tools-for-STM32/bin/../lib/gcc/arm-none-eabi/12.3.1/../../../../arm-none-eabi/lib/thumb/v7e-m/nofp\libg.a(libc_a-__atexit.o)

.debug_str      0x00000000     0x2a19
 .debug_str     0x00000000      0x552 CMakeFiles/CAN_MotorControl.elf.dir/Core/Src/callpack.c.obj
                                0x5d0 (size before relaxing)
 .debug_str     0x00000552      0x766 CMakeFiles/CAN_MotorControl.elf.dir/Core/Src/can.c.obj
                                0xbe3 (size before relaxing)
 .debug_str     0x00000cb8       0x3f CMakeFiles/CAN_MotorControl.elf.dir/Core/Src/gpio.c.obj
                                0x2e8 (size before relaxing)
 .debug_str     0x00000cf7      0x2b5 CMakeFiles/CAN_MotorControl.elf.dir/Core/Src/main.c.obj
                                0x832 (size before relaxing)
 .debug_str     0x00000fac       0x4b CMakeFiles/CAN_MotorControl.elf.dir/Core/Src/stm32f4xx_hal_msp.c.obj
                                0x861 (size before relaxing)
 .debug_str     0x00000ff7      0x10c CMakeFiles/CAN_MotorControl.elf.dir/Core/Src/stm32f4xx_it.c.obj
                                0x52b (size before relaxing)
 .debug_str     0x00001103       0xa6 CMakeFiles/CAN_MotorControl.elf.dir/Core/Src/system_stm32f4xx.c.obj
                                0x35a (size before relaxing)
 .debug_str     0x000011a9       0x63 CMakeFiles/CAN_MotorControl.elf.dir/Core/Startup/startup_stm32f427iihx.s.obj
                                 0x97 (size before relaxing)
 .debug_str     0x0000120c      0x39a CMakeFiles/CAN_MotorControl.elf.dir/Drivers/STM32F4xx_HAL_Driver/Src/stm32f4xx_hal.c.obj
                                0xc25 (size before relaxing)
 .debug_str     0x000015a6      0x3ed CMakeFiles/CAN_MotorControl.elf.dir/Drivers/STM32F4xx_HAL_Driver/Src/stm32f4xx_hal_can.c.obj
                                0xa5b (size before relaxing)
 .debug_str     0x00001993      0x4ef CMakeFiles/CAN_MotorControl.elf.dir/Drivers/STM32F4xx_HAL_Driver/Src/stm32f4xx_hal_cortex.c.obj
                                0xce8 (size before relaxing)
 .debug_str     0x00001e82      0x175 CMakeFiles/CAN_MotorControl.elf.dir/Drivers/STM32F4xx_HAL_Driver/Src/stm32f4xx_hal_gpio.c.obj
                                0x519 (size before relaxing)
 .debug_str     0x00001ff7      0x15d CMakeFiles/CAN_MotorControl.elf.dir/Drivers/STM32F4xx_HAL_Driver/Src/stm32f4xx_hal_pwr_ex.c.obj
                                0x504 (size before relaxing)
 .debug_str     0x00002154      0x1c3 CMakeFiles/CAN_MotorControl.elf.dir/Drivers/STM32F4xx_HAL_Driver/Src/stm32f4xx_hal_rcc.c.obj
                                0x73f (size before relaxing)
 .debug_str     0x00002317      0x163 D:/app/STM32CubeCLT_1.16.0/GNU-tools-for-STM32/bin/../lib/gcc/arm-none-eabi/12.3.1/../../../../arm-none-eabi/lib/thumb/v7e-m/nofp\libg.a(libc_a-memset.o)
                                0x206 (size before relaxing)
 .debug_str     0x0000247a       0xb6 D:/app/STM32CubeCLT_1.16.0/GNU-tools-for-STM32/bin/../lib/gcc/arm-none-eabi/12.3.1/../../../../arm-none-eabi/lib/thumb/v7e-m/nofp\libg.a(libc_a-init.o)
                                0x267 (size before relaxing)
 .debug_str     0x00002530      0x266 D:/app/STM32CubeCLT_1.16.0/GNU-tools-for-STM32/bin/../lib/gcc/arm-none-eabi/12.3.1/../../../../arm-none-eabi/lib/thumb/v7e-m/nofp\libg.a(libc_a-lock.o)
                                0x379 (size before relaxing)
 .debug_str     0x00002796      0x100 D:/app/STM32CubeCLT_1.16.0/GNU-tools-for-STM32/bin/../lib/gcc/arm-none-eabi/12.3.1/../../../../arm-none-eabi/lib/thumb/v7e-m/nofp\libg.a(libc_a-__call_atexit.o)
                                0x343 (size before relaxing)
 .debug_str     0x00002896       0x9e D:/app/STM32CubeCLT_1.16.0/GNU-tools-for-STM32/bin/../lib/gcc/arm-none-eabi/12.3.1/../../../../arm-none-eabi/lib/thumb/v7e-m/nofp\libg.a(libc_a-atexit.o)
                                0x243 (size before relaxing)
 .debug_str     0x00002934       0x7a D:/app/STM32CubeCLT_1.16.0/GNU-tools-for-STM32/bin/../lib/gcc/arm-none-eabi/12.3.1/../../../../arm-none-eabi/lib/thumb/v7e-m/nofp\libg.a(libc_a-fini.o)
                                0x23d (size before relaxing)
 .debug_str     0x000029ae       0x6b D:/app/STM32CubeCLT_1.16.0/GNU-tools-for-STM32/bin/../lib/gcc/arm-none-eabi/12.3.1/../../../../arm-none-eabi/lib/thumb/v7e-m/nofp\libg.a(libc_a-__atexit.o)
                                0x31a (size before relaxing)

.comment        0x00000000       0x43
 .comment       0x00000000       0x43 CMakeFiles/CAN_MotorControl.elf.dir/Core/Src/callpack.c.obj
                                 0x44 (size before relaxing)
 .comment       0x00000043       0x44 CMakeFiles/CAN_MotorControl.elf.dir/Core/Src/can.c.obj
 .comment       0x00000043       0x44 CMakeFiles/CAN_MotorControl.elf.dir/Core/Src/gpio.c.obj
 .comment       0x00000043       0x44 CMakeFiles/CAN_MotorControl.elf.dir/Core/Src/main.c.obj
 .comment       0x00000043       0x44 CMakeFiles/CAN_MotorControl.elf.dir/Core/Src/stm32f4xx_hal_msp.c.obj
 .comment       0x00000043       0x44 CMakeFiles/CAN_MotorControl.elf.dir/Core/Src/stm32f4xx_it.c.obj
 .comment       0x00000043       0x44 CMakeFiles/CAN_MotorControl.elf.dir/Core/Src/system_stm32f4xx.c.obj
 .comment       0x00000043       0x44 CMakeFiles/CAN_MotorControl.elf.dir/Drivers/STM32F4xx_HAL_Driver/Src/stm32f4xx_hal.c.obj
 .comment       0x00000043       0x44 CMakeFiles/CAN_MotorControl.elf.dir/Drivers/STM32F4xx_HAL_Driver/Src/stm32f4xx_hal_can.c.obj
 .comment       0x00000043       0x44 CMakeFiles/CAN_MotorControl.elf.dir/Drivers/STM32F4xx_HAL_Driver/Src/stm32f4xx_hal_cortex.c.obj
 .comment       0x00000043       0x44 CMakeFiles/CAN_MotorControl.elf.dir/Drivers/STM32F4xx_HAL_Driver/Src/stm32f4xx_hal_gpio.c.obj
 .comment       0x00000043       0x44 CMakeFiles/CAN_MotorControl.elf.dir/Drivers/STM32F4xx_HAL_Driver/Src/stm32f4xx_hal_pwr_ex.c.obj
 .comment       0x00000043       0x44 CMakeFiles/CAN_MotorControl.elf.dir/Drivers/STM32F4xx_HAL_Driver/Src/stm32f4xx_hal_rcc.c.obj
 .comment       0x00000043       0x44 D:/app/STM32CubeCLT_1.16.0/GNU-tools-for-STM32/bin/../lib/gcc/arm-none-eabi/12.3.1/../../../../arm-none-eabi/lib/thumb/v7e-m/nofp\libg.a(libc_a-memset.o)
 .comment       0x00000043       0x44 D:/app/STM32CubeCLT_1.16.0/GNU-tools-for-STM32/bin/../lib/gcc/arm-none-eabi/12.3.1/../../../../arm-none-eabi/lib/thumb/v7e-m/nofp\libg.a(libc_a-init.o)
 .comment       0x00000043       0x44 D:/app/STM32CubeCLT_1.16.0/GNU-tools-for-STM32/bin/../lib/gcc/arm-none-eabi/12.3.1/../../../../arm-none-eabi/lib/thumb/v7e-m/nofp\libg.a(libc_a-lock.o)
 .comment       0x00000043       0x44 D:/app/STM32CubeCLT_1.16.0/GNU-tools-for-STM32/bin/../lib/gcc/arm-none-eabi/12.3.1/../../../../arm-none-eabi/lib/thumb/v7e-m/nofp\libg.a(libc_a-__call_atexit.o)
 .comment       0x00000043       0x44 D:/app/STM32CubeCLT_1.16.0/GNU-tools-for-STM32/bin/../lib/gcc/arm-none-eabi/12.3.1/../../../../arm-none-eabi/lib/thumb/v7e-m/nofp\libg.a(libc_a-atexit.o)
 .comment       0x00000043       0x44 D:/app/STM32CubeCLT_1.16.0/GNU-tools-for-STM32/bin/../lib/gcc/arm-none-eabi/12.3.1/../../../../arm-none-eabi/lib/thumb/v7e-m/nofp\libg.a(libc_a-fini.o)
 .comment       0x00000043       0x44 D:/app/STM32CubeCLT_1.16.0/GNU-tools-for-STM32/bin/../lib/gcc/arm-none-eabi/12.3.1/../../../../arm-none-eabi/lib/thumb/v7e-m/nofp\libg.a(libc_a-__atexit.o)

.debug_frame    0x00000000      0xea8
 .debug_frame   0x00000000       0x3c CMakeFiles/CAN_MotorControl.elf.dir/Core/Src/callpack.c.obj
 .debug_frame   0x0000003c       0x60 CMakeFiles/CAN_MotorControl.elf.dir/Core/Src/can.c.obj
 .debug_frame   0x0000009c       0x28 CMakeFiles/CAN_MotorControl.elf.dir/Core/Src/gpio.c.obj
 .debug_frame   0x000000c4       0x58 CMakeFiles/CAN_MotorControl.elf.dir/Core/Src/main.c.obj
 .debug_frame   0x0000011c       0x2c CMakeFiles/CAN_MotorControl.elf.dir/Core/Src/stm32f4xx_hal_msp.c.obj
 .debug_frame   0x00000148       0xd0 CMakeFiles/CAN_MotorControl.elf.dir/Core/Src/stm32f4xx_it.c.obj
 .debug_frame   0x00000218       0x30 CMakeFiles/CAN_MotorControl.elf.dir/Core/Src/system_stm32f4xx.c.obj
 .debug_frame   0x00000248      0x20c CMakeFiles/CAN_MotorControl.elf.dir/Drivers/STM32F4xx_HAL_Driver/Src/stm32f4xx_hal.c.obj
 .debug_frame   0x00000454      0x2d4 CMakeFiles/CAN_MotorControl.elf.dir/Drivers/STM32F4xx_HAL_Driver/Src/stm32f4xx_hal_can.c.obj
 .debug_frame   0x00000728      0x214 CMakeFiles/CAN_MotorControl.elf.dir/Drivers/STM32F4xx_HAL_Driver/Src/stm32f4xx_hal_cortex.c.obj
 .debug_frame   0x0000093c       0xd4 CMakeFiles/CAN_MotorControl.elf.dir/Drivers/STM32F4xx_HAL_Driver/Src/stm32f4xx_hal_gpio.c.obj
 .debug_frame   0x00000a10       0xec CMakeFiles/CAN_MotorControl.elf.dir/Drivers/STM32F4xx_HAL_Driver/Src/stm32f4xx_hal_pwr_ex.c.obj
 .debug_frame   0x00000afc      0x16c CMakeFiles/CAN_MotorControl.elf.dir/Drivers/STM32F4xx_HAL_Driver/Src/stm32f4xx_hal_rcc.c.obj
 .debug_frame   0x00000c68       0x2c D:/app/STM32CubeCLT_1.16.0/GNU-tools-for-STM32/bin/../lib/gcc/arm-none-eabi/12.3.1/thumb/v7e-m/nofp\libgcc.a(_aeabi_uldivmod.o)
 .debug_frame   0x00000c94       0x34 D:/app/STM32CubeCLT_1.16.0/GNU-tools-for-STM32/bin/../lib/gcc/arm-none-eabi/12.3.1/thumb/v7e-m/nofp\libgcc.a(_udivmoddi4.o)
 .debug_frame   0x00000cc8       0x20 D:/app/STM32CubeCLT_1.16.0/GNU-tools-for-STM32/bin/../lib/gcc/arm-none-eabi/12.3.1/../../../../arm-none-eabi/lib/thumb/v7e-m/nofp\libg.a(libc_a-memset.o)
 .debug_frame   0x00000ce8       0x2c D:/app/STM32CubeCLT_1.16.0/GNU-tools-for-STM32/bin/../lib/gcc/arm-none-eabi/12.3.1/../../../../arm-none-eabi/lib/thumb/v7e-m/nofp\libg.a(libc_a-init.o)
 .debug_frame   0x00000d14       0xb0 D:/app/STM32CubeCLT_1.16.0/GNU-tools-for-STM32/bin/../lib/gcc/arm-none-eabi/12.3.1/../../../../arm-none-eabi/lib/thumb/v7e-m/nofp\libg.a(libc_a-lock.o)
 .debug_frame   0x00000dc4       0x58 D:/app/STM32CubeCLT_1.16.0/GNU-tools-for-STM32/bin/../lib/gcc/arm-none-eabi/12.3.1/../../../../arm-none-eabi/lib/thumb/v7e-m/nofp\libg.a(libc_a-__call_atexit.o)
 .debug_frame   0x00000e1c       0x20 D:/app/STM32CubeCLT_1.16.0/GNU-tools-for-STM32/bin/../lib/gcc/arm-none-eabi/12.3.1/../../../../arm-none-eabi/lib/thumb/v7e-m/nofp\libg.a(libc_a-atexit.o)
 .debug_frame   0x00000e3c       0x38 D:/app/STM32CubeCLT_1.16.0/GNU-tools-for-STM32/bin/../lib/gcc/arm-none-eabi/12.3.1/../../../../arm-none-eabi/lib/thumb/v7e-m/nofp\libg.a(libc_a-fini.o)
 .debug_frame   0x00000e74       0x34 D:/app/STM32CubeCLT_1.16.0/GNU-tools-for-STM32/bin/../lib/gcc/arm-none-eabi/12.3.1/../../../../arm-none-eabi/lib/thumb/v7e-m/nofp\libg.a(libc_a-__atexit.o)

.debug_line_str
                0x00000000       0x7b
 .debug_line_str
                0x00000000       0x7b CMakeFiles/CAN_MotorControl.elf.dir/Core/Startup/startup_stm32f427iihx.s.obj
