Archive member included to satisfy reference by file (symbol)

D:/app/STM32CubeCLT_1.16.0/GNU-tools-for-STM32/bin/../lib/gcc/arm-none-eabi/12.3.1/../../../../arm-none-eabi/lib/thumb/v7e-m/nofp\libg.a(libc_a-exit.o)
                              D:/app/STM32CubeCLT_1.16.0/GNU-tools-for-STM32/bin/../lib/gcc/arm-none-eabi/12.3.1/../../../../arm-none-eabi/lib/thumb/v7e-m/nofp/crt0.o (exit)
D:/app/STM32CubeCLT_1.16.0/GNU-tools-for-STM32/bin/../lib/gcc/arm-none-eabi/12.3.1/../../../../arm-none-eabi/lib/thumb/v7e-m/nofp\libg.a(libc_a-findfp.o)
                              D:/app/STM32CubeCLT_1.16.0/GNU-tools-for-STM32/bin/../lib/gcc/arm-none-eabi/12.3.1/../../../../arm-none-eabi/lib/thumb/v7e-m/nofp\libg.a(libc_a-exit.o) (__stdio_exit_handler)
D:/app/STM32CubeCLT_1.16.0/GNU-tools-for-STM32/bin/../lib/gcc/arm-none-eabi/12.3.1/../../../../arm-none-eabi/lib/thumb/v7e-m/nofp\libg.a(libc_a-fwalk.o)
                              D:/app/STM32CubeCLT_1.16.0/GNU-tools-for-STM32/bin/../lib/gcc/arm-none-eabi/12.3.1/../../../../arm-none-eabi/lib/thumb/v7e-m/nofp\libg.a(libc_a-findfp.o) (_fwalk_sglue)
D:/app/STM32CubeCLT_1.16.0/GNU-tools-for-STM32/bin/../lib/gcc/arm-none-eabi/12.3.1/../../../../arm-none-eabi/lib/thumb/v7e-m/nofp\libg.a(libc_a-stdio.o)
                              D:/app/STM32CubeCLT_1.16.0/GNU-tools-for-STM32/bin/../lib/gcc/arm-none-eabi/12.3.1/../../../../arm-none-eabi/lib/thumb/v7e-m/nofp\libg.a(libc_a-findfp.o) (__sread)
D:/app/STM32CubeCLT_1.16.0/GNU-tools-for-STM32/bin/../lib/gcc/arm-none-eabi/12.3.1/../../../../arm-none-eabi/lib/thumb/v7e-m/nofp\libg.a(libc_a-memset.o)
                              D:/app/STM32CubeCLT_1.16.0/GNU-tools-for-STM32/bin/../lib/gcc/arm-none-eabi/12.3.1/../../../../arm-none-eabi/lib/thumb/v7e-m/nofp/crt0.o (memset)
D:/app/STM32CubeCLT_1.16.0/GNU-tools-for-STM32/bin/../lib/gcc/arm-none-eabi/12.3.1/../../../../arm-none-eabi/lib/thumb/v7e-m/nofp\libg.a(libc_a-closer.o)
                              D:/app/STM32CubeCLT_1.16.0/GNU-tools-for-STM32/bin/../lib/gcc/arm-none-eabi/12.3.1/../../../../arm-none-eabi/lib/thumb/v7e-m/nofp\libg.a(libc_a-stdio.o) (_close_r)
D:/app/STM32CubeCLT_1.16.0/GNU-tools-for-STM32/bin/../lib/gcc/arm-none-eabi/12.3.1/../../../../arm-none-eabi/lib/thumb/v7e-m/nofp\libg.a(libc_a-reent.o)
                              D:/app/STM32CubeCLT_1.16.0/GNU-tools-for-STM32/bin/../lib/gcc/arm-none-eabi/12.3.1/../../../../arm-none-eabi/lib/thumb/v7e-m/nofp\libg.a(libc_a-closer.o) (errno)
D:/app/STM32CubeCLT_1.16.0/GNU-tools-for-STM32/bin/../lib/gcc/arm-none-eabi/12.3.1/../../../../arm-none-eabi/lib/thumb/v7e-m/nofp\libg.a(libc_a-impure.o)
                              D:/app/STM32CubeCLT_1.16.0/GNU-tools-for-STM32/bin/../lib/gcc/arm-none-eabi/12.3.1/../../../../arm-none-eabi/lib/thumb/v7e-m/nofp\libg.a(libc_a-reent.o) (_impure_ptr)
D:/app/STM32CubeCLT_1.16.0/GNU-tools-for-STM32/bin/../lib/gcc/arm-none-eabi/12.3.1/../../../../arm-none-eabi/lib/thumb/v7e-m/nofp\libg.a(libc_a-lseekr.o)
                              D:/app/STM32CubeCLT_1.16.0/GNU-tools-for-STM32/bin/../lib/gcc/arm-none-eabi/12.3.1/../../../../arm-none-eabi/lib/thumb/v7e-m/nofp\libg.a(libc_a-stdio.o) (_lseek_r)
D:/app/STM32CubeCLT_1.16.0/GNU-tools-for-STM32/bin/../lib/gcc/arm-none-eabi/12.3.1/../../../../arm-none-eabi/lib/thumb/v7e-m/nofp\libg.a(libc_a-readr.o)
                              D:/app/STM32CubeCLT_1.16.0/GNU-tools-for-STM32/bin/../lib/gcc/arm-none-eabi/12.3.1/../../../../arm-none-eabi/lib/thumb/v7e-m/nofp\libg.a(libc_a-stdio.o) (_read_r)
D:/app/STM32CubeCLT_1.16.0/GNU-tools-for-STM32/bin/../lib/gcc/arm-none-eabi/12.3.1/../../../../arm-none-eabi/lib/thumb/v7e-m/nofp\libg.a(libc_a-writer.o)
                              D:/app/STM32CubeCLT_1.16.0/GNU-tools-for-STM32/bin/../lib/gcc/arm-none-eabi/12.3.1/../../../../arm-none-eabi/lib/thumb/v7e-m/nofp\libg.a(libc_a-stdio.o) (_write_r)
D:/app/STM32CubeCLT_1.16.0/GNU-tools-for-STM32/bin/../lib/gcc/arm-none-eabi/12.3.1/../../../../arm-none-eabi/lib/thumb/v7e-m/nofp\libg.a(libc_a-errno.o)
                              CMakeFiles/diankongxiaodeng.elf.dir/Core/Src/syscalls.c.obj (__errno)
D:/app/STM32CubeCLT_1.16.0/GNU-tools-for-STM32/bin/../lib/gcc/arm-none-eabi/12.3.1/../../../../arm-none-eabi/lib/thumb/v7e-m/nofp\libg.a(libc_a-init.o)
                              D:/app/STM32CubeCLT_1.16.0/GNU-tools-for-STM32/bin/../lib/gcc/arm-none-eabi/12.3.1/../../../../arm-none-eabi/lib/thumb/v7e-m/nofp/crt0.o (__libc_init_array)
D:/app/STM32CubeCLT_1.16.0/GNU-tools-for-STM32/bin/../lib/gcc/arm-none-eabi/12.3.1/../../../../arm-none-eabi/lib/thumb/v7e-m/nofp\libg.a(libc_a-lock.o)
                              D:/app/STM32CubeCLT_1.16.0/GNU-tools-for-STM32/bin/../lib/gcc/arm-none-eabi/12.3.1/../../../../arm-none-eabi/lib/thumb/v7e-m/nofp\libg.a(libc_a-findfp.o) (__retarget_lock_init_recursive)
D:/app/STM32CubeCLT_1.16.0/GNU-tools-for-STM32/bin/../lib/gcc/arm-none-eabi/12.3.1/../../../../arm-none-eabi/lib/thumb/v7e-m/nofp\libg.a(libc_a-__call_atexit.o)
[...]
Memory Configuration

Name             Origin             Length             Attributes
RAM              0x20000000         0x00008000         xrw
FLASH            0x08000000         0x00020000         xr
*default*        0x00000000         0xffffffff

Linker script and memory map

LOAD D:/app/STM32CubeCLT_1.16.0/GNU-tools-for-STM32/bin/../lib/gcc/arm-none-eabi/12.3.1/thumb/v7e-m/nofp/crti.o
LOAD D:/app/STM32CubeCLT_1.16.0/GNU-tools-for-STM32/bin/../lib/gcc/arm-none-eabi/12.3.1/thumb/v7e-m/nofp/crtbegin.o
LOAD D:/app/STM32CubeCLT_1.16.0/GNU-tools-for-STM32/bin/../lib/gcc/arm-none-eabi/12.3.1/../../../../arm-none-eabi/lib/thumb/v7e-m/nofp/crt0.o
LOAD CMakeFiles/diankongxiaodeng.elf.dir/Core/Src/main.c.obj
LOAD CMakeFiles/diankongxiaodeng.elf.dir/Core/Src/stm32g4xx_hal_msp.c.obj
LOAD CMakeFiles/diankongxiaodeng.elf.dir/Core/Src/stm32g4xx_it.c.obj
LOAD CMakeFiles/diankongxiaodeng.elf.dir/Core/Src/syscalls.c.obj
LOAD CMakeFiles/diankongxiaodeng.elf.dir/Core/Src/sysmem.c.obj
LOAD CMakeFiles/diankongxiaodeng.elf.dir/Core/Src/system_stm32g4xx.c.obj
LOAD CMakeFiles/diankongxiaodeng.elf.dir/Core/Startup/startup_stm32g431cbux.s.obj
LOAD CMakeFiles/diankongxiaodeng.elf.dir/Drivers/STM32G4xx_HAL_Driver/Src/stm32g4xx_hal.c.obj
LOAD CMakeFiles/diankongxiaodeng.elf.dir/Drivers/STM32G4xx_HAL_Driver/Src/stm32g4xx_hal_cortex.c.obj
LOAD CMakeFiles/diankongxiaodeng.elf.dir/Drivers/STM32G4xx_HAL_Driver/Src/stm32g4xx_hal_dma.c.obj
LOAD CMakeFiles/diankongxiaodeng.elf.dir/Drivers/STM32G4xx_HAL_Driver/Src/stm32g4xx_hal_dma_ex.c.obj
LOAD CMakeFiles/diankongxiaodeng.elf.dir/Drivers/STM32G4xx_HAL_Driver/Src/stm32g4xx_hal_exti.c.obj
LOAD CMakeFiles/diankongxiaodeng.elf.dir/Drivers/STM32G4xx_HAL_Driver/Src/stm32g4xx_hal_flash.c.obj
LOAD CMakeFiles/diankongxiaodeng.elf.dir/Drivers/STM32G4xx_HAL_Driver/Src/stm32g4xx_hal_flash_ex.c.obj
LOAD CMakeFiles/diankongxiaodeng.elf.dir/Drivers/STM32G4xx_HAL_Driver/Src/stm32g4xx_hal_flash_ramfunc.c.obj
LOAD CMakeFiles/diankongxiaodeng.elf.dir/Drivers/STM32G4xx_HAL_Driver/Src/stm32g4xx_hal_gpio.c.obj
LOAD CMakeFiles/diankongxiaodeng.elf.dir/Drivers/STM32G4xx_HAL_Driver/Src/stm32g4xx_hal_pwr.c.obj
LOAD CMakeFiles/diankongxiaodeng.elf.dir/Drivers/STM32G4xx_HAL_Driver/Src/stm32g4xx_hal_pwr_ex.c.obj
LOAD CMakeFiles/diankongxiaodeng.elf.dir/Drivers/STM32G4xx_HAL_Driver/Src/stm32g4xx_hal_rcc.c.obj
LOAD CMakeFiles/diankongxiaodeng.elf.dir/Drivers/STM32G4xx_HAL_Driver/Src/stm32g4xx_hal_rcc_ex.c.obj
LOAD CMakeFiles/diankongxiaodeng.elf.dir/Drivers/STM32G4xx_HAL_Driver/Src/stm32g4xx_hal_tim.c.obj
LOAD CMakeFiles/diankongxiaodeng.elf.dir/Drivers/STM32G4xx_HAL_Driver/Src/stm32g4xx_hal_tim_ex.c.obj
START GROUP
LOAD D:/app/STM32CubeCLT_1.16.0/GNU-tools-for-STM32/bin/../lib/gcc/arm-none-eabi/12.3.1/thumb/v7e-m/nofp\libgcc.a
LOAD D:/app/STM32CubeCLT_1.16.0/GNU-tools-for-STM32/bin/../lib/gcc/arm-none-eabi/12.3.1/../../../../arm-none-eabi/lib/thumb/v7e-m/nofp\libg.a
LOAD D:/app/STM32CubeCLT_1.16.0/GNU-tools-for-STM32/bin/../lib/gcc/arm-none-eabi/12.3.1/../../../../arm-none-eabi/lib/thumb/v7e-m/nofp\libc.a
END GROUP
LOAD D:/app/STM32CubeCLT_1.16.0/GNU-tools-for-STM32/bin/../lib/gcc/arm-none-eabi/12.3.1/thumb/v7e-m/nofp/crtend.o
LOAD D:/app/STM32CubeCLT_1.16.0/GNU-tools-for-STM32/bin/../lib/gcc/arm-none-eabi/12.3.1/thumb/v7e-m/nofp/crtn.o
                0x20008000                        _estack = (ORIGIN (RAM) + LENGTH (RAM))
                0x00000200                        _Min_Heap_Size = 0x200
                0x00000400                        _Min_Stack_Size = 0x400

.isr_vector     0x08000000      0x1d8
                0x08000000                        . = ALIGN (0x4)
 *(.isr_vector)
 .isr_vector    0x08000000      0x1d8 CMakeFiles/diankongxiaodeng.elf.dir/Core/Startup/startup_stm32g431cbux.s.obj
                0x08000000                g_pfnVectors
                0x080001d8                        . = ALIGN (0x4)

.text           0x080001d8      0xcd4
                0x080001d8                        . = ALIGN (0x4)
 *(.text)
 .text          0x080001d8       0x40 D:/app/STM32CubeCLT_1.16.0/GNU-tools-for-STM32/bin/../lib/gcc/arm-none-eabi/12.3.1/thumb/v7e-m/nofp/crtbegin.o
 *(.text*)
 .text.Error_Handler
                0x08000218        0x4 CMakeFiles/diankongxiaodeng.elf.dir/Core/Src/main.c.obj
                0x08000218                Error_Handler
 .text.SystemClock_Config
                0x0800021c       0x5e CMakeFiles/diankongxiaodeng.elf.dir/Core/Src/main.c.obj
                0x0800021c                SystemClock_Config
 .text.main     0x0800027a        0xc CMakeFiles/diankongxiaodeng.elf.dir/Core/Src/main.c.obj
                0x0800027a                main
 *fill*         0x08000286        0x2 
 .text.HAL_MspInit
                0x08000288       0x38 CMakeFiles/diankongxiaodeng.elf.dir/Core/Src/stm32g4xx_hal_msp.c.obj
                0x08000288                HAL_MspInit
 .text.NMI_Handler
                0x080002c0        0x2 CMakeFiles/diankongxiaodeng.elf.dir/Core/Src/stm32g4xx_it.c.obj
                0x080002c0                NMI_Handler
 .text.HardFault_Handler
                0x080002c2        0x2 CMakeFiles/diankongxiaodeng.elf.dir/Core/Src/stm32g4xx_it.c.obj
                0x080002c2                HardFault_Handler
 .text.MemManage_Handler
                0x080002c4        0x2 CMakeFiles/diankongxiaodeng.elf.dir/Core/Src/stm32g4xx_it.c.obj
                0x080002c4                MemManage_Handler
 .text.BusFault_Handler
                0x080002c6        0x2 CMakeFiles/diankongxiaodeng.elf.dir/Core/Src/stm32g4xx_it.c.obj
                0x080002c6                BusFault_Handler
 .text.UsageFault_Handler
                0x080002c8        0x2 CMakeFiles/diankongxiaodeng.elf.dir/Core/Src/stm32g4xx_it.c.obj
                0x080002c8                UsageFault_Handler
 .text.SVC_Handler
                0x080002ca        0x2 CMakeFiles/diankongxiaodeng.elf.dir/Core/Src/stm32g4xx_it.c.obj
                0x080002ca                SVC_Handler
 .text.DebugMon_Handler
                0x080002cc        0x2 CMakeFiles/diankongxiaodeng.elf.dir/Core/Src/stm32g4xx_it.c.obj
                0x080002cc                DebugMon_Handler
 .text.PendSV_Handler
                0x080002ce        0x2 CMakeFiles/diankongxiaodeng.elf.dir/Core/Src/stm32g4xx_it.c.obj
                0x080002ce                PendSV_Handler
 .text.SysTick_Handler
                0x080002d0        0x8 CMakeFiles/diankongxiaodeng.elf.dir/Core/Src/stm32g4xx_it.c.obj
                0x080002d0                SysTick_Handler
 .text.SystemInit
                0x080002d8        0x2 CMakeFiles/diankongxiaodeng.elf.dir/Core/Src/system_stm32g4xx.c.obj
                0x080002d8                SystemInit
 *fill*         0x080002da        0x2 
 .text.Reset_Handler
                0x080002dc       0x50 CMakeFiles/diankongxiaodeng.elf.dir/Core/Startup/startup_stm32g431cbux.s.obj
                0x080002dc                Reset_Handler
 .text.Default_Handler
                0x0800032c        0x2 CMakeFiles/diankongxiaodeng.elf.dir/Core/Startup/startup_stm32g431cbux.s.obj
                0x0800032c                RTC_Alarm_IRQHandler
                0x0800032c                EXTI2_IRQHandler
                0x0800032c                TIM8_TRG_COM_IRQHandler
                0x0800032c                TIM8_CC_IRQHandler
                0x0800032c                TIM1_CC_IRQHandler
                0x0800032c                USB_HP_IRQHandler
                0x0800032c                CORDIC_IRQHandler
                0x0800032c                EXTI3_IRQHandler
                0x0800032c                I2C3_ER_IRQHandler
                0x0800032c                EXTI0_IRQHandler
                0x0800032c                I2C2_EV_IRQHandler
                0x0800032c                FPU_IRQHandler
                0x0800032c                FDCAN1_IT1_IRQHandler
                0x0800032c                TIM1_UP_TIM16_IRQHandler
                0x0800032c                ADC1_2_IRQHandler
                0x0800032c                SPI1_IRQHandler
                0x0800032c                TIM6_DAC_IRQHandler
                0x0800032c                TIM8_UP_IRQHandler
                0x0800032c                DMA2_Channel2_IRQHandler
                0x0800032c                DMA1_Channel4_IRQHandler
                0x0800032c                USART3_IRQHandler
                0x0800032c                TIM4_IRQHandler
                0x0800032c                DMA2_Channel1_IRQHandler
                0x0800032c                I2C1_EV_IRQHandler
                0x0800032c                DMA1_Channel6_IRQHandler
                0x0800032c                UART4_IRQHandler
                0x0800032c                DMA2_Channel4_IRQHandler
                0x0800032c                TIM3_IRQHandler
                0x0800032c                RCC_IRQHandler
                0x0800032c                DMA1_Channel1_IRQHandler
                0x0800032c                Default_Handler
                0x0800032c                RTC_TAMP_LSECSS_IRQHandler
                0x0800032c                FMAC_IRQHandler
                0x0800032c                EXTI15_10_IRQHandler
                0x0800032c                TIM7_IRQHandler
                0x0800032c                UCPD1_IRQHandler
                0x0800032c                I2C3_EV_IRQHandler
                0x0800032c                EXTI9_5_IRQHandler
                0x0800032c                RTC_WKUP_IRQHandler
                0x0800032c                PVD_PVM_IRQHandler
                0x0800032c                SPI2_IRQHandler
                0x0800032c                DMA2_Channel5_IRQHandler
                0x0800032c                CRS_IRQHandler
                0x0800032c                DMA1_Channel5_IRQHandler
                0x0800032c                USB_LP_IRQHandler
                0x0800032c                EXTI4_IRQHandler
                0x0800032c                RNG_IRQHandler
                0x0800032c                TIM1_TRG_COM_TIM17_IRQHandler
                0x0800032c                DMA1_Channel3_IRQHandler
                0x0800032c                WWDG_IRQHandler
                0x0800032c                LPUART1_IRQHandler
                0x0800032c                DMA2_Channel6_IRQHandler
                0x0800032c                FDCAN1_IT0_IRQHandler
                0x0800032c                TIM2_IRQHandler
                0x0800032c                COMP1_2_3_IRQHandler
                0x0800032c                EXTI1_IRQHandler
                0x0800032c                USART2_IRQHandler
                0x0800032c                I2C2_ER_IRQHandler
                0x0800032c                DMA1_Channel2_IRQHandler
                0x0800032c                TIM8_BRK_IRQHandler
                0x0800032c                FLASH_IRQHandler
                0x0800032c                USART1_IRQHandler
                0x0800032c                SPI3_IRQHandler
                0x0800032c                I2C1_ER_IRQHandler
                0x0800032c                LPTIM1_IRQHandler
                0x0800032c                DMAMUX_OVR_IRQHandler
                0x0800032c                USBWakeUp_IRQHandler
                0x0800032c                SAI1_IRQHandler
                0x0800032c                DMA2_Channel3_IRQHandler
                0x0800032c                COMP4_IRQHandler
                0x0800032c                TIM1_BRK_TIM15_IRQHandler
 *fill*         0x0800032e        0x2 
 .text.HAL_InitTick
                0x08000330       0x50 CMakeFiles/diankongxiaodeng.elf.dir/Drivers/STM32G4xx_HAL_Driver/Src/stm32g4xx_hal.c.obj
                0x08000330                HAL_InitTick
 .text.HAL_Init
                0x08000380       0x1e CMakeFiles/diankongxiaodeng.elf.dir/Drivers/STM32G4xx_HAL_Driver/Src/stm32g4xx_hal.c.obj
                0x08000380                HAL_Init
 *fill*         0x0800039e        0x2 
 .text.HAL_IncTick
                0x080003a0       0x18 CMakeFiles/diankongxiaodeng.elf.dir/Drivers/STM32G4xx_HAL_Driver/Src/stm32g4xx_hal.c.obj
                0x080003a0                HAL_IncTick
 .text.HAL_GetTick
                0x080003b8        0xc CMakeFiles/diankongxiaodeng.elf.dir/Drivers/STM32G4xx_HAL_Driver/Src/stm32g4xx_hal.c.obj
                0x080003b8                HAL_GetTick
 .text.__NVIC_SetPriority
                0x080003c4       0x28 CMakeFiles/diankongxiaodeng.elf.dir/Drivers/STM32G4xx_HAL_Driver/Src/stm32g4xx_hal_cortex.c.obj
 .text.NVIC_EncodePriority
                0x080003ec       0x3e CMakeFiles/diankongxiaodeng.elf.dir/Drivers/STM32G4xx_HAL_Driver/Src/stm32g4xx_hal_cortex.c.obj
 *fill*         0x0800042a        0x2 
 .text.HAL_NVIC_SetPriorityGrouping
                0x0800042c       0x24 CMakeFiles/diankongxiaodeng.elf.dir/Drivers/STM32G4xx_HAL_Driver/Src/stm32g4xx_hal_cortex.c.obj
                0x0800042c                HAL_NVIC_SetPriorityGrouping
 .text.HAL_NVIC_SetPriority
                0x08000450       0x20 CMakeFiles/diankongxiaodeng.elf.dir/Drivers/STM32G4xx_HAL_Driver/Src/stm32g4xx_hal_cortex.c.obj
                0x08000450                HAL_NVIC_SetPriority
 .text.HAL_SYSTICK_Config
                0x08000470       0x28 CMakeFiles/diankongxiaodeng.elf.dir/Drivers/STM32G4xx_HAL_Driver/Src/stm32g4xx_hal_cortex.c.obj
                0x08000470                HAL_SYSTICK_Config
 .text.HAL_PWREx_ControlVoltageScaling
                0x08000498      0x10c CMakeFiles/diankongxiaodeng.elf.dir/Drivers/STM32G4xx_HAL_Driver/Src/stm32g4xx_hal_pwr_ex.c.obj
                0x08000498                HAL_PWREx_ControlVoltageScaling
 .text.HAL_PWREx_DisableUCPDDeadBattery
                0x080005a4       0x10 CMakeFiles/diankongxiaodeng.elf.dir/Drivers/STM32G4xx_HAL_Driver/Src/stm32g4xx_hal_pwr_ex.c.obj
                0x080005a4                HAL_PWREx_DisableUCPDDeadBattery
 .text.RCC_GetSysClockFreqFromPLLSource
                0x080005b4       0x58 CMakeFiles/diankongxiaodeng.elf.dir/Drivers/STM32G4xx_HAL_Driver/Src/stm32g4xx_hal_rcc.c.obj
 .text.HAL_RCC_OscConfig
                0x0800060c      0x4e4 CMakeFiles/diankongxiaodeng.elf.dir/Drivers/STM32G4xx_HAL_Driver/Src/stm32g4xx_hal_rcc.c.obj
                0x0800060c                HAL_RCC_OscConfig
 .text.HAL_RCC_GetSysClockFreq
                0x08000af0       0x88 CMakeFiles/diankongxiaodeng.elf.dir/Drivers/STM32G4xx_HAL_Driver/Src/stm32g4xx_hal_rcc.c.obj
                0x08000af0                HAL_RCC_GetSysClockFreq
 .text.HAL_RCC_ClockConfig
                0x08000b78      0x1f8 CMakeFiles/diankongxiaodeng.elf.dir/Drivers/STM32G4xx_HAL_Driver/Src/stm32g4xx_hal_rcc.c.obj
                0x08000b78                HAL_RCC_ClockConfig
 .text.memset   0x08000d70       0x10 D:/app/STM32CubeCLT_1.16.0/GNU-tools-for-STM32/bin/../lib/gcc/arm-none-eabi/12.3.1/../../../../arm-none-eabi/lib/thumb/v7e-m/nofp\libg.a(libc_a-memset.o)
                0x08000d70                memset
 .text.__libc_init_array
                0x08000d80       0x48 D:/app/STM32CubeCLT_1.16.0/GNU-tools-for-STM32/bin/../lib/gcc/arm-none-eabi/12.3.1/../../../../arm-none-eabi/lib/thumb/v7e-m/nofp\libg.a(libc_a-init.o)
                0x08000d80                __libc_init_array
 .text.__retarget_lock_acquire_recursive
                0x08000dc8        0x2 D:/app/STM32CubeCLT_1.16.0/GNU-tools-for-STM32/bin/../lib/gcc/arm-none-eabi/12.3.1/../../../../arm-none-eabi/lib/thumb/v7e-m/nofp\libg.a(libc_a-lock.o)
                0x08000dc8                __retarget_lock_acquire_recursive
 .text.__retarget_lock_release_recursive
                0x08000dca        0x2 D:/app/STM32CubeCLT_1.16.0/GNU-tools-for-STM32/bin/../lib/gcc/arm-none-eabi/12.3.1/../../../../arm-none-eabi/lib/thumb/v7e-m/nofp\libg.a(libc_a-lock.o)
                0x08000dca                __retarget_lock_release_recursive
 .text.startup.register_fini
                0x08000dcc       0x14 D:/app/STM32CubeCLT_1.16.0/GNU-tools-for-STM32/bin/../lib/gcc/arm-none-eabi/12.3.1/../../../../arm-none-eabi/lib/thumb/v7e-m/nofp\libg.a(libc_a-__call_atexit.o)
 .text.atexit   0x08000de0        0xc D:/app/STM32CubeCLT_1.16.0/GNU-tools-for-STM32/bin/../lib/gcc/arm-none-eabi/12.3.1/../../../../arm-none-eabi/lib/thumb/v7e-m/nofp\libg.a(libc_a-atexit.o)
                0x08000de0                atexit
 .text.__libc_fini_array
                0x08000dec       0x28 D:/app/STM32CubeCLT_1.16.0/GNU-tools-for-STM32/bin/../lib/gcc/arm-none-eabi/12.3.1/../../../../arm-none-eabi/lib/thumb/v7e-m/nofp\libg.a(libc_a-fini.o)
                0x08000dec                __libc_fini_array
 .text.__register_exitproc
                0x08000e14       0x80 D:/app/STM32CubeCLT_1.16.0/GNU-tools-for-STM32/bin/../lib/gcc/arm-none-eabi/12.3.1/../../../../arm-none-eabi/lib/thumb/v7e-m/nofp\libg.a(libc_a-__atexit.o)
                0x08000e14                __register_exitproc
 *(.glue_7)
 .glue_7        0x08000e94        0x0 linker stubs
 *(.glue_7t)
 .glue_7t       0x08000e94        0x0 linker stubs
 *(.eh_frame)
 .eh_frame      0x08000e94        0x0 D:/app/STM32CubeCLT_1.16.0/GNU-tools-for-STM32/bin/../lib/gcc/arm-none-eabi/12.3.1/thumb/v7e-m/nofp/crtbegin.o
 *(.init)
 .init          0x08000e94        0x4 D:/app/STM32CubeCLT_1.16.0/GNU-tools-for-STM32/bin/../lib/gcc/arm-none-eabi/12.3.1/thumb/v7e-m/nofp/crti.o
                0x08000e94                _init
 .init          0x08000e98        0x8 D:/app/STM32CubeCLT_1.16.0/GNU-tools-for-STM32/bin/../lib/gcc/arm-none-eabi/12.3.1/thumb/v7e-m/nofp/crtn.o
 *(.fini)
 .fini          0x08000ea0        0x4 D:/app/STM32CubeCLT_1.16.0/GNU-tools-for-STM32/bin/../lib/gcc/arm-none-eabi/12.3.1/thumb/v7e-m/nofp/crti.o
                0x08000ea0                _fini
 .fini          0x08000ea4        0x8 D:/app/STM32CubeCLT_1.16.0/GNU-tools-for-STM32/bin/../lib/gcc/arm-none-eabi/12.3.1/thumb/v7e-m/nofp/crtn.o
                0x08000eac                        . = ALIGN (0x4)
                0x08000eac                        _etext = .

.vfp11_veneer   0x08000eac        0x0
 .vfp11_veneer  0x08000eac        0x0 linker stubs

.v4_bx          0x08000eac        0x0
 .v4_bx         0x08000eac        0x0 linker stubs

.iplt           0x08000eac        0x0
 .iplt          0x08000eac        0x0 D:/app/STM32CubeCLT_1.16.0/GNU-tools-for-STM32/bin/../lib/gcc/arm-none-eabi/12.3.1/thumb/v7e-m/nofp/crtbegin.o

.rodata         0x08000eac       0x10
                0x08000eac                        . = ALIGN (0x4)
 *(.rodata)
 *(.rodata*)
 .rodata.AHBPrescTable
                0x08000eac       0x10 CMakeFiles/diankongxiaodeng.elf.dir/Core/Src/system_stm32g4xx.c.obj
                0x08000eac                AHBPrescTable
                0x08000ebc                        . = ALIGN (0x4)

.ARM.extab      0x08000ebc        0x0
                0x08000ebc                        . = ALIGN (0x4)
 *(.ARM.extab* .gnu.linkonce.armextab.*)
                0x08000ebc                        . = ALIGN (0x4)

.ARM            0x08000ebc        0x0
                0x08000ebc                        . = ALIGN (0x4)
                0x08000ebc                        __exidx_start = .
 *(.ARM.exidx*)
                0x08000ebc                        __exidx_end = .
                0x08000ebc                        . = ALIGN (0x4)

.preinit_array  0x08000ebc        0x0
                0x08000ebc                        . = ALIGN (0x4)
                0x08000ebc                        PROVIDE (__preinit_array_start = .)
 *(.preinit_array*)
                0x08000ebc                        PROVIDE (__preinit_array_end = .)
                0x08000ebc                        . = ALIGN (0x4)

.init_array     0x08000ebc        0x8
                0x08000ebc                        . = ALIGN (0x4)
                0x08000ebc                        PROVIDE (__init_array_start = .)
 *(SORT_BY_NAME(.init_array.*))
 .init_array.00000
                0x08000ebc        0x4 D:/app/STM32CubeCLT_1.16.0/GNU-tools-for-STM32/bin/../lib/gcc/arm-none-eabi/12.3.1/../../../../arm-none-eabi/lib/thumb/v7e-m/nofp\libg.a(libc_a-__call_atexit.o)
 *(.init_array*)
 .init_array    0x08000ec0        0x4 D:/app/STM32CubeCLT_1.16.0/GNU-tools-for-STM32/bin/../lib/gcc/arm-none-eabi/12.3.1/thumb/v7e-m/nofp/crtbegin.o
                0x08000ec4                        PROVIDE (__init_array_end = .)
                0x08000ec4                        . = ALIGN (0x4)

.fini_array     0x08000ec4        0x4
                0x08000ec4                        . = ALIGN (0x4)
                0x08000ec4                        PROVIDE (__fini_array_start = .)
 *(SORT_BY_NAME(.fini_array.*))
 *(.fini_array*)
 .fini_array    0x08000ec4        0x4 D:/app/STM32CubeCLT_1.16.0/GNU-tools-for-STM32/bin/../lib/gcc/arm-none-eabi/12.3.1/thumb/v7e-m/nofp/crtbegin.o
                0x08000ec8                        PROVIDE (__fini_array_end = .)
                0x08000ec8                        . = ALIGN (0x4)
                0x08000ec8                        _sidata = LOADADDR (.data)

.rel.dyn        0x08000ec8        0x0
 .rel.iplt      0x08000ec8        0x0 D:/app/STM32CubeCLT_1.16.0/GNU-tools-for-STM32/bin/../lib/gcc/arm-none-eabi/12.3.1/thumb/v7e-m/nofp/crtbegin.o

.data           0x20000000       0x10 load address 0x08000ec8
                0x20000000                        . = ALIGN (0x4)
                0x20000000                        _sdata = .
 *(.data)
 *(.data*)
 .data.SystemCoreClock
                0x20000000        0x4 CMakeFiles/diankongxiaodeng.elf.dir/Core/Src/system_stm32g4xx.c.obj
                0x20000000                SystemCoreClock
 .data.uwTickFreq
                0x20000004        0x4 CMakeFiles/diankongxiaodeng.elf.dir/Drivers/STM32G4xx_HAL_Driver/Src/stm32g4xx_hal.c.obj
                0x20000004                uwTickFreq
 .data.uwTickPrio
                0x20000008        0x4 CMakeFiles/diankongxiaodeng.elf.dir/Drivers/STM32G4xx_HAL_Driver/Src/stm32g4xx_hal.c.obj
                0x20000008                uwTickPrio
 .data.__atexit_recursive_mutex
                0x2000000c        0x4 D:/app/STM32CubeCLT_1.16.0/GNU-tools-for-STM32/bin/../lib/gcc/arm-none-eabi/12.3.1/../../../../arm-none-eabi/lib/thumb/v7e-m/nofp\libg.a(libc_a-__call_atexit.o)
                0x2000000c                __atexit_recursive_mutex
 *(.RamFunc)
 *(.RamFunc*)
                0x20000010                        . = ALIGN (0x4)
                0x20000010                        _edata = .

.igot.plt       0x20000010        0x0 load address 0x08000ed8
 .igot.plt      0x20000010        0x0 D:/app/STM32CubeCLT_1.16.0/GNU-tools-for-STM32/bin/../lib/gcc/arm-none-eabi/12.3.1/thumb/v7e-m/nofp/crtbegin.o
                0x20000010                        . = ALIGN (0x4)

.bss            0x20000010      0x1b8 load address 0x08000ed8
                0x20000010                        _sbss = .
                0x20000010                        __bss_start__ = _sbss
 *(.bss)
 .bss           0x20000010       0x1c D:/app/STM32CubeCLT_1.16.0/GNU-tools-for-STM32/bin/../lib/gcc/arm-none-eabi/12.3.1/thumb/v7e-m/nofp/crtbegin.o
 *(.bss*)
 .bss.uwTick    0x2000002c        0x4 CMakeFiles/diankongxiaodeng.elf.dir/Drivers/STM32G4xx_HAL_Driver/Src/stm32g4xx_hal.c.obj
                0x2000002c                uwTick
 .bss.__lock___atexit_recursive_mutex
                0x20000030        0x1 D:/app/STM32CubeCLT_1.16.0/GNU-tools-for-STM32/bin/../lib/gcc/arm-none-eabi/12.3.1/../../../../arm-none-eabi/lib/thumb/v7e-m/nofp\libg.a(libc_a-lock.o)
                0x20000030                __lock___atexit_recursive_mutex
 *fill*         0x20000031        0x3 
 .bss.__atexit  0x20000034        0x4 D:/app/STM32CubeCLT_1.16.0/GNU-tools-for-STM32/bin/../lib/gcc/arm-none-eabi/12.3.1/../../../../arm-none-eabi/lib/thumb/v7e-m/nofp\libg.a(libc_a-__call_atexit.o)
                0x20000034                __atexit
 .bss.__atexit0
                0x20000038      0x190 D:/app/STM32CubeCLT_1.16.0/GNU-tools-for-STM32/bin/../lib/gcc/arm-none-eabi/12.3.1/../../../../arm-none-eabi/lib/thumb/v7e-m/nofp\libg.a(libc_a-__atexit.o)
                0x20000038                __atexit0
 *(COMMON)
                0x200001c8                        . = ALIGN (0x4)
                0x200001c8                        _ebss = .
                0x200001c8                        __bss_end__ = _ebss

._user_heap_stack
                0x200001c8      0x600 load address 0x08000ed8
                0x200001c8                        . = ALIGN (0x8)
                [!provide]                        PROVIDE (end = .)
                0x200001c8                        PROVIDE (_end = .)
                0x200003c8                        . = (. + _Min_Heap_Size)
 *fill*         0x200001c8      0x200 
                0x200007c8                        . = (. + _Min_Stack_Size)
 *fill*         0x200003c8      0x400 
                0x200007c8                        . = ALIGN (0x8)

/DISCARD/
 libc.a(*)
 libm.a(*)
 libgcc.a(*)

.ARM.attributes
                0x00000000       0x2a
 *(.ARM.attributes)
 .ARM.attributes
                0x00000000       0x1e D:/app/STM32CubeCLT_1.16.0/GNU-tools-for-STM32/bin/../lib/gcc/arm-none-eabi/12.3.1/thumb/v7e-m/nofp/crti.o
 .ARM.attributes
                0x0000001e       0x2e D:/app/STM32CubeCLT_1.16.0/GNU-tools-for-STM32/bin/../lib/gcc/arm-none-eabi/12.3.1/thumb/v7e-m/nofp/crtbegin.o
 .ARM.attributes
                0x0000004c       0x2e CMakeFiles/diankongxiaodeng.elf.dir/Core/Src/main.c.obj
 .ARM.attributes
                0x0000007a       0x2e CMakeFiles/diankongxiaodeng.elf.dir/Core/Src/stm32g4xx_hal_msp.c.obj
 .ARM.attributes
                0x000000a8       0x2e CMakeFiles/diankongxiaodeng.elf.dir/Core/Src/stm32g4xx_it.c.obj
 .ARM.attributes
                0x000000d6       0x2e CMakeFiles/diankongxiaodeng.elf.dir/Core/Src/system_stm32g4xx.c.obj
 .ARM.attributes
                0x00000104       0x21 CMakeFiles/diankongxiaodeng.elf.dir/Core/Startup/startup_stm32g431cbux.s.obj
 .ARM.attributes
                0x00000125       0x2e CMakeFiles/diankongxiaodeng.elf.dir/Drivers/STM32G4xx_HAL_Driver/Src/stm32g4xx_hal.c.obj
 .ARM.attributes
                0x00000153       0x2e CMakeFiles/diankongxiaodeng.elf.dir/Drivers/STM32G4xx_HAL_Driver/Src/stm32g4xx_hal_cortex.c.obj
 .ARM.attributes
                0x00000181       0x2e CMakeFiles/diankongxiaodeng.elf.dir/Drivers/STM32G4xx_HAL_Driver/Src/stm32g4xx_hal_pwr_ex.c.obj
 .ARM.attributes
                0x000001af       0x2e CMakeFiles/diankongxiaodeng.elf.dir/Drivers/STM32G4xx_HAL_Driver/Src/stm32g4xx_hal_rcc.c.obj
 .ARM.attributes
                0x000001dd       0x2e D:/app/STM32CubeCLT_1.16.0/GNU-tools-for-STM32/bin/../lib/gcc/arm-none-eabi/12.3.1/../../../../arm-none-eabi/lib/thumb/v7e-m/nofp\libg.a(libc_a-memset.o)
 .ARM.attributes
                0x0000020b       0x2e D:/app/STM32CubeCLT_1.16.0/GNU-tools-for-STM32/bin/../lib/gcc/arm-none-eabi/12.3.1/../../../../arm-none-eabi/lib/thumb/v7e-m/nofp\libg.a(libc_a-init.o)
 .ARM.attributes
                0x00000239       0x2e D:/app/STM32CubeCLT_1.16.0/GNU-tools-for-STM32/bin/../lib/gcc/arm-none-eabi/12.3.1/../../../../arm-none-eabi/lib/thumb/v7e-m/nofp\libg.a(libc_a-lock.o)
 .ARM.attributes
                0x00000267       0x2e D:/app/STM32CubeCLT_1.16.0/GNU-tools-for-STM32/bin/../lib/gcc/arm-none-eabi/12.3.1/../../../../arm-none-eabi/lib/thumb/v7e-m/nofp\libg.a(libc_a-__call_atexit.o)
 .ARM.attributes
                0x00000295       0x2e D:/app/STM32CubeCLT_1.16.0/GNU-tools-for-STM32/bin/../lib/gcc/arm-none-eabi/12.3.1/../../../../arm-none-eabi/lib/thumb/v7e-m/nofp\libg.a(libc_a-atexit.o)
 .ARM.attributes
                0x000002c3       0x2e D:/app/STM32CubeCLT_1.16.0/GNU-tools-for-STM32/bin/../lib/gcc/arm-none-eabi/12.3.1/../../../../arm-none-eabi/lib/thumb/v7e-m/nofp\libg.a(libc_a-fini.o)
 .ARM.attributes
                0x000002f1       0x2e D:/app/STM32CubeCLT_1.16.0/GNU-tools-for-STM32/bin/../lib/gcc/arm-none-eabi/12.3.1/../../../../arm-none-eabi/lib/thumb/v7e-m/nofp\libg.a(libc_a-__atexit.o)
 .ARM.attributes
                0x0000031f       0x1e D:/app/STM32CubeCLT_1.16.0/GNU-tools-for-STM32/bin/../lib/gcc/arm-none-eabi/12.3.1/thumb/v7e-m/nofp/crtn.o
OUTPUT(diankongxiaodeng.elf elf32-littlearm)
LOAD linker stubs
LOAD D:/app/STM32CubeCLT_1.16.0/GNU-tools-for-STM32/bin/../lib/gcc/arm-none-eabi/12.3.1/../../../../arm-none-eabi/lib/thumb/v7e-m/nofp\libc.a
LOAD D:/app/STM32CubeCLT_1.16.0/GNU-tools-for-STM32/bin/../lib/gcc/arm-none-eabi/12.3.1/../../../../arm-none-eabi/lib/thumb/v7e-m/nofp\libm.a
LOAD D:/app/STM32CubeCLT_1.16.0/GNU-tools-for-STM32/bin/../lib/gcc/arm-none-eabi/12.3.1/thumb/v7e-m/nofp\libgcc.a

.debug_info     0x00000000     0x48ed
 .debug_info    0x00000000      0x347 CMakeFiles/diankongxiaodeng.elf.dir/Core/Src/main.c.obj
 .debug_info    0x00000347      0x2e3 CMakeFiles/diankongxiaodeng.elf.dir/Core/Src/stm32g4xx_hal_msp.c.obj
 .debug_info    0x0000062a      0x11d CMakeFiles/diankongxiaodeng.elf.dir/Core/Src/stm32g4xx_it.c.obj
 .debug_info    0x00000747      0x39c CMakeFiles/diankongxiaodeng.elf.dir/Core/Src/system_stm32g4xx.c.obj
 .debug_info    0x00000ae3       0x30 CMakeFiles/diankongxiaodeng.elf.dir/Core/Startup/startup_stm32g431cbux.s.obj
 .debug_info    0x00000b13      0xb94 CMakeFiles/diankongxiaodeng.elf.dir/Drivers/STM32G4xx_HAL_Driver/Src/stm32g4xx_hal.c.obj
 .debug_info    0x000016a7      0xf6e CMakeFiles/diankongxiaodeng.elf.dir/Drivers/STM32G4xx_HAL_Driver/Src/stm32g4xx_hal_cortex.c.obj
 .debug_info    0x00002615      0x9bd CMakeFiles/diankongxiaodeng.elf.dir/Drivers/STM32G4xx_HAL_Driver/Src/stm32g4xx_hal_pwr_ex.c.obj
 .debug_info    0x00002fd2      0xddb CMakeFiles/diankongxiaodeng.elf.dir/Drivers/STM32G4xx_HAL_Driver/Src/stm32g4xx_hal_rcc.c.obj
 .debug_info    0x00003dad       0xe0 D:/app/STM32CubeCLT_1.16.0/GNU-tools-for-STM32/bin/../lib/gcc/arm-none-eabi/12.3.1/../../../../arm-none-eabi/lib/thumb/v7e-m/nofp\libg.a(libc_a-memset.o)
 .debug_info    0x00003e8d      0x10b D:/app/STM32CubeCLT_1.16.0/GNU-tools-for-STM32/bin/../lib/gcc/arm-none-eabi/12.3.1/../../../../arm-none-eabi/lib/thumb/v7e-m/nofp\libg.a(libc_a-init.o)
 .debug_info    0x00003f98      0x20a D:/app/STM32CubeCLT_1.16.0/GNU-tools-for-STM32/bin/../lib/gcc/arm-none-eabi/12.3.1/../../../../arm-none-eabi/lib/thumb/v7e-m/nofp\libg.a(libc_a-lock.o)
 .debug_info    0x000041a2      0x2dd D:/app/STM32CubeCLT_1.16.0/GNU-tools-for-STM32/bin/../lib/gcc/arm-none-eabi/12.3.1/../../../../arm-none-eabi/lib/thumb/v7e-m/nofp\libg.a(libc_a-__call_atexit.o)
 .debug_info    0x0000447f      0x118 D:/app/STM32CubeCLT_1.16.0/GNU-tools-for-STM32/bin/../lib/gcc/arm-none-eabi/12.3.1/../../../../arm-none-eabi/lib/thumb/v7e-m/nofp\libg.a(libc_a-atexit.o)
 .debug_info    0x00004597       0xf7 D:/app/STM32CubeCLT_1.16.0/GNU-tools-for-STM32/bin/../lib/gcc/arm-none-eabi/12.3.1/../../../../arm-none-eabi/lib/thumb/v7e-m/nofp\libg.a(libc_a-fini.o)
 .debug_info    0x0000468e      0x25f D:/app/STM32CubeCLT_1.16.0/GNU-tools-for-STM32/bin/../lib/gcc/arm-none-eabi/12.3.1/../../../../arm-none-eabi/lib/thumb/v7e-m/nofp\libg.a(libc_a-__atexit.o)

.debug_abbrev   0x00000000     0x16a0
 .debug_abbrev  0x00000000      0x16a CMakeFiles/diankongxiaodeng.elf.dir/Core/Src/main.c.obj
 .debug_abbrev  0x0000016a       0xd7 CMakeFiles/diankongxiaodeng.elf.dir/Core/Src/stm32g4xx_hal_msp.c.obj
 .debug_abbrev  0x00000241       0x7c CMakeFiles/diankongxiaodeng.elf.dir/Core/Src/stm32g4xx_it.c.obj
 .debug_abbrev  0x000002bd      0x120 CMakeFiles/diankongxiaodeng.elf.dir/Core/Src/system_stm32g4xx.c.obj
 .debug_abbrev  0x000003dd       0x24 CMakeFiles/diankongxiaodeng.elf.dir/Core/Startup/startup_stm32g431cbux.s.obj
 .debug_abbrev  0x00000401      0x27d CMakeFiles/diankongxiaodeng.elf.dir/Drivers/STM32G4xx_HAL_Driver/Src/stm32g4xx_hal.c.obj
 .debug_abbrev  0x0000067e      0x390 CMakeFiles/diankongxiaodeng.elf.dir/Drivers/STM32G4xx_HAL_Driver/Src/stm32g4xx_hal_cortex.c.obj
 .debug_abbrev  0x00000a0e      0x249 CMakeFiles/diankongxiaodeng.elf.dir/Drivers/STM32G4xx_HAL_Driver/Src/stm32g4xx_hal_pwr_ex.c.obj
 .debug_abbrev  0x00000c57      0x2ab CMakeFiles/diankongxiaodeng.elf.dir/Drivers/STM32G4xx_HAL_Driver/Src/stm32g4xx_hal_rcc.c.obj
 .debug_abbrev  0x00000f02       0x9e D:/app/STM32CubeCLT_1.16.0/GNU-tools-for-STM32/bin/../lib/gcc/arm-none-eabi/12.3.1/../../../../arm-none-eabi/lib/thumb/v7e-m/nofp\libg.a(libc_a-memset.o)
 .debug_abbrev  0x00000fa0       0xc9 D:/app/STM32CubeCLT_1.16.0/GNU-tools-for-STM32/bin/../lib/gcc/arm-none-eabi/12.3.1/../../../../arm-none-eabi/lib/thumb/v7e-m/nofp\libg.a(libc_a-init.o)
 .debug_abbrev  0x00001069      0x115 D:/app/STM32CubeCLT_1.16.0/GNU-tools-for-STM32/bin/../lib/gcc/arm-none-eabi/12.3.1/../../../../arm-none-eabi/lib/thumb/v7e-m/nofp\libg.a(libc_a-lock.o)
 .debug_abbrev  0x0000117e      0x20c D:/app/STM32CubeCLT_1.16.0/GNU-tools-for-STM32/bin/../lib/gcc/arm-none-eabi/12.3.1/../../../../arm-none-eabi/lib/thumb/v7e-m/nofp\libg.a(libc_a-__call_atexit.o)
 .debug_abbrev  0x0000138a       0xc1 D:/app/STM32CubeCLT_1.16.0/GNU-tools-for-STM32/bin/../lib/gcc/arm-none-eabi/12.3.1/../../../../arm-none-eabi/lib/thumb/v7e-m/nofp\libg.a(libc_a-atexit.o)
 .debug_abbrev  0x0000144b       0xcc D:/app/STM32CubeCLT_1.16.0/GNU-tools-for-STM32/bin/../lib/gcc/arm-none-eabi/12.3.1/../../../../arm-none-eabi/lib/thumb/v7e-m/nofp\libg.a(libc_a-fini.o)
 .debug_abbrev  0x00001517      0x189 D:/app/STM32CubeCLT_1.16.0/GNU-tools-for-STM32/bin/../lib/gcc/arm-none-eabi/12.3.1/../../../../arm-none-eabi/lib/thumb/v7e-m/nofp\libg.a(libc_a-__atexit.o)

.debug_aranges  0x00000000      0x640
 .debug_aranges
                0x00000000       0x30 CMakeFiles/diankongxiaodeng.elf.dir/Core/Src/main.c.obj
 .debug_aranges
                0x00000030       0x20 CMakeFiles/diankongxiaodeng.elf.dir/Core/Src/stm32g4xx_hal_msp.c.obj
 .debug_aranges
                0x00000050       0x60 CMakeFiles/diankongxiaodeng.elf.dir/Core/Src/stm32g4xx_it.c.obj
 .debug_aranges
                0x000000b0       0x28 CMakeFiles/diankongxiaodeng.elf.dir/Core/Src/system_stm32g4xx.c.obj
 .debug_aranges
                0x000000d8       0x28 CMakeFiles/diankongxiaodeng.elf.dir/Core/Startup/startup_stm32g431cbux.s.obj
 .debug_aranges
                0x00000100      0x148 CMakeFiles/diankongxiaodeng.elf.dir/Drivers/STM32G4xx_HAL_Driver/Src/stm32g4xx_hal.c.obj
 .debug_aranges
                0x00000248       0xf0 CMakeFiles/diankongxiaodeng.elf.dir/Drivers/STM32G4xx_HAL_Driver/Src/stm32g4xx_hal_cortex.c.obj
 .debug_aranges
                0x00000338      0x140 CMakeFiles/diankongxiaodeng.elf.dir/Drivers/STM32G4xx_HAL_Driver/Src/stm32g4xx_hal_pwr_ex.c.obj
 .debug_aranges
                0x00000478       0x98 CMakeFiles/diankongxiaodeng.elf.dir/Drivers/STM32G4xx_HAL_Driver/Src/stm32g4xx_hal_rcc.c.obj
 .debug_aranges
                0x00000510       0x20 D:/app/STM32CubeCLT_1.16.0/GNU-tools-for-STM32/bin/../lib/gcc/arm-none-eabi/12.3.1/../../../../arm-none-eabi/lib/thumb/v7e-m/nofp\libg.a(libc_a-memset.o)
 .debug_aranges
                0x00000530       0x20 D:/app/STM32CubeCLT_1.16.0/GNU-tools-for-STM32/bin/../lib/gcc/arm-none-eabi/12.3.1/../../../../arm-none-eabi/lib/thumb/v7e-m/nofp\libg.a(libc_a-init.o)
 .debug_aranges
                0x00000550       0x68 D:/app/STM32CubeCLT_1.16.0/GNU-tools-for-STM32/bin/../lib/gcc/arm-none-eabi/12.3.1/../../../../arm-none-eabi/lib/thumb/v7e-m/nofp\libg.a(libc_a-lock.o)
 .debug_aranges
                0x000005b8       0x28 D:/app/STM32CubeCLT_1.16.0/GNU-tools-for-STM32/bin/../lib/gcc/arm-none-eabi/12.3.1/../../../../arm-none-eabi/lib/thumb/v7e-m/nofp\libg.a(libc_a-__call_atexit.o)
 .debug_aranges
                0x000005e0       0x20 D:/app/STM32CubeCLT_1.16.0/GNU-tools-for-STM32/bin/../lib/gcc/arm-none-eabi/12.3.1/../../../../arm-none-eabi/lib/thumb/v7e-m/nofp\libg.a(libc_a-atexit.o)
 .debug_aranges
                0x00000600       0x20 D:/app/STM32CubeCLT_1.16.0/GNU-tools-for-STM32/bin/../lib/gcc/arm-none-eabi/12.3.1/../../../../arm-none-eabi/lib/thumb/v7e-m/nofp\libg.a(libc_a-fini.o)
 .debug_aranges
                0x00000620       0x20 D:/app/STM32CubeCLT_1.16.0/GNU-tools-for-STM32/bin/../lib/gcc/arm-none-eabi/12.3.1/../../../../arm-none-eabi/lib/thumb/v7e-m/nofp\libg.a(libc_a-__atexit.o)

.debug_rnglists
                0x00000000      0x48d
 .debug_rnglists
                0x00000000       0x1f CMakeFiles/diankongxiaodeng.elf.dir/Core/Src/main.c.obj
 .debug_rnglists
                0x0000001f       0x13 CMakeFiles/diankongxiaodeng.elf.dir/Core/Src/stm32g4xx_hal_msp.c.obj
 .debug_rnglists
                0x00000032       0x43 CMakeFiles/diankongxiaodeng.elf.dir/Core/Src/stm32g4xx_it.c.obj
 .debug_rnglists
                0x00000075       0x1a CMakeFiles/diankongxiaodeng.elf.dir/Core/Src/system_stm32g4xx.c.obj
 .debug_rnglists
                0x0000008f       0x19 CMakeFiles/diankongxiaodeng.elf.dir/Core/Startup/startup_stm32g431cbux.s.obj
 .debug_rnglists
                0x000000a8       0xf1 CMakeFiles/diankongxiaodeng.elf.dir/Drivers/STM32G4xx_HAL_Driver/Src/stm32g4xx_hal.c.obj
 .debug_rnglists
                0x00000199       0xaf CMakeFiles/diankongxiaodeng.elf.dir/Drivers/STM32G4xx_HAL_Driver/Src/stm32g4xx_hal_cortex.c.obj
 .debug_rnglists
                0x00000248       0xf1 CMakeFiles/diankongxiaodeng.elf.dir/Drivers/STM32G4xx_HAL_Driver/Src/stm32g4xx_hal_pwr_ex.c.obj
 .debug_rnglists
                0x00000339       0x81 CMakeFiles/diankongxiaodeng.elf.dir/Drivers/STM32G4xx_HAL_Driver/Src/stm32g4xx_hal_rcc.c.obj
 .debug_rnglists
                0x000003ba       0x13 D:/app/STM32CubeCLT_1.16.0/GNU-tools-for-STM32/bin/../lib/gcc/arm-none-eabi/12.3.1/../../../../arm-none-eabi/lib/thumb/v7e-m/nofp\libg.a(libc_a-memset.o)
 .debug_rnglists
                0x000003cd       0x13 D:/app/STM32CubeCLT_1.16.0/GNU-tools-for-STM32/bin/../lib/gcc/arm-none-eabi/12.3.1/../../../../arm-none-eabi/lib/thumb/v7e-m/nofp\libg.a(libc_a-init.o)
 .debug_rnglists
                0x000003e0       0x49 D:/app/STM32CubeCLT_1.16.0/GNU-tools-for-STM32/bin/../lib/gcc/arm-none-eabi/12.3.1/../../../../arm-none-eabi/lib/thumb/v7e-m/nofp\libg.a(libc_a-lock.o)
 .debug_rnglists
                0x00000429       0x2a D:/app/STM32CubeCLT_1.16.0/GNU-tools-for-STM32/bin/../lib/gcc/arm-none-eabi/12.3.1/../../../../arm-none-eabi/lib/thumb/v7e-m/nofp\libg.a(libc_a-__call_atexit.o)
 .debug_rnglists
                0x00000453       0x13 D:/app/STM32CubeCLT_1.16.0/GNU-tools-for-STM32/bin/../lib/gcc/arm-none-eabi/12.3.1/../../../../arm-none-eabi/lib/thumb/v7e-m/nofp\libg.a(libc_a-atexit.o)
 .debug_rnglists
                0x00000466       0x13 D:/app/STM32CubeCLT_1.16.0/GNU-tools-for-STM32/bin/../lib/gcc/arm-none-eabi/12.3.1/../../../../arm-none-eabi/lib/thumb/v7e-m/nofp\libg.a(libc_a-fini.o)
 .debug_rnglists
                0x00000479       0x14 D:/app/STM32CubeCLT_1.16.0/GNU-tools-for-STM32/bin/../lib/gcc/arm-none-eabi/12.3.1/../../../../arm-none-eabi/lib/thumb/v7e-m/nofp\libg.a(libc_a-__atexit.o)

.debug_line     0x00000000     0x4190
 .debug_line    0x00000000      0x376 CMakeFiles/diankongxiaodeng.elf.dir/Core/Src/main.c.obj
 .debug_line    0x00000376      0x285 CMakeFiles/diankongxiaodeng.elf.dir/Core/Src/stm32g4xx_hal_msp.c.obj
 .debug_line    0x000005fb      0x1dd CMakeFiles/diankongxiaodeng.elf.dir/Core/Src/stm32g4xx_it.c.obj
 .debug_line    0x000007d8      0x2ce CMakeFiles/diankongxiaodeng.elf.dir/Core/Src/system_stm32g4xx.c.obj
 .debug_line    0x00000aa6       0x7b CMakeFiles/diankongxiaodeng.elf.dir/Core/Startup/startup_stm32g431cbux.s.obj
 .debug_line    0x00000b21      0x7e9 CMakeFiles/diankongxiaodeng.elf.dir/Drivers/STM32G4xx_HAL_Driver/Src/stm32g4xx_hal.c.obj
 .debug_line    0x0000130a      0x94d CMakeFiles/diankongxiaodeng.elf.dir/Drivers/STM32G4xx_HAL_Driver/Src/stm32g4xx_hal_cortex.c.obj
 .debug_line    0x00001c57      0xb58 CMakeFiles/diankongxiaodeng.elf.dir/Drivers/STM32G4xx_HAL_Driver/Src/stm32g4xx_hal_pwr_ex.c.obj
 .debug_line    0x000027af      0xecf CMakeFiles/diankongxiaodeng.elf.dir/Drivers/STM32G4xx_HAL_Driver/Src/stm32g4xx_hal_rcc.c.obj
 .debug_line    0x0000367e      0x17e D:/app/STM32CubeCLT_1.16.0/GNU-tools-for-STM32/bin/../lib/gcc/arm-none-eabi/12.3.1/../../../../arm-none-eabi/lib/thumb/v7e-m/nofp\libg.a(libc_a-memset.o)
 .debug_line    0x000037fc      0x188 D:/app/STM32CubeCLT_1.16.0/GNU-tools-for-STM32/bin/../lib/gcc/arm-none-eabi/12.3.1/../../../../arm-none-eabi/lib/thumb/v7e-m/nofp\libg.a(libc_a-init.o)
 .debug_line    0x00003984      0x19b D:/app/STM32CubeCLT_1.16.0/GNU-tools-for-STM32/bin/../lib/gcc/arm-none-eabi/12.3.1/../../../../arm-none-eabi/lib/thumb/v7e-m/nofp\libg.a(libc_a-lock.o)
 .debug_line    0x00003b1f      0x28a D:/app/STM32CubeCLT_1.16.0/GNU-tools-for-STM32/bin/../lib/gcc/arm-none-eabi/12.3.1/../../../../arm-none-eabi/lib/thumb/v7e-m/nofp\libg.a(libc_a-__call_atexit.o)
 .debug_line    0x00003da9      0x102 D:/app/STM32CubeCLT_1.16.0/GNU-tools-for-STM32/bin/../lib/gcc/arm-none-eabi/12.3.1/../../../../arm-none-eabi/lib/thumb/v7e-m/nofp\libg.a(libc_a-atexit.o)
 .debug_line    0x00003eab      0x140 D:/app/STM32CubeCLT_1.16.0/GNU-tools-for-STM32/bin/../lib/gcc/arm-none-eabi/12.3.1/../../../../arm-none-eabi/lib/thumb/v7e-m/nofp\libg.a(libc_a-fini.o)
 .debug_line    0x00003feb      0x1a5 D:/app/STM32CubeCLT_1.16.0/GNU-tools-for-STM32/bin/../lib/gcc/arm-none-eabi/12.3.1/../../../../arm-none-eabi/lib/thumb/v7e-m/nofp\libg.a(libc_a-__atexit.o)

.debug_str      0x00000000     0x2539
 .debug_str     0x00000000      0x394 CMakeFiles/diankongxiaodeng.elf.dir/Core/Src/main.c.obj
                                0x3e2 (size before relaxing)
 .debug_str     0x00000394      0x1d0 CMakeFiles/diankongxiaodeng.elf.dir/Core/Src/stm32g4xx_hal_msp.c.obj
                                0x384 (size before relaxing)
 .debug_str     0x00000564       0xe6 CMakeFiles/diankongxiaodeng.elf.dir/Core/Src/stm32g4xx_it.c.obj
                                0x281 (size before relaxing)
 .debug_str     0x0000064a       0xc0 CMakeFiles/diankongxiaodeng.elf.dir/Core/Src/system_stm32g4xx.c.obj
                                0x3c9 (size before relaxing)
 .debug_str     0x0000070a       0x73 CMakeFiles/diankongxiaodeng.elf.dir/Core/Startup/startup_stm32g431cbux.s.obj
                                 0xc3 (size before relaxing)
 .debug_str     0x0000077d      0x939 CMakeFiles/diankongxiaodeng.elf.dir/Drivers/STM32G4xx_HAL_Driver/Src/stm32g4xx_hal.c.obj
                                0xcc2 (size before relaxing)
 .debug_str     0x000010b6      0x510 CMakeFiles/diankongxiaodeng.elf.dir/Drivers/STM32G4xx_HAL_Driver/Src/stm32g4xx_hal_cortex.c.obj
                                0xc18 (size before relaxing)
 .debug_str     0x000015c6      0x561 CMakeFiles/diankongxiaodeng.elf.dir/Drivers/STM32G4xx_HAL_Driver/Src/stm32g4xx_hal_pwr_ex.c.obj
                                0x838 (size before relaxing)
 .debug_str     0x00001b27      0x2fe CMakeFiles/diankongxiaodeng.elf.dir/Drivers/STM32G4xx_HAL_Driver/Src/stm32g4xx_hal_rcc.c.obj
                                0x885 (size before relaxing)
 .debug_str     0x00001e25      0x16a D:/app/STM32CubeCLT_1.16.0/GNU-tools-for-STM32/bin/../lib/gcc/arm-none-eabi/12.3.1/../../../../arm-none-eabi/lib/thumb/v7e-m/nofp\libg.a(libc_a-memset.o)
                                0x206 (size before relaxing)
 .debug_str     0x00001f8f       0xbc D:/app/STM32CubeCLT_1.16.0/GNU-tools-for-STM32/bin/../lib/gcc/arm-none-eabi/12.3.1/../../../../arm-none-eabi/lib/thumb/v7e-m/nofp\libg.a(libc_a-init.o)
                                0x267 (size before relaxing)
 .debug_str     0x0000204b      0x266 D:/app/STM32CubeCLT_1.16.0/GNU-tools-for-STM32/bin/../lib/gcc/arm-none-eabi/12.3.1/../../../../arm-none-eabi/lib/thumb/v7e-m/nofp\libg.a(libc_a-lock.o)
                                0x379 (size before relaxing)
 .debug_str     0x000022b1      0x105 D:/app/STM32CubeCLT_1.16.0/GNU-tools-for-STM32/bin/../lib/gcc/arm-none-eabi/12.3.1/../../../../arm-none-eabi/lib/thumb/v7e-m/nofp\libg.a(libc_a-__call_atexit.o)
                                0x343 (size before relaxing)
 .debug_str     0x000023b6       0x9e D:/app/STM32CubeCLT_1.16.0/GNU-tools-for-STM32/bin/../lib/gcc/arm-none-eabi/12.3.1/../../../../arm-none-eabi/lib/thumb/v7e-m/nofp\libg.a(libc_a-atexit.o)
                                0x243 (size before relaxing)
 .debug_str     0x00002454       0x7a D:/app/STM32CubeCLT_1.16.0/GNU-tools-for-STM32/bin/../lib/gcc/arm-none-eabi/12.3.1/../../../../arm-none-eabi/lib/thumb/v7e-m/nofp\libg.a(libc_a-fini.o)
                                0x23d (size before relaxing)
 .debug_str     0x000024ce       0x6b D:/app/STM32CubeCLT_1.16.0/GNU-tools-for-STM32/bin/../lib/gcc/arm-none-eabi/12.3.1/../../../../arm-none-eabi/lib/thumb/v7e-m/nofp\libg.a(libc_a-__atexit.o)
                                0x31a (size before relaxing)

.comment        0x00000000       0x43
 .comment       0x00000000       0x43 CMakeFiles/diankongxiaodeng.elf.dir/Core/Src/main.c.obj
                                 0x44 (size before relaxing)
 .comment       0x00000043       0x44 CMakeFiles/diankongxiaodeng.elf.dir/Core/Src/stm32g4xx_hal_msp.c.obj
 .comment       0x00000043       0x44 CMakeFiles/diankongxiaodeng.elf.dir/Core/Src/stm32g4xx_it.c.obj
 .comment       0x00000043       0x44 CMakeFiles/diankongxiaodeng.elf.dir/Core/Src/system_stm32g4xx.c.obj
 .comment       0x00000043       0x44 CMakeFiles/diankongxiaodeng.elf.dir/Drivers/STM32G4xx_HAL_Driver/Src/stm32g4xx_hal.c.obj
 .comment       0x00000043       0x44 CMakeFiles/diankongxiaodeng.elf.dir/Drivers/STM32G4xx_HAL_Driver/Src/stm32g4xx_hal_cortex.c.obj
 .comment       0x00000043       0x44 CMakeFiles/diankongxiaodeng.elf.dir/Drivers/STM32G4xx_HAL_Driver/Src/stm32g4xx_hal_pwr_ex.c.obj
 .comment       0x00000043       0x44 CMakeFiles/diankongxiaodeng.elf.dir/Drivers/STM32G4xx_HAL_Driver/Src/stm32g4xx_hal_rcc.c.obj
 .comment       0x00000043       0x44 D:/app/STM32CubeCLT_1.16.0/GNU-tools-for-STM32/bin/../lib/gcc/arm-none-eabi/12.3.1/../../../../arm-none-eabi/lib/thumb/v7e-m/nofp\libg.a(libc_a-memset.o)
 .comment       0x00000043       0x44 D:/app/STM32CubeCLT_1.16.0/GNU-tools-for-STM32/bin/../lib/gcc/arm-none-eabi/12.3.1/../../../../arm-none-eabi/lib/thumb/v7e-m/nofp\libg.a(libc_a-init.o)
 .comment       0x00000043       0x44 D:/app/STM32CubeCLT_1.16.0/GNU-tools-for-STM32/bin/../lib/gcc/arm-none-eabi/12.3.1/../../../../arm-none-eabi/lib/thumb/v7e-m/nofp\libg.a(libc_a-lock.o)
 .comment       0x00000043       0x44 D:/app/STM32CubeCLT_1.16.0/GNU-tools-for-STM32/bin/../lib/gcc/arm-none-eabi/12.3.1/../../../../arm-none-eabi/lib/thumb/v7e-m/nofp\libg.a(libc_a-__call_atexit.o)
 .comment       0x00000043       0x44 D:/app/STM32CubeCLT_1.16.0/GNU-tools-for-STM32/bin/../lib/gcc/arm-none-eabi/12.3.1/../../../../arm-none-eabi/lib/thumb/v7e-m/nofp\libg.a(libc_a-atexit.o)
 .comment       0x00000043       0x44 D:/app/STM32CubeCLT_1.16.0/GNU-tools-for-STM32/bin/../lib/gcc/arm-none-eabi/12.3.1/../../../../arm-none-eabi/lib/thumb/v7e-m/nofp\libg.a(libc_a-fini.o)
 .comment       0x00000043       0x44 D:/app/STM32CubeCLT_1.16.0/GNU-tools-for-STM32/bin/../lib/gcc/arm-none-eabi/12.3.1/../../../../arm-none-eabi/lib/thumb/v7e-m/nofp\libg.a(libc_a-__atexit.o)

.debug_frame    0x00000000      0xbe4
 .debug_frame   0x00000000       0x58 CMakeFiles/diankongxiaodeng.elf.dir/Core/Src/main.c.obj
 .debug_frame   0x00000058       0x2c CMakeFiles/diankongxiaodeng.elf.dir/Core/Src/stm32g4xx_hal_msp.c.obj
 .debug_frame   0x00000084       0xa8 CMakeFiles/diankongxiaodeng.elf.dir/Core/Src/stm32g4xx_it.c.obj
 .debug_frame   0x0000012c       0x30 CMakeFiles/diankongxiaodeng.elf.dir/Core/Src/system_stm32g4xx.c.obj
 .debug_frame   0x0000015c      0x2a4 CMakeFiles/diankongxiaodeng.elf.dir/Drivers/STM32G4xx_HAL_Driver/Src/stm32g4xx_hal.c.obj
 .debug_frame   0x00000400      0x204 CMakeFiles/diankongxiaodeng.elf.dir/Drivers/STM32G4xx_HAL_Driver/Src/stm32g4xx_hal_cortex.c.obj
 .debug_frame   0x00000604      0x268 CMakeFiles/diankongxiaodeng.elf.dir/Drivers/STM32G4xx_HAL_Driver/Src/stm32g4xx_hal_pwr_ex.c.obj
 .debug_frame   0x0000086c      0x198 CMakeFiles/diankongxiaodeng.elf.dir/Drivers/STM32G4xx_HAL_Driver/Src/stm32g4xx_hal_rcc.c.obj
 .debug_frame   0x00000a04       0x20 D:/app/STM32CubeCLT_1.16.0/GNU-tools-for-STM32/bin/../lib/gcc/arm-none-eabi/12.3.1/../../../../arm-none-eabi/lib/thumb/v7e-m/nofp\libg.a(libc_a-memset.o)
 .debug_frame   0x00000a24       0x2c D:/app/STM32CubeCLT_1.16.0/GNU-tools-for-STM32/bin/../lib/gcc/arm-none-eabi/12.3.1/../../../../arm-none-eabi/lib/thumb/v7e-m/nofp\libg.a(libc_a-init.o)
 .debug_frame   0x00000a50       0xb0 D:/app/STM32CubeCLT_1.16.0/GNU-tools-for-STM32/bin/../lib/gcc/arm-none-eabi/12.3.1/../../../../arm-none-eabi/lib/thumb/v7e-m/nofp\libg.a(libc_a-lock.o)
 .debug_frame   0x00000b00       0x58 D:/app/STM32CubeCLT_1.16.0/GNU-tools-for-STM32/bin/../lib/gcc/arm-none-eabi/12.3.1/../../../../arm-none-eabi/lib/thumb/v7e-m/nofp\libg.a(libc_a-__call_atexit.o)
 .debug_frame   0x00000b58       0x20 D:/app/STM32CubeCLT_1.16.0/GNU-tools-for-STM32/bin/../lib/gcc/arm-none-eabi/12.3.1/../../../../arm-none-eabi/lib/thumb/v7e-m/nofp\libg.a(libc_a-atexit.o)
 .debug_frame   0x00000b78       0x38 D:/app/STM32CubeCLT_1.16.0/GNU-tools-for-STM32/bin/../lib/gcc/arm-none-eabi/12.3.1/../../../../arm-none-eabi/lib/thumb/v7e-m/nofp\libg.a(libc_a-fini.o)
 .debug_frame   0x00000bb0       0x34 D:/app/STM32CubeCLT_1.16.0/GNU-tools-for-STM32/bin/../lib/gcc/arm-none-eabi/12.3.1/../../../../arm-none-eabi/lib/thumb/v7e-m/nofp\libg.a(libc_a-__atexit.o)

.debug_loclists
                0x00000000     0x1331
 .debug_loclists
                0x00000000       0x65 CMakeFiles/diankongxiaodeng.elf.dir/Core/Src/system_stm32g4xx.c.obj
 .debug_loclists
                0x00000065      0x12f CMakeFiles/diankongxiaodeng.elf.dir/Drivers/STM32G4xx_HAL_Driver/Src/stm32g4xx_hal.c.obj
 .debug_loclists
                0x00000194      0x431 CMakeFiles/diankongxiaodeng.elf.dir/Drivers/STM32G4xx_HAL_Driver/Src/stm32g4xx_hal_cortex.c.obj
 .debug_loclists
                0x000005c5      0x58f CMakeFiles/diankongxiaodeng.elf.dir/Drivers/STM32G4xx_HAL_Driver/Src/stm32g4xx_hal_pwr_ex.c.obj
 .debug_loclists
                0x00000b54      0x568 CMakeFiles/diankongxiaodeng.elf.dir/Drivers/STM32G4xx_HAL_Driver/Src/stm32g4xx_hal_rcc.c.obj
 .debug_loclists
                0x000010bc       0x47 D:/app/STM32CubeCLT_1.16.0/GNU-tools-for-STM32/bin/../lib/gcc/arm-none-eabi/12.3.1/../../../../arm-none-eabi/lib/thumb/v7e-m/nofp\libg.a(libc_a-memset.o)
 .debug_loclists
                0x00001103       0x44 D:/app/STM32CubeCLT_1.16.0/GNU-tools-for-STM32/bin/../lib/gcc/arm-none-eabi/12.3.1/../../../../arm-none-eabi/lib/thumb/v7e-m/nofp\libg.a(libc_a-init.o)
 .debug_loclists
                0x00001147       0x23 D:/app/STM32CubeCLT_1.16.0/GNU-tools-for-STM32/bin/../lib/gcc/arm-none-eabi/12.3.1/../../../../arm-none-eabi/lib/thumb/v7e-m/nofp\libg.a(libc_a-lock.o)
 .debug_loclists
                0x0000116a       0xd4 D:/app/STM32CubeCLT_1.16.0/GNU-tools-for-STM32/bin/../lib/gcc/arm-none-eabi/12.3.1/../../../../arm-none-eabi/lib/thumb/v7e-m/nofp\libg.a(libc_a-__call_atexit.o)
 .debug_loclists
                0x0000123e       0x2a D:/app/STM32CubeCLT_1.16.0/GNU-tools-for-STM32/bin/../lib/gcc/arm-none-eabi/12.3.1/../../../../arm-none-eabi/lib/thumb/v7e-m/nofp\libg.a(libc_a-atexit.o)
 .debug_loclists
                0x00001268       0x3b D:/app/STM32CubeCLT_1.16.0/GNU-tools-for-STM32/bin/../lib/gcc/arm-none-eabi/12.3.1/../../../../arm-none-eabi/lib/thumb/v7e-m/nofp\libg.a(libc_a-fini.o)
 .debug_loclists
                0x000012a3       0x8e D:/app/STM32CubeCLT_1.16.0/GNU-tools-for-STM32/bin/../lib/gcc/arm-none-eabi/12.3.1/../../../../arm-none-eabi/lib/thumb/v7e-m/nofp\libg.a(libc_a-__atexit.o)

.debug_line_str
                0x00000000       0xa7
 .debug_line_str
                0x00000000       0xa7 CMakeFiles/diankongxiaodeng.elf.dir/Core/Startup/startup_stm32g431cbux.s.obj
