Archive member included to satisfy reference by file (symbol)

D:/app/STM32CubeCLT_1.16.0/GNU-tools-for-STM32/bin/../lib/gcc/arm-none-eabi/12.3.1/thumb/v7e-m/nofp\libgcc.a(_aeabi_uldivmod.o)
                              CMakeFiles/Lighting.elf.dir/Drivers/STM32F4xx_HAL_Driver/Src/stm32f4xx_hal_rcc.c.obj (__aeabi_uldivmod)
D:/app/STM32CubeCLT_1.16.0/GNU-tools-for-STM32/bin/../lib/gcc/arm-none-eabi/12.3.1/thumb/v7e-m/nofp\libgcc.a(_udivmoddi4.o)
                              D:/app/STM32CubeCLT_1.16.0/GNU-tools-for-STM32/bin/../lib/gcc/arm-none-eabi/12.3.1/thumb/v7e-m/nofp\libgcc.a(_aeabi_uldivmod.o) (__udivmoddi4)
D:/app/STM32CubeCLT_1.16.0/GNU-tools-for-STM32/bin/../lib/gcc/arm-none-eabi/12.3.1/thumb/v7e-m/nofp\libgcc.a(_dvmd_tls.o)
                              D:/app/STM32CubeCLT_1.16.0/GNU-tools-for-STM32/bin/../lib/gcc/arm-none-eabi/12.3.1/thumb/v7e-m/nofp\libgcc.a(_aeabi_uldivmod.o) (__aeabi_ldiv0)
D:/app/STM32CubeCLT_1.16.0/GNU-tools-for-STM32/bin/../lib/gcc/arm-none-eabi/12.3.1/../../../../arm-none-eabi/lib/thumb/v7e-m/nofp\libg.a(libc_a-exit.o)
                              D:/app/STM32CubeCLT_1.16.0/GNU-tools-for-STM32/bin/../lib/gcc/arm-none-eabi/12.3.1/../../../../arm-none-eabi/lib/thumb/v7e-m/nofp/crt0.o (exit)
D:/app/STM32CubeCLT_1.16.0/GNU-tools-for-STM32/bin/../lib/gcc/arm-none-eabi/12.3.1/../../../../arm-none-eabi/lib/thumb/v7e-m/nofp\libg.a(libc_a-findfp.o)
                              D:/app/STM32CubeCLT_1.16.0/GNU-tools-for-STM32/bin/../lib/gcc/arm-none-eabi/12.3.1/../../../../arm-none-eabi/lib/thumb/v7e-m/nofp\libg.a(libc_a-exit.o) (__stdio_exit_handler)
D:/app/STM32CubeCLT_1.16.0/GNU-tools-for-STM32/bin/../lib/gcc/arm-none-eabi/12.3.1/../../../../arm-none-eabi/lib/thumb/v7e-m/nofp\libg.a(libc_a-fwalk.o)
                              D:/app/STM32CubeCLT_1.16.0/GNU-tools-for-STM32/bin/../lib/gcc/arm-none-eabi/12.3.1/../../../../arm-none-eabi/lib/thumb/v7e-m/nofp\libg.a(libc_a-findfp.o) (_fwalk_sglue)
D:/app/STM32CubeCLT_1.16.0/GNU-tools-for-STM32/bin/../lib/gcc/arm-none-eabi/12.3.1/../../../../arm-none-eabi/lib/thumb/v7e-m/nofp\libg.a(libc_a-stdio.o)
                              D:/app/STM32CubeCLT_1.16.0/GNU-tools-for-STM32/bin/../lib/gcc/arm-none-eabi/12.3.1/../../../../arm-none-eabi/lib/thumb/v7e-m/nofp\libg.a(libc_a-findfp.o) (__sread)
D:/app/STM32CubeCLT_1.16.0/GNU-tools-for-STM32/bin/../lib/gcc/arm-none-eabi/12.3.1/../../../../arm-none-eabi/lib/thumb/v7e-m/nofp\libg.a(libc_a-memset.o)
                              D:/app/STM32CubeCLT_1.16.0/GNU-tools-for-STM32/bin/../lib/gcc/arm-none-eabi/12.3.1/../../../../arm-none-eabi/lib/thumb/v7e-m/nofp/crt0.o (memset)
D:/app/STM32CubeCLT_1.16.0/GNU-tools-for-STM32/bin/../lib/gcc/arm-none-eabi/12.3.1/../../../../arm-none-eabi/lib/thumb/v7e-m/nofp\libg.a(libc_a-closer.o)
                              D:/app/STM32CubeCLT_1.16.0/GNU-tools-for-STM32/bin/../lib/gcc/arm-none-eabi/12.3.1/../../../../arm-none-eabi/lib/thumb/v7e-m/nofp\libg.a(libc_a-stdio.o) (_close_r)
D:/app/STM32CubeCLT_1.16.0/GNU-tools-for-STM32/bin/../lib/gcc/arm-none-eabi/12.3.1/../../../../arm-none-eabi/lib/thumb/v7e-m/nofp\libg.a(libc_a-reent.o)
                              D:/app/STM32CubeCLT_1.16.0/GNU-tools-for-STM32/bin/../lib/gcc/arm-none-eabi/12.3.1/../../../../arm-none-eabi/lib/thumb/v7e-m/nofp\libg.a(libc_a-closer.o) (errno)
D:/app/STM32CubeCLT_1.16.0/GNU-tools-for-STM32/bin/../lib/gcc/arm-none-eabi/12.3.1/../../../../arm-none-eabi/lib/thumb/v7e-m/nofp\libg.a(libc_a-impure.o)
                              D:/app/STM32CubeCLT_1.16.0/GNU-tools-for-STM32/bin/../lib/gcc/arm-none-eabi/12.3.1/../../../../arm-none-eabi/lib/thumb/v7e-m/nofp\libg.a(libc_a-reent.o) (_impure_ptr)
D:/app/STM32CubeCLT_1.16.0/GNU-tools-for-STM32/bin/../lib/gcc/arm-none-eabi/12.3.1/../../../../arm-none-eabi/lib/thumb/v7e-m/nofp\libg.a(libc_a-lseekr.o)
                              D:/app/STM32CubeCLT_1.16.0/GNU-tools-for-STM32/bin/../lib/gcc/arm-none-eabi/12.3.1/../../../../arm-none-eabi/lib/thumb/v7e-m/nofp\libg.a(libc_a-stdio.o) (_lseek_r)
D:/app/STM32CubeCLT_1.16.0/GNU-tools-for-STM32/bin/../lib/gcc/arm-none-eabi/12.3.1/../../../../arm-none-eabi/lib/thumb/v7e-m/nofp\libg.a(libc_a-readr.o)
                              D:/app/STM32CubeCLT_1.16.0/GNU-tools-for-STM32/bin/../lib/gcc/arm-none-eabi/12.3.1/../../../../arm-none-eabi/lib/thumb/v7e-m/nofp\libg.a(libc_a-stdio.o) (_read_r)
D:/app/STM32CubeCLT_1.16.0/GNU-tools-for-STM32/bin/../lib/gcc/arm-none-eabi/12.3.1/../../../../arm-none-eabi/lib/thumb/v7e-m/nofp\libg.a(libc_a-writer.o)
                              D:/app/STM32CubeCLT_1.16.0/GNU-tools-for-STM32/bin/../lib/gcc/arm-none-eabi/12.3.1/../../../../arm-none-eabi/lib/thumb/v7e-m/nofp\libg.a(libc_a-stdio.o) (_write_r)
D:/app/STM32CubeCLT_1.16.0/GNU-tools-for-STM32/bin/../lib/gcc/arm-none-eabi/12.3.1/../../../../arm-none-eabi/lib/thumb/v7e-m/nofp\libg.a(libc_a-errno.o)
                              CMakeFiles/Lighting.elf.dir/Core/Src/syscalls.c.obj (__errno)
[...]
Memory Configuration

Name             Origin             Length             Attributes
CCMRAM           0x10000000         0x00010000         xrw
RAM              0x20000000         0x00030000         xrw
FLASH            0x08000000         0x00200000         xr
*default*        0x00000000         0xffffffff

Linker script and memory map

LOAD D:/app/STM32CubeCLT_1.16.0/GNU-tools-for-STM32/bin/../lib/gcc/arm-none-eabi/12.3.1/thumb/v7e-m/nofp/crti.o
LOAD D:/app/STM32CubeCLT_1.16.0/GNU-tools-for-STM32/bin/../lib/gcc/arm-none-eabi/12.3.1/thumb/v7e-m/nofp/crtbegin.o
LOAD D:/app/STM32CubeCLT_1.16.0/GNU-tools-for-STM32/bin/../lib/gcc/arm-none-eabi/12.3.1/../../../../arm-none-eabi/lib/thumb/v7e-m/nofp/crt0.o
LOAD CMakeFiles/Lighting.elf.dir/Core/Src/callback.c.obj
LOAD CMakeFiles/Lighting.elf.dir/Core/Src/can.c.obj
LOAD CMakeFiles/Lighting.elf.dir/Core/Src/dma.c.obj
LOAD CMakeFiles/Lighting.elf.dir/Core/Src/gpio.c.obj
LOAD CMakeFiles/Lighting.elf.dir/Core/Src/main.c.obj
LOAD CMakeFiles/Lighting.elf.dir/Core/Src/stm32f4xx_hal_msp.c.obj
LOAD CMakeFiles/Lighting.elf.dir/Core/Src/stm32f4xx_it.c.obj
LOAD CMakeFiles/Lighting.elf.dir/Core/Src/syscalls.c.obj
LOAD CMakeFiles/Lighting.elf.dir/Core/Src/sysmem.c.obj
LOAD CMakeFiles/Lighting.elf.dir/Core/Src/system_stm32f4xx.c.obj
LOAD CMakeFiles/Lighting.elf.dir/Core/Src/tim.c.obj
LOAD CMakeFiles/Lighting.elf.dir/Core/Src/usart.c.obj
LOAD CMakeFiles/Lighting.elf.dir/Core/Startup/startup_stm32f427iihx.s.obj
LOAD CMakeFiles/Lighting.elf.dir/Drivers/STM32F4xx_HAL_Driver/Src/stm32f4xx_hal.c.obj
LOAD CMakeFiles/Lighting.elf.dir/Drivers/STM32F4xx_HAL_Driver/Src/stm32f4xx_hal_can.c.obj
LOAD CMakeFiles/Lighting.elf.dir/Drivers/STM32F4xx_HAL_Driver/Src/stm32f4xx_hal_cortex.c.obj
LOAD CMakeFiles/Lighting.elf.dir/Drivers/STM32F4xx_HAL_Driver/Src/stm32f4xx_hal_dma.c.obj
LOAD CMakeFiles/Lighting.elf.dir/Drivers/STM32F4xx_HAL_Driver/Src/stm32f4xx_hal_dma_ex.c.obj
LOAD CMakeFiles/Lighting.elf.dir/Drivers/STM32F4xx_HAL_Driver/Src/stm32f4xx_hal_exti.c.obj
LOAD CMakeFiles/Lighting.elf.dir/Drivers/STM32F4xx_HAL_Driver/Src/stm32f4xx_hal_flash.c.obj
LOAD CMakeFiles/Lighting.elf.dir/Drivers/STM32F4xx_HAL_Driver/Src/stm32f4xx_hal_flash_ex.c.obj
LOAD CMakeFiles/Lighting.elf.dir/Drivers/STM32F4xx_HAL_Driver/Src/stm32f4xx_hal_flash_ramfunc.c.obj
LOAD CMakeFiles/Lighting.elf.dir/Drivers/STM32F4xx_HAL_Driver/Src/stm32f4xx_hal_gpio.c.obj
LOAD CMakeFiles/Lighting.elf.dir/Drivers/STM32F4xx_HAL_Driver/Src/stm32f4xx_hal_pwr.c.obj
LOAD CMakeFiles/Lighting.elf.dir/Drivers/STM32F4xx_HAL_Driver/Src/stm32f4xx_hal_pwr_ex.c.obj
LOAD CMakeFiles/Lighting.elf.dir/Drivers/STM32F4xx_HAL_Driver/Src/stm32f4xx_hal_rcc.c.obj
LOAD CMakeFiles/Lighting.elf.dir/Drivers/STM32F4xx_HAL_Driver/Src/stm32f4xx_hal_rcc_ex.c.obj
LOAD CMakeFiles/Lighting.elf.dir/Drivers/STM32F4xx_HAL_Driver/Src/stm32f4xx_hal_tim.c.obj
LOAD CMakeFiles/Lighting.elf.dir/Drivers/STM32F4xx_HAL_Driver/Src/stm32f4xx_hal_tim_ex.c.obj
LOAD CMakeFiles/Lighting.elf.dir/Drivers/STM32F4xx_HAL_Driver/Src/stm32f4xx_hal_uart.c.obj
START GROUP
LOAD D:/app/STM32CubeCLT_1.16.0/GNU-tools-for-STM32/bin/../lib/gcc/arm-none-eabi/12.3.1/thumb/v7e-m/nofp\libgcc.a
LOAD D:/app/STM32CubeCLT_1.16.0/GNU-tools-for-STM32/bin/../lib/gcc/arm-none-eabi/12.3.1/../../../../arm-none-eabi/lib/thumb/v7e-m/nofp\libg.a
LOAD D:/app/STM32CubeCLT_1.16.0/GNU-tools-for-STM32/bin/../lib/gcc/arm-none-eabi/12.3.1/../../../../arm-none-eabi/lib/thumb/v7e-m/nofp\libc.a
END GROUP
LOAD D:/app/STM32CubeCLT_1.16.0/GNU-tools-for-STM32/bin/../lib/gcc/arm-none-eabi/12.3.1/thumb/v7e-m/nofp/crtend.o
LOAD D:/app/STM32CubeCLT_1.16.0/GNU-tools-for-STM32/bin/../lib/gcc/arm-none-eabi/12.3.1/thumb/v7e-m/nofp/crtn.o
                0x20030000                        _estack = (ORIGIN (RAM) + LENGTH (RAM))
                0x00000200                        _Min_Heap_Size = 0x200
                0x00000400                        _Min_Stack_Size = 0x400

.isr_vector     0x08000000      0x1ac
                0x08000000                        . = ALIGN (0x4)
 *(.isr_vector)
 .isr_vector    0x08000000      0x1ac CMakeFiles/Lighting.elf.dir/Core/Startup/startup_stm32f427iihx.s.obj
                0x08000000                g_pfnVectors
                0x080001ac                        . = ALIGN (0x4)

.text           0x080001ac     0x2864
                0x080001ac                        . = ALIGN (0x4)
 *(.text)
 .text          0x080001ac       0x40 D:/app/STM32CubeCLT_1.16.0/GNU-tools-for-STM32/bin/../lib/gcc/arm-none-eabi/12.3.1/thumb/v7e-m/nofp/crtbegin.o
 .text          0x080001ec       0x30 D:/app/STM32CubeCLT_1.16.0/GNU-tools-for-STM32/bin/../lib/gcc/arm-none-eabi/12.3.1/thumb/v7e-m/nofp\libgcc.a(_aeabi_uldivmod.o)
                0x080001ec                __aeabi_uldivmod
 .text          0x0800021c      0x2bc D:/app/STM32CubeCLT_1.16.0/GNU-tools-for-STM32/bin/../lib/gcc/arm-none-eabi/12.3.1/thumb/v7e-m/nofp\libgcc.a(_udivmoddi4.o)
                0x0800021c                __udivmoddi4
 .text          0x080004d8        0x4 D:/app/STM32CubeCLT_1.16.0/GNU-tools-for-STM32/bin/../lib/gcc/arm-none-eabi/12.3.1/thumb/v7e-m/nofp\libgcc.a(_dvmd_tls.o)
                0x080004d8                __aeabi_idiv0
                0x080004d8                __aeabi_ldiv0
 *(.text*)
 .text.HAL_TIM_PeriodElapsedCallback
                0x080004dc       0x24 CMakeFiles/Lighting.elf.dir/Core/Src/callback.c.obj
                0x080004dc                HAL_TIM_PeriodElapsedCallback
 .text.MX_CAN1_Init
                0x08000500       0x40 CMakeFiles/Lighting.elf.dir/Core/Src/can.c.obj
                0x08000500                MX_CAN1_Init
 .text.HAL_CAN_MspInit
                0x08000540       0x80 CMakeFiles/Lighting.elf.dir/Core/Src/can.c.obj
                0x08000540                HAL_CAN_MspInit
 .text.MX_DMA_Init
                0x080005c0       0x34 CMakeFiles/Lighting.elf.dir/Core/Src/dma.c.obj
                0x080005c0                MX_DMA_Init
 .text.MX_GPIO_Init
                0x080005f4       0xa8 CMakeFiles/Lighting.elf.dir/Core/Src/gpio.c.obj
                0x080005f4                MX_GPIO_Init
 .text.Error_Handler
                0x0800069c        0x4 CMakeFiles/Lighting.elf.dir/Core/Src/main.c.obj
                0x0800069c                Error_Handler
 .text.SystemClock_Config
                0x080006a0       0xb0 CMakeFiles/Lighting.elf.dir/Core/Src/main.c.obj
                0x080006a0                SystemClock_Config
 .text.main     0x08000750       0x54 CMakeFiles/Lighting.elf.dir/Core/Src/main.c.obj
                0x08000750                main
 .text.HAL_MspInit
                0x080007a4       0x38 CMakeFiles/Lighting.elf.dir/Core/Src/stm32f4xx_hal_msp.c.obj
                0x080007a4                HAL_MspInit
 .text.NMI_Handler
                0x080007dc        0x2 CMakeFiles/Lighting.elf.dir/Core/Src/stm32f4xx_it.c.obj
                0x080007dc                NMI_Handler
 .text.HardFault_Handler
                0x080007de        0x2 CMakeFiles/Lighting.elf.dir/Core/Src/stm32f4xx_it.c.obj
                0x080007de                HardFault_Handler
 .text.MemManage_Handler
                0x080007e0        0x2 CMakeFiles/Lighting.elf.dir/Core/Src/stm32f4xx_it.c.obj
                0x080007e0                MemManage_Handler
 .text.BusFault_Handler
                0x080007e2        0x2 CMakeFiles/Lighting.elf.dir/Core/Src/stm32f4xx_it.c.obj
                0x080007e2                BusFault_Handler
 .text.UsageFault_Handler
                0x080007e4        0x2 CMakeFiles/Lighting.elf.dir/Core/Src/stm32f4xx_it.c.obj
                0x080007e4                UsageFault_Handler
 .text.SVC_Handler
                0x080007e6        0x2 CMakeFiles/Lighting.elf.dir/Core/Src/stm32f4xx_it.c.obj
                0x080007e6                SVC_Handler
 .text.DebugMon_Handler
                0x080007e8        0x2 CMakeFiles/Lighting.elf.dir/Core/Src/stm32f4xx_it.c.obj
                0x080007e8                DebugMon_Handler
 .text.PendSV_Handler
                0x080007ea        0x2 CMakeFiles/Lighting.elf.dir/Core/Src/stm32f4xx_it.c.obj
                0x080007ea                PendSV_Handler
 .text.SysTick_Handler
                0x080007ec        0x8 CMakeFiles/Lighting.elf.dir/Core/Src/stm32f4xx_it.c.obj
                0x080007ec                SysTick_Handler
 .text.CAN1_RX0_IRQHandler
                0x080007f4       0x10 CMakeFiles/Lighting.elf.dir/Core/Src/stm32f4xx_it.c.obj
                0x080007f4                CAN1_RX0_IRQHandler
 .text.USART1_IRQHandler
                0x08000804       0x10 CMakeFiles/Lighting.elf.dir/Core/Src/stm32f4xx_it.c.obj
                0x08000804                USART1_IRQHandler
 .text.TIM6_DAC_IRQHandler
                0x08000814       0x10 CMakeFiles/Lighting.elf.dir/Core/Src/stm32f4xx_it.c.obj
                0x08000814                TIM6_DAC_IRQHandler
 .text.DMA2_Stream2_IRQHandler
                0x08000824       0x10 CMakeFiles/Lighting.elf.dir/Core/Src/stm32f4xx_it.c.obj
                0x08000824                DMA2_Stream2_IRQHandler
 .text.UART7_IRQHandler
                0x08000834       0x10 CMakeFiles/Lighting.elf.dir/Core/Src/stm32f4xx_it.c.obj
                0x08000834                UART7_IRQHandler
 .text.SystemInit
                0x08000844        0x2 CMakeFiles/Lighting.elf.dir/Core/Src/system_stm32f4xx.c.obj
                0x08000844                SystemInit
 *fill*         0x08000846        0x2 
 .text.MX_TIM6_Init
                0x08000848       0x50 CMakeFiles/Lighting.elf.dir/Core/Src/tim.c.obj
                0x08000848                MX_TIM6_Init
 .text.HAL_TIM_Base_MspInit
                0x08000898       0x40 CMakeFiles/Lighting.elf.dir/Core/Src/tim.c.obj
                0x08000898                HAL_TIM_Base_MspInit
 .text.MX_UART7_Init
                0x080008d8       0x34 CMakeFiles/Lighting.elf.dir/Core/Src/usart.c.obj
                0x080008d8                MX_UART7_Init
 .text.MX_USART1_UART_Init
                0x0800090c       0x40 CMakeFiles/Lighting.elf.dir/Core/Src/usart.c.obj
                0x0800090c                MX_USART1_UART_Init
 .text.HAL_UART_MspInit
                0x0800094c      0x124 CMakeFiles/Lighting.elf.dir/Core/Src/usart.c.obj
                0x0800094c                HAL_UART_MspInit
 .text.Reset_Handler
                0x08000a70       0x50 CMakeFiles/Lighting.elf.dir/Core/Startup/startup_stm32f427iihx.s.obj
                0x08000a70                Reset_Handler
 .text.Default_Handler
                0x08000ac0        0x2 CMakeFiles/Lighting.elf.dir/Core/Startup/startup_stm32f427iihx.s.obj
                0x08000ac0                RTC_Alarm_IRQHandler
                0x08000ac0                HASH_RNG_IRQHandler
                0x08000ac0                EXTI2_IRQHandler
                0x08000ac0                TIM8_CC_IRQHandler
                0x08000ac0                UART8_IRQHandler
                0x08000ac0                SPI4_IRQHandler
                0x08000ac0                TIM1_CC_IRQHandler
                0x08000ac0                DMA2_Stream5_IRQHandler
                0x08000ac0                DMA1_Stream5_IRQHandler
                0x08000ac0                PVD_IRQHandler
                0x08000ac0                SDIO_IRQHandler
                0x08000ac0                TAMP_STAMP_IRQHandler
                0x08000ac0                CAN2_RX1_IRQHandler
                0x08000ac0                EXTI3_IRQHandler
                0x08000ac0                TIM8_TRG_COM_TIM14_IRQHandler
                0x08000ac0                TIM1_UP_TIM10_IRQHandler
                0x08000ac0                TIM8_UP_TIM13_IRQHandler
                0x08000ac0                I2C3_ER_IRQHandler
                0x08000ac0                EXTI0_IRQHandler
                0x08000ac0                I2C2_EV_IRQHandler
                0x08000ac0                DMA1_Stream2_IRQHandler
                0x08000ac0                FPU_IRQHandler
                0x08000ac0                OTG_HS_WKUP_IRQHandler
                0x08000ac0                CAN2_SCE_IRQHandler
                0x08000ac0                SPI1_IRQHandler
                0x08000ac0                TIM1_BRK_TIM9_IRQHandler
                0x08000ac0                DCMI_IRQHandler
                0x08000ac0                CAN2_RX0_IRQHandler
                0x08000ac0                DMA2_Stream3_IRQHandler
                0x08000ac0                USART6_IRQHandler
                0x08000ac0                USART3_IRQHandler
                0x08000ac0                CAN1_RX1_IRQHandler
                0x08000ac0                UART5_IRQHandler
                0x08000ac0                DMA2_Stream0_IRQHandler
                0x08000ac0                TIM4_IRQHandler
                0x08000ac0                I2C1_EV_IRQHandler
                0x08000ac0                DMA1_Stream6_IRQHandler
                0x08000ac0                DMA1_Stream1_IRQHandler
                0x08000ac0                UART4_IRQHandler
                0x08000ac0                TIM3_IRQHandler
                0x08000ac0                RCC_IRQHandler
                0x08000ac0                TIM8_BRK_TIM12_IRQHandler
                0x08000ac0                Default_Handler
                0x08000ac0                EXTI15_10_IRQHandler
                0x08000ac0                ADC_IRQHandler
                0x08000ac0                DMA1_Stream7_IRQHandler
                0x08000ac0                SPI5_IRQHandler
                0x08000ac0                TIM7_IRQHandler
                0x08000ac0                CAN2_TX_IRQHandler
                0x08000ac0                TIM5_IRQHandler
                0x08000ac0                DMA2_Stream7_IRQHandler
                0x08000ac0                I2C3_EV_IRQHandler
                0x08000ac0                EXTI9_5_IRQHandler
                0x08000ac0                RTC_WKUP_IRQHandler
                0x08000ac0                ETH_WKUP_IRQHandler
                0x08000ac0                SPI2_IRQHandler
                0x08000ac0                OTG_HS_EP1_IN_IRQHandler
                0x08000ac0                DMA1_Stream0_IRQHandler
                0x08000ac0                CAN1_TX_IRQHandler
                0x08000ac0                EXTI4_IRQHandler
                0x08000ac0                ETH_IRQHandler
                0x08000ac0                OTG_HS_EP1_OUT_IRQHandler
                0x08000ac0                WWDG_IRQHandler
                0x08000ac0                SPI6_IRQHandler
                0x08000ac0                TIM2_IRQHandler
                0x08000ac0                OTG_FS_WKUP_IRQHandler
                0x08000ac0                TIM1_TRG_COM_TIM11_IRQHandler
                0x08000ac0                OTG_HS_IRQHandler
                0x08000ac0                DMA2D_IRQHandler
                0x08000ac0                EXTI1_IRQHandler
                0x08000ac0                USART2_IRQHandler
                0x08000ac0                I2C2_ER_IRQHandler
                0x08000ac0                DMA2_Stream1_IRQHandler
                0x08000ac0                CAN1_SCE_IRQHandler
                0x08000ac0                FLASH_IRQHandler
                0x08000ac0                DMA2_Stream4_IRQHandler
                0x08000ac0                OTG_FS_IRQHandler
                0x08000ac0                SPI3_IRQHandler
                0x08000ac0                DMA1_Stream4_IRQHandler
                0x08000ac0                I2C1_ER_IRQHandler
                0x08000ac0                FMC_IRQHandler
                0x08000ac0                DMA2_Stream6_IRQHandler
                0x08000ac0                SAI1_IRQHandler
                0x08000ac0                DMA1_Stream3_IRQHandler
 *fill*         0x08000ac2        0x2 
 .text.HAL_InitTick
                0x08000ac4       0x4c CMakeFiles/Lighting.elf.dir/Drivers/STM32F4xx_HAL_Driver/Src/stm32f4xx_hal.c.obj
                0x08000ac4                HAL_InitTick
 .text.HAL_Init
                0x08000b10       0x34 CMakeFiles/Lighting.elf.dir/Drivers/STM32F4xx_HAL_Driver/Src/stm32f4xx_hal.c.obj
                0x08000b10                HAL_Init
 .text.HAL_IncTick
                0x08000b44       0x18 CMakeFiles/Lighting.elf.dir/Drivers/STM32F4xx_HAL_Driver/Src/stm32f4xx_hal.c.obj
                0x08000b44                HAL_IncTick
 .text.HAL_GetTick
                0x08000b5c        0xc CMakeFiles/Lighting.elf.dir/Drivers/STM32F4xx_HAL_Driver/Src/stm32f4xx_hal.c.obj
                0x08000b5c                HAL_GetTick
 .text.HAL_CAN_Init
                0x08000b68      0x14c CMakeFiles/Lighting.elf.dir/Drivers/STM32F4xx_HAL_Driver/Src/stm32f4xx_hal_can.c.obj
                0x08000b68                HAL_CAN_Init
 .text.HAL_CAN_TxMailbox0CompleteCallback
                0x08000cb4        0x2 CMakeFiles/Lighting.elf.dir/Drivers/STM32F4xx_HAL_Driver/Src/stm32f4xx_hal_can.c.obj
                0x08000cb4                HAL_CAN_TxMailbox0CompleteCallback
 .text.HAL_CAN_TxMailbox1CompleteCallback
                0x08000cb6        0x2 CMakeFiles/Lighting.elf.dir/Drivers/STM32F4xx_HAL_Driver/Src/stm32f4xx_hal_can.c.obj
                0x08000cb6                HAL_CAN_TxMailbox1CompleteCallback
 .text.HAL_CAN_TxMailbox2CompleteCallback
                0x08000cb8        0x2 CMakeFiles/Lighting.elf.dir/Drivers/STM32F4xx_HAL_Driver/Src/stm32f4xx_hal_can.c.obj
                0x08000cb8                HAL_CAN_TxMailbox2CompleteCallback
 .text.HAL_CAN_TxMailbox0AbortCallback
                0x08000cba        0x2 CMakeFiles/Lighting.elf.dir/Drivers/STM32F4xx_HAL_Driver/Src/stm32f4xx_hal_can.c.obj
                0x08000cba                HAL_CAN_TxMailbox0AbortCallback
 .text.HAL_CAN_TxMailbox1AbortCallback
                0x08000cbc        0x2 CMakeFiles/Lighting.elf.dir/Drivers/STM32F4xx_HAL_Driver/Src/stm32f4xx_hal_can.c.obj
                0x08000cbc                HAL_CAN_TxMailbox1AbortCallback
 .text.HAL_CAN_TxMailbox2AbortCallback
                0x08000cbe        0x2 CMakeFiles/Lighting.elf.dir/Drivers/STM32F4xx_HAL_Driver/Src/stm32f4xx_hal_can.c.obj
                0x08000cbe                HAL_CAN_TxMailbox2AbortCallback
 .text.HAL_CAN_RxFifo0MsgPendingCallback
                0x08000cc0        0x2 CMakeFiles/Lighting.elf.dir/Drivers/STM32F4xx_HAL_Driver/Src/stm32f4xx_hal_can.c.obj
                0x08000cc0                HAL_CAN_RxFifo0MsgPendingCallback
 .text.HAL_CAN_RxFifo0FullCallback
                0x08000cc2        0x2 CMakeFiles/Lighting.elf.dir/Drivers/STM32F4xx_HAL_Driver/Src/stm32f4xx_hal_can.c.obj
                0x08000cc2                HAL_CAN_RxFifo0FullCallback
 .text.HAL_CAN_RxFifo1MsgPendingCallback
                0x08000cc4        0x2 CMakeFiles/Lighting.elf.dir/Drivers/STM32F4xx_HAL_Driver/Src/stm32f4xx_hal_can.c.obj
                0x08000cc4                HAL_CAN_RxFifo1MsgPendingCallback
 .text.HAL_CAN_RxFifo1FullCallback
                0x08000cc6        0x2 CMakeFiles/Lighting.elf.dir/Drivers/STM32F4xx_HAL_Driver/Src/stm32f4xx_hal_can.c.obj
                0x08000cc6                HAL_CAN_RxFifo1FullCallback
 .text.HAL_CAN_SleepCallback
                0x08000cc8        0x2 CMakeFiles/Lighting.elf.dir/Drivers/STM32F4xx_HAL_Driver/Src/stm32f4xx_hal_can.c.obj
                0x08000cc8                HAL_CAN_SleepCallback
 .text.HAL_CAN_WakeUpFromRxMsgCallback
                0x08000cca        0x2 CMakeFiles/Lighting.elf.dir/Drivers/STM32F4xx_HAL_Driver/Src/stm32f4xx_hal_can.c.obj
                0x08000cca                HAL_CAN_WakeUpFromRxMsgCallback
 .text.HAL_CAN_ErrorCallback
                0x08000ccc        0x2 CMakeFiles/Lighting.elf.dir/Drivers/STM32F4xx_HAL_Driver/Src/stm32f4xx_hal_can.c.obj
                0x08000ccc                HAL_CAN_ErrorCallback
 .text.HAL_CAN_IRQHandler
                0x08000cce      0x24a CMakeFiles/Lighting.elf.dir/Drivers/STM32F4xx_HAL_Driver/Src/stm32f4xx_hal_can.c.obj
                0x08000cce                HAL_CAN_IRQHandler
 .text.__NVIC_EnableIRQ
                0x08000f18       0x1c CMakeFiles/Lighting.elf.dir/Drivers/STM32F4xx_HAL_Driver/Src/stm32f4xx_hal_cortex.c.obj
 .text.__NVIC_SetPriority
                0x08000f34       0x28 CMakeFiles/Lighting.elf.dir/Drivers/STM32F4xx_HAL_Driver/Src/stm32f4xx_hal_cortex.c.obj
 .text.NVIC_EncodePriority
                0x08000f5c       0x3e CMakeFiles/Lighting.elf.dir/Drivers/STM32F4xx_HAL_Driver/Src/stm32f4xx_hal_cortex.c.obj
 *fill*         0x08000f9a        0x2 
 .text.HAL_NVIC_SetPriorityGrouping
                0x08000f9c       0x24 CMakeFiles/Lighting.elf.dir/Drivers/STM32F4xx_HAL_Driver/Src/stm32f4xx_hal_cortex.c.obj
                0x08000f9c                HAL_NVIC_SetPriorityGrouping
 .text.HAL_NVIC_SetPriority
                0x08000fc0       0x20 CMakeFiles/Lighting.elf.dir/Drivers/STM32F4xx_HAL_Driver/Src/stm32f4xx_hal_cortex.c.obj
                0x08000fc0                HAL_NVIC_SetPriority
 .text.HAL_NVIC_EnableIRQ
                0x08000fe0        0x8 CMakeFiles/Lighting.elf.dir/Drivers/STM32F4xx_HAL_Driver/Src/stm32f4xx_hal_cortex.c.obj
                0x08000fe0                HAL_NVIC_EnableIRQ
 .text.HAL_SYSTICK_Config
                0x08000fe8       0x28 CMakeFiles/Lighting.elf.dir/Drivers/STM32F4xx_HAL_Driver/Src/stm32f4xx_hal_cortex.c.obj
                0x08000fe8                HAL_SYSTICK_Config
 .text.DMA_CalcBaseAndBitshift
                0x08001010       0x40 CMakeFiles/Lighting.elf.dir/Drivers/STM32F4xx_HAL_Driver/Src/stm32f4xx_hal_dma.c.obj
 .text.DMA_CheckFifoParam
                0x08001050       0x8e CMakeFiles/Lighting.elf.dir/Drivers/STM32F4xx_HAL_Driver/Src/stm32f4xx_hal_dma.c.obj
 *fill*         0x080010de        0x2 
 .text.HAL_DMA_Init
                0x080010e0       0xcc CMakeFiles/Lighting.elf.dir/Drivers/STM32F4xx_HAL_Driver/Src/stm32f4xx_hal_dma.c.obj
                0x080010e0                HAL_DMA_Init
 .text.HAL_DMA_Abort
                0x080011ac       0x94 CMakeFiles/Lighting.elf.dir/Drivers/STM32F4xx_HAL_Driver/Src/stm32f4xx_hal_dma.c.obj
                0x080011ac                HAL_DMA_Abort
 .text.HAL_DMA_Abort_IT
                0x08001240       0x26 CMakeFiles/Lighting.elf.dir/Drivers/STM32F4xx_HAL_Driver/Src/stm32f4xx_hal_dma.c.obj
                0x08001240                HAL_DMA_Abort_IT
 *fill*         0x08001266        0x2 
 .text.HAL_DMA_IRQHandler
                0x08001268      0x1dc CMakeFiles/Lighting.elf.dir/Drivers/STM32F4xx_HAL_Driver/Src/stm32f4xx_hal_dma.c.obj
                0x08001268                HAL_DMA_IRQHandler
 .text.HAL_GPIO_Init
                0x08001444      0x20c CMakeFiles/Lighting.elf.dir/Drivers/STM32F4xx_HAL_Driver/Src/stm32f4xx_hal_gpio.c.obj
                0x08001444                HAL_GPIO_Init
 .text.HAL_GPIO_WritePin
                0x08001650        0xc CMakeFiles/Lighting.elf.dir/Drivers/STM32F4xx_HAL_Driver/Src/stm32f4xx_hal_gpio.c.obj
                0x08001650                HAL_GPIO_WritePin
 .text.HAL_GPIO_TogglePin
                0x0800165c       0x12 CMakeFiles/Lighting.elf.dir/Drivers/STM32F4xx_HAL_Driver/Src/stm32f4xx_hal_gpio.c.obj
                0x0800165c                HAL_GPIO_TogglePin
 *fill*         0x0800166e        0x2 
 .text.HAL_PWREx_EnableOverDrive
                0x08001670       0x7c CMakeFiles/Lighting.elf.dir/Drivers/STM32F4xx_HAL_Driver/Src/stm32f4xx_hal_pwr_ex.c.obj
                0x08001670                HAL_PWREx_EnableOverDrive
 .text.HAL_RCC_OscConfig
                0x080016ec      0x3f8 CMakeFiles/Lighting.elf.dir/Drivers/STM32F4xx_HAL_Driver/Src/stm32f4xx_hal_rcc.c.obj
                0x080016ec                HAL_RCC_OscConfig
 .text.HAL_RCC_GetSysClockFreq
                0x08001ae4       0xa8 CMakeFiles/Lighting.elf.dir/Drivers/STM32F4xx_HAL_Driver/Src/stm32f4xx_hal_rcc.c.obj
                0x08001ae4                HAL_RCC_GetSysClockFreq
 .text.HAL_RCC_ClockConfig
                0x08001b8c      0x160 CMakeFiles/Lighting.elf.dir/Drivers/STM32F4xx_HAL_Driver/Src/stm32f4xx_hal_rcc.c.obj
                0x08001b8c                HAL_RCC_ClockConfig
 .text.HAL_RCC_GetHCLKFreq
                0x08001cec        0xc CMakeFiles/Lighting.elf.dir/Drivers/STM32F4xx_HAL_Driver/Src/stm32f4xx_hal_rcc.c.obj
                0x08001cec                HAL_RCC_GetHCLKFreq
 .text.HAL_RCC_GetPCLK1Freq
                0x08001cf8       0x20 CMakeFiles/Lighting.elf.dir/Drivers/STM32F4xx_HAL_Driver/Src/stm32f4xx_hal_rcc.c.obj
                0x08001cf8                HAL_RCC_GetPCLK1Freq
 .text.HAL_RCC_GetPCLK2Freq
                0x08001d18       0x20 CMakeFiles/Lighting.elf.dir/Drivers/STM32F4xx_HAL_Driver/Src/stm32f4xx_hal_rcc.c.obj
                0x08001d18                HAL_RCC_GetPCLK2Freq
 .text.HAL_TIM_Base_Start_IT
                0x08001d38       0x88 CMakeFiles/Lighting.elf.dir/Drivers/STM32F4xx_HAL_Driver/Src/stm32f4xx_hal_tim.c.obj
                0x08001d38                HAL_TIM_Base_Start_IT
 .text.HAL_TIM_OC_DelayElapsedCallback
                0x08001dc0        0x2 CMakeFiles/Lighting.elf.dir/Drivers/STM32F4xx_HAL_Driver/Src/stm32f4xx_hal_tim.c.obj
                0x08001dc0                HAL_TIM_OC_DelayElapsedCallback
 .text.HAL_TIM_IC_CaptureCallback
                0x08001dc2        0x2 CMakeFiles/Lighting.elf.dir/Drivers/STM32F4xx_HAL_Driver/Src/stm32f4xx_hal_tim.c.obj
                0x08001dc2                HAL_TIM_IC_CaptureCallback
 .text.HAL_TIM_PWM_PulseFinishedCallback
                0x08001dc4        0x2 CMakeFiles/Lighting.elf.dir/Drivers/STM32F4xx_HAL_Driver/Src/stm32f4xx_hal_tim.c.obj
                0x08001dc4                HAL_TIM_PWM_PulseFinishedCallback
 .text.HAL_TIM_TriggerCallback
                0x08001dc6        0x2 CMakeFiles/Lighting.elf.dir/Drivers/STM32F4xx_HAL_Driver/Src/stm32f4xx_hal_tim.c.obj
                0x08001dc6                HAL_TIM_TriggerCallback
 .text.HAL_TIM_IRQHandler
                0x08001dc8      0x15e CMakeFiles/Lighting.elf.dir/Drivers/STM32F4xx_HAL_Driver/Src/stm32f4xx_hal_tim.c.obj
                0x08001dc8                HAL_TIM_IRQHandler
 *fill*         0x08001f26        0x2 
 .text.TIM_Base_SetConfig
                0x08001f28       0xd8 CMakeFiles/Lighting.elf.dir/Drivers/STM32F4xx_HAL_Driver/Src/stm32f4xx_hal_tim.c.obj
                0x08001f28                TIM_Base_SetConfig
 .text.HAL_TIM_Base_Init
                0x08002000       0x58 CMakeFiles/Lighting.elf.dir/Drivers/STM32F4xx_HAL_Driver/Src/stm32f4xx_hal_tim.c.obj
                0x08002000                HAL_TIM_Base_Init
 .text.HAL_TIMEx_MasterConfigSynchronization
                0x08002058       0x8c CMakeFiles/Lighting.elf.dir/Drivers/STM32F4xx_HAL_Driver/Src/stm32f4xx_hal_tim_ex.c.obj
                0x08002058                HAL_TIMEx_MasterConfigSynchronization
 .text.HAL_TIMEx_CommutCallback
                0x080020e4        0x2 CMakeFiles/Lighting.elf.dir/Drivers/STM32F4xx_HAL_Driver/Src/stm32f4xx_hal_tim_ex.c.obj
                0x080020e4                HAL_TIMEx_CommutCallback
 .text.HAL_TIMEx_BreakCallback
                0x080020e6        0x2 CMakeFiles/Lighting.elf.dir/Drivers/STM32F4xx_HAL_Driver/Src/stm32f4xx_hal_tim_ex.c.obj
                0x080020e6                HAL_TIMEx_BreakCallback
 .text.UART_EndRxTransfer
                0x080020e8       0x5c CMakeFiles/Lighting.elf.dir/Drivers/STM32F4xx_HAL_Driver/Src/stm32f4xx_hal_uart.c.obj
 .text.UART_Transmit_IT
                0x08002144       0x60 CMakeFiles/Lighting.elf.dir/Drivers/STM32F4xx_HAL_Driver/Src/stm32f4xx_hal_uart.c.obj
 .text.UART_SetConfig
                0x080021a4      0x110 CMakeFiles/Lighting.elf.dir/Drivers/STM32F4xx_HAL_Driver/Src/stm32f4xx_hal_uart.c.obj
 .text.UART_WaitOnFlagUntilTimeout
                0x080022b4       0x86 CMakeFiles/Lighting.elf.dir/Drivers/STM32F4xx_HAL_Driver/Src/stm32f4xx_hal_uart.c.obj
 .text.HAL_UART_Init
                0x0800233a       0x60 CMakeFiles/Lighting.elf.dir/Drivers/STM32F4xx_HAL_Driver/Src/stm32f4xx_hal_uart.c.obj
                0x0800233a                HAL_UART_Init
 .text.HAL_UART_Transmit
                0x0800239a       0xcc CMakeFiles/Lighting.elf.dir/Drivers/STM32F4xx_HAL_Driver/Src/stm32f4xx_hal_uart.c.obj
                0x0800239a                HAL_UART_Transmit
 .text.HAL_UART_Receive
                0x08002466       0xd2 CMakeFiles/Lighting.elf.dir/Drivers/STM32F4xx_HAL_Driver/Src/stm32f4xx_hal_uart.c.obj
                0x08002466                HAL_UART_Receive
 .text.HAL_UART_TxCpltCallback
                0x08002538        0x2 CMakeFiles/Lighting.elf.dir/Drivers/STM32F4xx_HAL_Driver/Src/stm32f4xx_hal_uart.c.obj
                0x08002538                HAL_UART_TxCpltCallback
 .text.UART_EndTransmit_IT
                0x0800253a       0x1a CMakeFiles/Lighting.elf.dir/Drivers/STM32F4xx_HAL_Driver/Src/stm32f4xx_hal_uart.c.obj
 .text.HAL_UART_RxCpltCallback
                0x08002554        0x2 CMakeFiles/Lighting.elf.dir/Drivers/STM32F4xx_HAL_Driver/Src/stm32f4xx_hal_uart.c.obj
                0x08002554                HAL_UART_RxCpltCallback
 .text.HAL_UART_ErrorCallback
                0x08002556        0x2 CMakeFiles/Lighting.elf.dir/Drivers/STM32F4xx_HAL_Driver/Src/stm32f4xx_hal_uart.c.obj
                0x08002556                HAL_UART_ErrorCallback
 .text.UART_DMAAbortOnError
                0x08002558       0x10 CMakeFiles/Lighting.elf.dir/Drivers/STM32F4xx_HAL_Driver/Src/stm32f4xx_hal_uart.c.obj
 .text.HAL_UARTEx_RxEventCallback
                0x08002568        0x2 CMakeFiles/Lighting.elf.dir/Drivers/STM32F4xx_HAL_Driver/Src/stm32f4xx_hal_uart.c.obj
                0x08002568                HAL_UARTEx_RxEventCallback
 .text.UART_Receive_IT
                0x0800256a       0xe6 CMakeFiles/Lighting.elf.dir/Drivers/STM32F4xx_HAL_Driver/Src/stm32f4xx_hal_uart.c.obj
 .text.HAL_UART_IRQHandler
                0x08002650      0x284 CMakeFiles/Lighting.elf.dir/Drivers/STM32F4xx_HAL_Driver/Src/stm32f4xx_hal_uart.c.obj
                0x08002650                HAL_UART_IRQHandler
 .text.memset   0x080028d4       0x10 D:/app/STM32CubeCLT_1.16.0/GNU-tools-for-STM32/bin/../lib/gcc/arm-none-eabi/12.3.1/../../../../arm-none-eabi/lib/thumb/v7e-m/nofp\libg.a(libc_a-memset.o)
                0x080028d4                memset
 .text.__libc_init_array
                0x080028e4       0x48 D:/app/STM32CubeCLT_1.16.0/GNU-tools-for-STM32/bin/../lib/gcc/arm-none-eabi/12.3.1/../../../../arm-none-eabi/lib/thumb/v7e-m/nofp\libg.a(libc_a-init.o)
                0x080028e4                __libc_init_array
 .text.__retarget_lock_acquire_recursive
                0x0800292c        0x2 D:/app/STM32CubeCLT_1.16.0/GNU-tools-for-STM32/bin/../lib/gcc/arm-none-eabi/12.3.1/../../../../arm-none-eabi/lib/thumb/v7e-m/nofp\libg.a(libc_a-lock.o)
                0x0800292c                __retarget_lock_acquire_recursive
 .text.__retarget_lock_release_recursive
                0x0800292e        0x2 D:/app/STM32CubeCLT_1.16.0/GNU-tools-for-STM32/bin/../lib/gcc/arm-none-eabi/12.3.1/../../../../arm-none-eabi/lib/thumb/v7e-m/nofp\libg.a(libc_a-lock.o)
                0x0800292e                __retarget_lock_release_recursive
 .text.startup.register_fini
                0x08002930       0x14 D:/app/STM32CubeCLT_1.16.0/GNU-tools-for-STM32/bin/../lib/gcc/arm-none-eabi/12.3.1/../../../../arm-none-eabi/lib/thumb/v7e-m/nofp\libg.a(libc_a-__call_atexit.o)
 .text.atexit   0x08002944        0xc D:/app/STM32CubeCLT_1.16.0/GNU-tools-for-STM32/bin/../lib/gcc/arm-none-eabi/12.3.1/../../../../arm-none-eabi/lib/thumb/v7e-m/nofp\libg.a(libc_a-atexit.o)
                0x08002944                atexit
 .text.__libc_fini_array
                0x08002950       0x28 D:/app/STM32CubeCLT_1.16.0/GNU-tools-for-STM32/bin/../lib/gcc/arm-none-eabi/12.3.1/../../../../arm-none-eabi/lib/thumb/v7e-m/nofp\libg.a(libc_a-fini.o)
                0x08002950                __libc_fini_array
 .text.__register_exitproc
                0x08002978       0x80 D:/app/STM32CubeCLT_1.16.0/GNU-tools-for-STM32/bin/../lib/gcc/arm-none-eabi/12.3.1/../../../../arm-none-eabi/lib/thumb/v7e-m/nofp\libg.a(libc_a-__atexit.o)
                0x08002978                __register_exitproc
 *(.glue_7)
 .glue_7        0x080029f8        0x0 linker stubs
 *(.glue_7t)
 .glue_7t       0x080029f8        0x0 linker stubs
 *(.eh_frame)
 .eh_frame      0x080029f8        0x0 D:/app/STM32CubeCLT_1.16.0/GNU-tools-for-STM32/bin/../lib/gcc/arm-none-eabi/12.3.1/thumb/v7e-m/nofp/crtbegin.o
 *(.init)
 .init          0x080029f8        0x4 D:/app/STM32CubeCLT_1.16.0/GNU-tools-for-STM32/bin/../lib/gcc/arm-none-eabi/12.3.1/thumb/v7e-m/nofp/crti.o
                0x080029f8                _init
 .init          0x080029fc        0x8 D:/app/STM32CubeCLT_1.16.0/GNU-tools-for-STM32/bin/../lib/gcc/arm-none-eabi/12.3.1/thumb/v7e-m/nofp/crtn.o
 *(.fini)
 .fini          0x08002a04        0x4 D:/app/STM32CubeCLT_1.16.0/GNU-tools-for-STM32/bin/../lib/gcc/arm-none-eabi/12.3.1/thumb/v7e-m/nofp/crti.o
                0x08002a04                _fini
 .fini          0x08002a08        0x8 D:/app/STM32CubeCLT_1.16.0/GNU-tools-for-STM32/bin/../lib/gcc/arm-none-eabi/12.3.1/thumb/v7e-m/nofp/crtn.o
                0x08002a10                        . = ALIGN (0x4)
                0x08002a10                        _etext = .

.vfp11_veneer   0x08002a10        0x0
 .vfp11_veneer  0x08002a10        0x0 linker stubs

.v4_bx          0x08002a10        0x0
 .v4_bx         0x08002a10        0x0 linker stubs

.iplt           0x08002a10        0x0
 .iplt          0x08002a10        0x0 D:/app/STM32CubeCLT_1.16.0/GNU-tools-for-STM32/bin/../lib/gcc/arm-none-eabi/12.3.1/thumb/v7e-m/nofp/crtbegin.o

.rodata         0x08002a10       0x20
                0x08002a10                        . = ALIGN (0x4)
 *(.rodata)
 *(.rodata*)
 .rodata.APBPrescTable
                0x08002a10        0x8 CMakeFiles/Lighting.elf.dir/Core/Src/system_stm32f4xx.c.obj
                0x08002a10                APBPrescTable
 .rodata.AHBPrescTable
                0x08002a18       0x10 CMakeFiles/Lighting.elf.dir/Core/Src/system_stm32f4xx.c.obj
                0x08002a18                AHBPrescTable
 .rodata.flagBitshiftOffset.0
                0x08002a28        0x8 CMakeFiles/Lighting.elf.dir/Drivers/STM32F4xx_HAL_Driver/Src/stm32f4xx_hal_dma.c.obj
                0x08002a30                        . = ALIGN (0x4)

.ARM.extab      0x08002a30        0x0
                0x08002a30                        . = ALIGN (0x4)
 *(.ARM.extab* .gnu.linkonce.armextab.*)
                0x08002a30                        . = ALIGN (0x4)

.ARM            0x08002a30        0x8
                0x08002a30                        . = ALIGN (0x4)
                0x08002a30                        __exidx_start = .
 *(.ARM.exidx*)
 .ARM.exidx     0x08002a30        0x8 D:/app/STM32CubeCLT_1.16.0/GNU-tools-for-STM32/bin/../lib/gcc/arm-none-eabi/12.3.1/thumb/v7e-m/nofp\libgcc.a(_udivmoddi4.o)
                0x08002a38                        __exidx_end = .
                0x08002a38                        . = ALIGN (0x4)

.preinit_array  0x08002a38        0x0
                0x08002a38                        . = ALIGN (0x4)
                0x08002a38                        PROVIDE (__preinit_array_start = .)
 *(.preinit_array*)
                0x08002a38                        PROVIDE (__preinit_array_end = .)
                0x08002a38                        . = ALIGN (0x4)

.init_array     0x08002a38        0x8
                0x08002a38                        . = ALIGN (0x4)
                0x08002a38                        PROVIDE (__init_array_start = .)
 *(SORT_BY_NAME(.init_array.*))
 .init_array.00000
                0x08002a38        0x4 D:/app/STM32CubeCLT_1.16.0/GNU-tools-for-STM32/bin/../lib/gcc/arm-none-eabi/12.3.1/../../../../arm-none-eabi/lib/thumb/v7e-m/nofp\libg.a(libc_a-__call_atexit.o)
 *(.init_array*)
 .init_array    0x08002a3c        0x4 D:/app/STM32CubeCLT_1.16.0/GNU-tools-for-STM32/bin/../lib/gcc/arm-none-eabi/12.3.1/thumb/v7e-m/nofp/crtbegin.o
                0x08002a40                        PROVIDE (__init_array_end = .)
                0x08002a40                        . = ALIGN (0x4)

.fini_array     0x08002a40        0x4
                0x08002a40                        . = ALIGN (0x4)
                0x08002a40                        PROVIDE (__fini_array_start = .)
 *(SORT_BY_NAME(.fini_array.*))
 *(.fini_array*)
 .fini_array    0x08002a40        0x4 D:/app/STM32CubeCLT_1.16.0/GNU-tools-for-STM32/bin/../lib/gcc/arm-none-eabi/12.3.1/thumb/v7e-m/nofp/crtbegin.o
                0x08002a44                        PROVIDE (__fini_array_end = .)
                0x08002a44                        . = ALIGN (0x4)
                0x08002a44                        _sidata = LOADADDR (.data)

.rel.dyn        0x08002a44        0x0
 .rel.iplt      0x08002a44        0x0 D:/app/STM32CubeCLT_1.16.0/GNU-tools-for-STM32/bin/../lib/gcc/arm-none-eabi/12.3.1/thumb/v7e-m/nofp/crtbegin.o

.data           0x20000000       0x10 load address 0x08002a44
                0x20000000                        . = ALIGN (0x4)
                0x20000000                        _sdata = .
 *(.data)
 *(.data*)
 .data.SystemCoreClock
                0x20000000        0x4 CMakeFiles/Lighting.elf.dir/Core/Src/system_stm32f4xx.c.obj
                0x20000000                SystemCoreClock
 .data.uwTickFreq
                0x20000004        0x1 CMakeFiles/Lighting.elf.dir/Drivers/STM32F4xx_HAL_Driver/Src/stm32f4xx_hal.c.obj
                0x20000004                uwTickFreq
 *fill*         0x20000005        0x3 
 .data.uwTickPrio
                0x20000008        0x4 CMakeFiles/Lighting.elf.dir/Drivers/STM32F4xx_HAL_Driver/Src/stm32f4xx_hal.c.obj
                0x20000008                uwTickPrio
 .data.__atexit_recursive_mutex
                0x2000000c        0x4 D:/app/STM32CubeCLT_1.16.0/GNU-tools-for-STM32/bin/../lib/gcc/arm-none-eabi/12.3.1/../../../../arm-none-eabi/lib/thumb/v7e-m/nofp\libg.a(libc_a-__call_atexit.o)
                0x2000000c                __atexit_recursive_mutex
 *(.RamFunc)
 *(.RamFunc*)
                0x20000010                        . = ALIGN (0x4)
                0x20000010                        _edata = .
                0x08002a54                        _siccmram = LOADADDR (.ccmram)

.igot.plt       0x20000010        0x0 load address 0x08002a54
 .igot.plt      0x20000010        0x0 D:/app/STM32CubeCLT_1.16.0/GNU-tools-for-STM32/bin/../lib/gcc/arm-none-eabi/12.3.1/thumb/v7e-m/nofp/crtbegin.o

.ccmram         0x10000000        0x0 load address 0x08002a54
                0x10000000                        . = ALIGN (0x4)
                0x10000000                        _sccmram = .
 *(.ccmram)
 *(.ccmram*)
                0x10000000                        . = ALIGN (0x4)
                0x10000000                        _eccmram = .
                0x10000000                        . = ALIGN (0x4)

.bss            0x20000010      0x318
                0x20000010                        _sbss = .
                0x20000010                        __bss_start__ = _sbss
 *(.bss)
 .bss           0x20000010       0x1c D:/app/STM32CubeCLT_1.16.0/GNU-tools-for-STM32/bin/../lib/gcc/arm-none-eabi/12.3.1/thumb/v7e-m/nofp/crtbegin.o
 *(.bss*)
 .bss.hcan1     0x2000002c       0x28 CMakeFiles/Lighting.elf.dir/Core/Src/can.c.obj
                0x2000002c                hcan1
 .bss.htim6     0x20000054       0x48 CMakeFiles/Lighting.elf.dir/Core/Src/tim.c.obj
                0x20000054                htim6
 .bss.hdma_usart1_rx
                0x2000009c       0x60 CMakeFiles/Lighting.elf.dir/Core/Src/usart.c.obj
                0x2000009c                hdma_usart1_rx
 .bss.huart1    0x200000fc       0x48 CMakeFiles/Lighting.elf.dir/Core/Src/usart.c.obj
                0x200000fc                huart1
 .bss.huart7    0x20000144       0x48 CMakeFiles/Lighting.elf.dir/Core/Src/usart.c.obj
                0x20000144                huart7
 .bss.uwTick    0x2000018c        0x4 CMakeFiles/Lighting.elf.dir/Drivers/STM32F4xx_HAL_Driver/Src/stm32f4xx_hal.c.obj
                0x2000018c                uwTick
 .bss.__lock___atexit_recursive_mutex
                0x20000190        0x1 D:/app/STM32CubeCLT_1.16.0/GNU-tools-for-STM32/bin/../lib/gcc/arm-none-eabi/12.3.1/../../../../arm-none-eabi/lib/thumb/v7e-m/nofp\libg.a(libc_a-lock.o)
                0x20000190                __lock___atexit_recursive_mutex
 *fill*         0x20000191        0x3 
 .bss.__atexit  0x20000194        0x4 D:/app/STM32CubeCLT_1.16.0/GNU-tools-for-STM32/bin/../lib/gcc/arm-none-eabi/12.3.1/../../../../arm-none-eabi/lib/thumb/v7e-m/nofp\libg.a(libc_a-__call_atexit.o)
                0x20000194                __atexit
 .bss.__atexit0
                0x20000198      0x190 D:/app/STM32CubeCLT_1.16.0/GNU-tools-for-STM32/bin/../lib/gcc/arm-none-eabi/12.3.1/../../../../arm-none-eabi/lib/thumb/v7e-m/nofp\libg.a(libc_a-__atexit.o)
                0x20000198                __atexit0
 *(COMMON)
                0x20000328                        . = ALIGN (0x4)
                0x20000328                        _ebss = .
                0x20000328                        __bss_end__ = _ebss

._user_heap_stack
                0x20000328      0x600
                0x20000328                        . = ALIGN (0x8)
                [!provide]                        PROVIDE (end = .)
                0x20000328                        PROVIDE (_end = .)
                0x20000528                        . = (. + _Min_Heap_Size)
 *fill*         0x20000328      0x200 
                0x20000928                        . = (. + _Min_Stack_Size)
 *fill*         0x20000528      0x400 
                0x20000928                        . = ALIGN (0x8)

/DISCARD/
 libc.a(*)
 libm.a(*)
 libgcc.a(*)

.ARM.attributes
                0x00000000       0x2a
 *(.ARM.attributes)
 .ARM.attributes
                0x00000000       0x1e D:/app/STM32CubeCLT_1.16.0/GNU-tools-for-STM32/bin/../lib/gcc/arm-none-eabi/12.3.1/thumb/v7e-m/nofp/crti.o
 .ARM.attributes
                0x0000001e       0x2e D:/app/STM32CubeCLT_1.16.0/GNU-tools-for-STM32/bin/../lib/gcc/arm-none-eabi/12.3.1/thumb/v7e-m/nofp/crtbegin.o
 .ARM.attributes
                0x0000004c       0x2e CMakeFiles/Lighting.elf.dir/Core/Src/callback.c.obj
 .ARM.attributes
                0x0000007a       0x2e CMakeFiles/Lighting.elf.dir/Core/Src/can.c.obj
 .ARM.attributes
                0x000000a8       0x2e CMakeFiles/Lighting.elf.dir/Core/Src/dma.c.obj
 .ARM.attributes
                0x000000d6       0x2e CMakeFiles/Lighting.elf.dir/Core/Src/gpio.c.obj
 .ARM.attributes
                0x00000104       0x2e CMakeFiles/Lighting.elf.dir/Core/Src/main.c.obj
 .ARM.attributes
                0x00000132       0x2e CMakeFiles/Lighting.elf.dir/Core/Src/stm32f4xx_hal_msp.c.obj
 .ARM.attributes
                0x00000160       0x2e CMakeFiles/Lighting.elf.dir/Core/Src/stm32f4xx_it.c.obj
 .ARM.attributes
                0x0000018e       0x2e CMakeFiles/Lighting.elf.dir/Core/Src/system_stm32f4xx.c.obj
 .ARM.attributes
                0x000001bc       0x2e CMakeFiles/Lighting.elf.dir/Core/Src/tim.c.obj
 .ARM.attributes
                0x000001ea       0x2e CMakeFiles/Lighting.elf.dir/Core/Src/usart.c.obj
 .ARM.attributes
                0x00000218       0x21 CMakeFiles/Lighting.elf.dir/Core/Startup/startup_stm32f427iihx.s.obj
 .ARM.attributes
                0x00000239       0x2e CMakeFiles/Lighting.elf.dir/Drivers/STM32F4xx_HAL_Driver/Src/stm32f4xx_hal.c.obj
 .ARM.attributes
                0x00000267       0x2e CMakeFiles/Lighting.elf.dir/Drivers/STM32F4xx_HAL_Driver/Src/stm32f4xx_hal_can.c.obj
 .ARM.attributes
                0x00000295       0x2e CMakeFiles/Lighting.elf.dir/Drivers/STM32F4xx_HAL_Driver/Src/stm32f4xx_hal_cortex.c.obj
 .ARM.attributes
                0x000002c3       0x2e CMakeFiles/Lighting.elf.dir/Drivers/STM32F4xx_HAL_Driver/Src/stm32f4xx_hal_dma.c.obj
 .ARM.attributes
                0x000002f1       0x2e CMakeFiles/Lighting.elf.dir/Drivers/STM32F4xx_HAL_Driver/Src/stm32f4xx_hal_gpio.c.obj
 .ARM.attributes
                0x0000031f       0x2e CMakeFiles/Lighting.elf.dir/Drivers/STM32F4xx_HAL_Driver/Src/stm32f4xx_hal_pwr_ex.c.obj
 .ARM.attributes
                0x0000034d       0x2e CMakeFiles/Lighting.elf.dir/Drivers/STM32F4xx_HAL_Driver/Src/stm32f4xx_hal_rcc.c.obj
 .ARM.attributes
                0x0000037b       0x2e CMakeFiles/Lighting.elf.dir/Drivers/STM32F4xx_HAL_Driver/Src/stm32f4xx_hal_tim.c.obj
 .ARM.attributes
                0x000003a9       0x2e CMakeFiles/Lighting.elf.dir/Drivers/STM32F4xx_HAL_Driver/Src/stm32f4xx_hal_tim_ex.c.obj
 .ARM.attributes
                0x000003d7       0x2e CMakeFiles/Lighting.elf.dir/Drivers/STM32F4xx_HAL_Driver/Src/stm32f4xx_hal_uart.c.obj
 .ARM.attributes
                0x00000405       0x1e D:/app/STM32CubeCLT_1.16.0/GNU-tools-for-STM32/bin/../lib/gcc/arm-none-eabi/12.3.1/thumb/v7e-m/nofp\libgcc.a(_aeabi_uldivmod.o)
 .ARM.attributes
                0x00000423       0x2e D:/app/STM32CubeCLT_1.16.0/GNU-tools-for-STM32/bin/../lib/gcc/arm-none-eabi/12.3.1/thumb/v7e-m/nofp\libgcc.a(_udivmoddi4.o)
 .ARM.attributes
                0x00000451       0x1e D:/app/STM32CubeCLT_1.16.0/GNU-tools-for-STM32/bin/../lib/gcc/arm-none-eabi/12.3.1/thumb/v7e-m/nofp\libgcc.a(_dvmd_tls.o)
 .ARM.attributes
                0x0000046f       0x2e D:/app/STM32CubeCLT_1.16.0/GNU-tools-for-STM32/bin/../lib/gcc/arm-none-eabi/12.3.1/../../../../arm-none-eabi/lib/thumb/v7e-m/nofp\libg.a(libc_a-memset.o)
 .ARM.attributes
                0x0000049d       0x2e D:/app/STM32CubeCLT_1.16.0/GNU-tools-for-STM32/bin/../lib/gcc/arm-none-eabi/12.3.1/../../../../arm-none-eabi/lib/thumb/v7e-m/nofp\libg.a(libc_a-init.o)
 .ARM.attributes
                0x000004cb       0x2e D:/app/STM32CubeCLT_1.16.0/GNU-tools-for-STM32/bin/../lib/gcc/arm-none-eabi/12.3.1/../../../../arm-none-eabi/lib/thumb/v7e-m/nofp\libg.a(libc_a-lock.o)
 .ARM.attributes
                0x000004f9       0x2e D:/app/STM32CubeCLT_1.16.0/GNU-tools-for-STM32/bin/../lib/gcc/arm-none-eabi/12.3.1/../../../../arm-none-eabi/lib/thumb/v7e-m/nofp\libg.a(libc_a-__call_atexit.o)
 .ARM.attributes
                0x00000527       0x2e D:/app/STM32CubeCLT_1.16.0/GNU-tools-for-STM32/bin/../lib/gcc/arm-none-eabi/12.3.1/../../../../arm-none-eabi/lib/thumb/v7e-m/nofp\libg.a(libc_a-atexit.o)
 .ARM.attributes
                0x00000555       0x2e D:/app/STM32CubeCLT_1.16.0/GNU-tools-for-STM32/bin/../lib/gcc/arm-none-eabi/12.3.1/../../../../arm-none-eabi/lib/thumb/v7e-m/nofp\libg.a(libc_a-fini.o)
 .ARM.attributes
                0x00000583       0x2e D:/app/STM32CubeCLT_1.16.0/GNU-tools-for-STM32/bin/../lib/gcc/arm-none-eabi/12.3.1/../../../../arm-none-eabi/lib/thumb/v7e-m/nofp\libg.a(libc_a-__atexit.o)
 .ARM.attributes
                0x000005b1       0x1e D:/app/STM32CubeCLT_1.16.0/GNU-tools-for-STM32/bin/../lib/gcc/arm-none-eabi/12.3.1/thumb/v7e-m/nofp/crtn.o
OUTPUT(Lighting.elf elf32-littlearm)
LOAD linker stubs
LOAD D:/app/STM32CubeCLT_1.16.0/GNU-tools-for-STM32/bin/../lib/gcc/arm-none-eabi/12.3.1/../../../../arm-none-eabi/lib/thumb/v7e-m/nofp\libc.a
LOAD D:/app/STM32CubeCLT_1.16.0/GNU-tools-for-STM32/bin/../lib/gcc/arm-none-eabi/12.3.1/../../../../arm-none-eabi/lib/thumb/v7e-m/nofp\libm.a
LOAD D:/app/STM32CubeCLT_1.16.0/GNU-tools-for-STM32/bin/../lib/gcc/arm-none-eabi/12.3.1/thumb/v7e-m/nofp\libgcc.a

.debug_info     0x00000000    0x14b71
 .debug_info    0x00000000      0x73e CMakeFiles/Lighting.elf.dir/Core/Src/callback.c.obj
 .debug_info    0x0000073e      0xba2 CMakeFiles/Lighting.elf.dir/Core/Src/can.c.obj
 .debug_info    0x000012e0      0x51d CMakeFiles/Lighting.elf.dir/Core/Src/dma.c.obj
 .debug_info    0x000017fd      0x474 CMakeFiles/Lighting.elf.dir/Core/Src/gpio.c.obj
 .debug_info    0x00001c71      0xed7 CMakeFiles/Lighting.elf.dir/Core/Src/main.c.obj
 .debug_info    0x00002b48      0x27d CMakeFiles/Lighting.elf.dir/Core/Src/stm32f4xx_hal_msp.c.obj
 .debug_info    0x00002dc5      0xe19 CMakeFiles/Lighting.elf.dir/Core/Src/stm32f4xx_it.c.obj
 .debug_info    0x00003bde      0x34c CMakeFiles/Lighting.elf.dir/Core/Src/system_stm32f4xx.c.obj
 .debug_info    0x00003f2a      0xc5b CMakeFiles/Lighting.elf.dir/Core/Src/tim.c.obj
 .debug_info    0x00004b85      0xde0 CMakeFiles/Lighting.elf.dir/Core/Src/usart.c.obj
 .debug_info    0x00005965       0x30 CMakeFiles/Lighting.elf.dir/Core/Startup/startup_stm32f427iihx.s.obj
 .debug_info    0x00005995      0xa4c CMakeFiles/Lighting.elf.dir/Drivers/STM32F4xx_HAL_Driver/Src/stm32f4xx_hal.c.obj
 .debug_info    0x000063e1     0x11f0 CMakeFiles/Lighting.elf.dir/Drivers/STM32F4xx_HAL_Driver/Src/stm32f4xx_hal_can.c.obj
 .debug_info    0x000075d1      0xfe5 CMakeFiles/Lighting.elf.dir/Drivers/STM32F4xx_HAL_Driver/Src/stm32f4xx_hal_cortex.c.obj
 .debug_info    0x000085b6      0xad9 CMakeFiles/Lighting.elf.dir/Drivers/STM32F4xx_HAL_Driver/Src/stm32f4xx_hal_dma.c.obj
 .debug_info    0x0000908f      0x71c CMakeFiles/Lighting.elf.dir/Drivers/STM32F4xx_HAL_Driver/Src/stm32f4xx_hal_gpio.c.obj
 .debug_info    0x000097ab      0x78a CMakeFiles/Lighting.elf.dir/Drivers/STM32F4xx_HAL_Driver/Src/stm32f4xx_hal_pwr_ex.c.obj
 .debug_info    0x00009f35      0xa85 CMakeFiles/Lighting.elf.dir/Drivers/STM32F4xx_HAL_Driver/Src/stm32f4xx_hal_rcc.c.obj
 .debug_info    0x0000a9ba     0x3be0 CMakeFiles/Lighting.elf.dir/Drivers/STM32F4xx_HAL_Driver/Src/stm32f4xx_hal_tim.c.obj
 .debug_info    0x0000e59a     0x1ac8 CMakeFiles/Lighting.elf.dir/Drivers/STM32F4xx_HAL_Driver/Src/stm32f4xx_hal_tim_ex.c.obj
 .debug_info    0x00010062     0x3fcf CMakeFiles/Lighting.elf.dir/Drivers/STM32F4xx_HAL_Driver/Src/stm32f4xx_hal_uart.c.obj
 .debug_info    0x00014031       0xe0 D:/app/STM32CubeCLT_1.16.0/GNU-tools-for-STM32/bin/../lib/gcc/arm-none-eabi/12.3.1/../../../../arm-none-eabi/lib/thumb/v7e-m/nofp\libg.a(libc_a-memset.o)
 .debug_info    0x00014111      0x10b D:/app/STM32CubeCLT_1.16.0/GNU-tools-for-STM32/bin/../lib/gcc/arm-none-eabi/12.3.1/../../../../arm-none-eabi/lib/thumb/v7e-m/nofp\libg.a(libc_a-init.o)
 .debug_info    0x0001421c      0x20a D:/app/STM32CubeCLT_1.16.0/GNU-tools-for-STM32/bin/../lib/gcc/arm-none-eabi/12.3.1/../../../../arm-none-eabi/lib/thumb/v7e-m/nofp\libg.a(libc_a-lock.o)
 .debug_info    0x00014426      0x2dd D:/app/STM32CubeCLT_1.16.0/GNU-tools-for-STM32/bin/../lib/gcc/arm-none-eabi/12.3.1/../../../../arm-none-eabi/lib/thumb/v7e-m/nofp\libg.a(libc_a-__call_atexit.o)
 .debug_info    0x00014703      0x118 D:/app/STM32CubeCLT_1.16.0/GNU-tools-for-STM32/bin/../lib/gcc/arm-none-eabi/12.3.1/../../../../arm-none-eabi/lib/thumb/v7e-m/nofp\libg.a(libc_a-atexit.o)
 .debug_info    0x0001481b       0xf7 D:/app/STM32CubeCLT_1.16.0/GNU-tools-for-STM32/bin/../lib/gcc/arm-none-eabi/12.3.1/../../../../arm-none-eabi/lib/thumb/v7e-m/nofp\libg.a(libc_a-fini.o)
 .debug_info    0x00014912      0x25f D:/app/STM32CubeCLT_1.16.0/GNU-tools-for-STM32/bin/../lib/gcc/arm-none-eabi/12.3.1/../../../../arm-none-eabi/lib/thumb/v7e-m/nofp\libg.a(libc_a-__atexit.o)

.debug_abbrev   0x00000000     0x328d
 .debug_abbrev  0x00000000      0x188 CMakeFiles/Lighting.elf.dir/Core/Src/callback.c.obj
 .debug_abbrev  0x00000188      0x23d CMakeFiles/Lighting.elf.dir/Core/Src/can.c.obj
 .debug_abbrev  0x000003c5      0x12b CMakeFiles/Lighting.elf.dir/Core/Src/dma.c.obj
 .debug_abbrev  0x000004f0      0x164 CMakeFiles/Lighting.elf.dir/Core/Src/gpio.c.obj
 .debug_abbrev  0x00000654      0x243 CMakeFiles/Lighting.elf.dir/Core/Src/main.c.obj
 .debug_abbrev  0x00000897       0xd6 CMakeFiles/Lighting.elf.dir/Core/Src/stm32f4xx_hal_msp.c.obj
 .debug_abbrev  0x0000096d      0x204 CMakeFiles/Lighting.elf.dir/Core/Src/stm32f4xx_it.c.obj
 .debug_abbrev  0x00000b71      0x120 CMakeFiles/Lighting.elf.dir/Core/Src/system_stm32f4xx.c.obj
 .debug_abbrev  0x00000c91      0x220 CMakeFiles/Lighting.elf.dir/Core/Src/tim.c.obj
 .debug_abbrev  0x00000eb1      0x24e CMakeFiles/Lighting.elf.dir/Core/Src/usart.c.obj
 .debug_abbrev  0x000010ff       0x24 CMakeFiles/Lighting.elf.dir/Core/Startup/startup_stm32f427iihx.s.obj
 .debug_abbrev  0x00001123      0x240 CMakeFiles/Lighting.elf.dir/Drivers/STM32F4xx_HAL_Driver/Src/stm32f4xx_hal.c.obj
 .debug_abbrev  0x00001363      0x27d CMakeFiles/Lighting.elf.dir/Drivers/STM32F4xx_HAL_Driver/Src/stm32f4xx_hal_can.c.obj
 .debug_abbrev  0x000015e0      0x391 CMakeFiles/Lighting.elf.dir/Drivers/STM32F4xx_HAL_Driver/Src/stm32f4xx_hal_cortex.c.obj
 .debug_abbrev  0x00001971      0x2c0 CMakeFiles/Lighting.elf.dir/Drivers/STM32F4xx_HAL_Driver/Src/stm32f4xx_hal_dma.c.obj
 .debug_abbrev  0x00001c31      0x202 CMakeFiles/Lighting.elf.dir/Drivers/STM32F4xx_HAL_Driver/Src/stm32f4xx_hal_gpio.c.obj
 .debug_abbrev  0x00001e33      0x1e6 CMakeFiles/Lighting.elf.dir/Drivers/STM32F4xx_HAL_Driver/Src/stm32f4xx_hal_pwr_ex.c.obj
 .debug_abbrev  0x00002019      0x2c7 CMakeFiles/Lighting.elf.dir/Drivers/STM32F4xx_HAL_Driver/Src/stm32f4xx_hal_rcc.c.obj
 .debug_abbrev  0x000022e0      0x271 CMakeFiles/Lighting.elf.dir/Drivers/STM32F4xx_HAL_Driver/Src/stm32f4xx_hal_tim.c.obj
 .debug_abbrev  0x00002551      0x26f CMakeFiles/Lighting.elf.dir/Drivers/STM32F4xx_HAL_Driver/Src/stm32f4xx_hal_tim_ex.c.obj
 .debug_abbrev  0x000027c0      0x32f CMakeFiles/Lighting.elf.dir/Drivers/STM32F4xx_HAL_Driver/Src/stm32f4xx_hal_uart.c.obj
 .debug_abbrev  0x00002aef       0x9e D:/app/STM32CubeCLT_1.16.0/GNU-tools-for-STM32/bin/../lib/gcc/arm-none-eabi/12.3.1/../../../../arm-none-eabi/lib/thumb/v7e-m/nofp\libg.a(libc_a-memset.o)
 .debug_abbrev  0x00002b8d       0xc9 D:/app/STM32CubeCLT_1.16.0/GNU-tools-for-STM32/bin/../lib/gcc/arm-none-eabi/12.3.1/../../../../arm-none-eabi/lib/thumb/v7e-m/nofp\libg.a(libc_a-init.o)
 .debug_abbrev  0x00002c56      0x115 D:/app/STM32CubeCLT_1.16.0/GNU-tools-for-STM32/bin/../lib/gcc/arm-none-eabi/12.3.1/../../../../arm-none-eabi/lib/thumb/v7e-m/nofp\libg.a(libc_a-lock.o)
 .debug_abbrev  0x00002d6b      0x20c D:/app/STM32CubeCLT_1.16.0/GNU-tools-for-STM32/bin/../lib/gcc/arm-none-eabi/12.3.1/../../../../arm-none-eabi/lib/thumb/v7e-m/nofp\libg.a(libc_a-__call_atexit.o)
 .debug_abbrev  0x00002f77       0xc1 D:/app/STM32CubeCLT_1.16.0/GNU-tools-for-STM32/bin/../lib/gcc/arm-none-eabi/12.3.1/../../../../arm-none-eabi/lib/thumb/v7e-m/nofp\libg.a(libc_a-atexit.o)
 .debug_abbrev  0x00003038       0xcc D:/app/STM32CubeCLT_1.16.0/GNU-tools-for-STM32/bin/../lib/gcc/arm-none-eabi/12.3.1/../../../../arm-none-eabi/lib/thumb/v7e-m/nofp\libg.a(libc_a-fini.o)
 .debug_abbrev  0x00003104      0x189 D:/app/STM32CubeCLT_1.16.0/GNU-tools-for-STM32/bin/../lib/gcc/arm-none-eabi/12.3.1/../../../../arm-none-eabi/lib/thumb/v7e-m/nofp\libg.a(libc_a-__atexit.o)

.debug_loclists
                0x00000000     0x9170
 .debug_loclists
                0x00000000       0x34 CMakeFiles/Lighting.elf.dir/Core/Src/callback.c.obj
 .debug_loclists
                0x00000034       0x5d CMakeFiles/Lighting.elf.dir/Core/Src/can.c.obj
 .debug_loclists
                0x00000091       0xdb CMakeFiles/Lighting.elf.dir/Core/Src/system_stm32f4xx.c.obj
 .debug_loclists
                0x0000016c       0x4b CMakeFiles/Lighting.elf.dir/Core/Src/tim.c.obj
 .debug_loclists
                0x000001b7       0x7b CMakeFiles/Lighting.elf.dir/Core/Src/usart.c.obj
 .debug_loclists
                0x00000232       0xc9 CMakeFiles/Lighting.elf.dir/Drivers/STM32F4xx_HAL_Driver/Src/stm32f4xx_hal.c.obj
 .debug_loclists
                0x000002fb      0x85b CMakeFiles/Lighting.elf.dir/Drivers/STM32F4xx_HAL_Driver/Src/stm32f4xx_hal_can.c.obj
 .debug_loclists
                0x00000b56      0x439 CMakeFiles/Lighting.elf.dir/Drivers/STM32F4xx_HAL_Driver/Src/stm32f4xx_hal_cortex.c.obj
 .debug_loclists
                0x00000f8f      0x763 CMakeFiles/Lighting.elf.dir/Drivers/STM32F4xx_HAL_Driver/Src/stm32f4xx_hal_dma.c.obj
 .debug_loclists
                0x000016f2      0x356 CMakeFiles/Lighting.elf.dir/Drivers/STM32F4xx_HAL_Driver/Src/stm32f4xx_hal_gpio.c.obj
 .debug_loclists
                0x00001a48      0x14e CMakeFiles/Lighting.elf.dir/Drivers/STM32F4xx_HAL_Driver/Src/stm32f4xx_hal_pwr_ex.c.obj
 .debug_loclists
                0x00001b96      0x3a9 CMakeFiles/Lighting.elf.dir/Drivers/STM32F4xx_HAL_Driver/Src/stm32f4xx_hal_rcc.c.obj
 .debug_loclists
                0x00001f3f     0x3331 CMakeFiles/Lighting.elf.dir/Drivers/STM32F4xx_HAL_Driver/Src/stm32f4xx_hal_tim.c.obj
 .debug_loclists
                0x00005270     0x129a CMakeFiles/Lighting.elf.dir/Drivers/STM32F4xx_HAL_Driver/Src/stm32f4xx_hal_tim_ex.c.obj
 .debug_loclists
                0x0000650a     0x29f1 CMakeFiles/Lighting.elf.dir/Drivers/STM32F4xx_HAL_Driver/Src/stm32f4xx_hal_uart.c.obj
 .debug_loclists
                0x00008efb       0x47 D:/app/STM32CubeCLT_1.16.0/GNU-tools-for-STM32/bin/../lib/gcc/arm-none-eabi/12.3.1/../../../../arm-none-eabi/lib/thumb/v7e-m/nofp\libg.a(libc_a-memset.o)
 .debug_loclists
                0x00008f42       0x44 D:/app/STM32CubeCLT_1.16.0/GNU-tools-for-STM32/bin/../lib/gcc/arm-none-eabi/12.3.1/../../../../arm-none-eabi/lib/thumb/v7e-m/nofp\libg.a(libc_a-init.o)
 .debug_loclists
                0x00008f86       0x23 D:/app/STM32CubeCLT_1.16.0/GNU-tools-for-STM32/bin/../lib/gcc/arm-none-eabi/12.3.1/../../../../arm-none-eabi/lib/thumb/v7e-m/nofp\libg.a(libc_a-lock.o)
 .debug_loclists
                0x00008fa9       0xd4 D:/app/STM32CubeCLT_1.16.0/GNU-tools-for-STM32/bin/../lib/gcc/arm-none-eabi/12.3.1/../../../../arm-none-eabi/lib/thumb/v7e-m/nofp\libg.a(libc_a-__call_atexit.o)
 .debug_loclists
                0x0000907d       0x2a D:/app/STM32CubeCLT_1.16.0/GNU-tools-for-STM32/bin/../lib/gcc/arm-none-eabi/12.3.1/../../../../arm-none-eabi/lib/thumb/v7e-m/nofp\libg.a(libc_a-atexit.o)
 .debug_loclists
                0x000090a7       0x3b D:/app/STM32CubeCLT_1.16.0/GNU-tools-for-STM32/bin/../lib/gcc/arm-none-eabi/12.3.1/../../../../arm-none-eabi/lib/thumb/v7e-m/nofp\libg.a(libc_a-fini.o)
 .debug_loclists
                0x000090e2       0x8e D:/app/STM32CubeCLT_1.16.0/GNU-tools-for-STM32/bin/../lib/gcc/arm-none-eabi/12.3.1/../../../../arm-none-eabi/lib/thumb/v7e-m/nofp\libg.a(libc_a-__atexit.o)

.debug_aranges  0x00000000      0xf90
 .debug_aranges
                0x00000000       0x20 CMakeFiles/Lighting.elf.dir/Core/Src/callback.c.obj
 .debug_aranges
                0x00000020       0x30 CMakeFiles/Lighting.elf.dir/Core/Src/can.c.obj
 .debug_aranges
                0x00000050       0x20 CMakeFiles/Lighting.elf.dir/Core/Src/dma.c.obj
 .debug_aranges
                0x00000070       0x20 CMakeFiles/Lighting.elf.dir/Core/Src/gpio.c.obj
 .debug_aranges
                0x00000090       0x30 CMakeFiles/Lighting.elf.dir/Core/Src/main.c.obj
 .debug_aranges
                0x000000c0       0x20 CMakeFiles/Lighting.elf.dir/Core/Src/stm32f4xx_hal_msp.c.obj
 .debug_aranges
                0x000000e0       0x88 CMakeFiles/Lighting.elf.dir/Core/Src/stm32f4xx_it.c.obj
 .debug_aranges
                0x00000168       0x28 CMakeFiles/Lighting.elf.dir/Core/Src/system_stm32f4xx.c.obj
 .debug_aranges
                0x00000190       0x30 CMakeFiles/Lighting.elf.dir/Core/Src/tim.c.obj
 .debug_aranges
                0x000001c0       0x38 CMakeFiles/Lighting.elf.dir/Core/Src/usart.c.obj
 .debug_aranges
                0x000001f8       0x28 CMakeFiles/Lighting.elf.dir/Core/Startup/startup_stm32f427iihx.s.obj
 .debug_aranges
                0x00000220      0x100 CMakeFiles/Lighting.elf.dir/Drivers/STM32F4xx_HAL_Driver/Src/stm32f4xx_hal.c.obj
 .debug_aranges
                0x00000320      0x138 CMakeFiles/Lighting.elf.dir/Drivers/STM32F4xx_HAL_Driver/Src/stm32f4xx_hal_can.c.obj
 .debug_aranges
                0x00000458       0xf8 CMakeFiles/Lighting.elf.dir/Drivers/STM32F4xx_HAL_Driver/Src/stm32f4xx_hal_cortex.c.obj
 .debug_aranges
                0x00000550       0x90 CMakeFiles/Lighting.elf.dir/Drivers/STM32F4xx_HAL_Driver/Src/stm32f4xx_hal_dma.c.obj
 .debug_aranges
                0x000005e0       0x58 CMakeFiles/Lighting.elf.dir/Drivers/STM32F4xx_HAL_Driver/Src/stm32f4xx_hal_gpio.c.obj
 .debug_aranges
                0x00000638       0x60 CMakeFiles/Lighting.elf.dir/Drivers/STM32F4xx_HAL_Driver/Src/stm32f4xx_hal_pwr_ex.c.obj
 .debug_aranges
                0x00000698       0x88 CMakeFiles/Lighting.elf.dir/Drivers/STM32F4xx_HAL_Driver/Src/stm32f4xx_hal_rcc.c.obj
 .debug_aranges
                0x00000720      0x3d0 CMakeFiles/Lighting.elf.dir/Drivers/STM32F4xx_HAL_Driver/Src/stm32f4xx_hal_tim.c.obj
 .debug_aranges
                0x00000af0      0x168 CMakeFiles/Lighting.elf.dir/Drivers/STM32F4xx_HAL_Driver/Src/stm32f4xx_hal_tim_ex.c.obj
 .debug_aranges
                0x00000c58      0x208 CMakeFiles/Lighting.elf.dir/Drivers/STM32F4xx_HAL_Driver/Src/stm32f4xx_hal_uart.c.obj
 .debug_aranges
                0x00000e60       0x20 D:/app/STM32CubeCLT_1.16.0/GNU-tools-for-STM32/bin/../lib/gcc/arm-none-eabi/12.3.1/../../../../arm-none-eabi/lib/thumb/v7e-m/nofp\libg.a(libc_a-memset.o)
 .debug_aranges
                0x00000e80       0x20 D:/app/STM32CubeCLT_1.16.0/GNU-tools-for-STM32/bin/../lib/gcc/arm-none-eabi/12.3.1/../../../../arm-none-eabi/lib/thumb/v7e-m/nofp\libg.a(libc_a-init.o)
 .debug_aranges
                0x00000ea0       0x68 D:/app/STM32CubeCLT_1.16.0/GNU-tools-for-STM32/bin/../lib/gcc/arm-none-eabi/12.3.1/../../../../arm-none-eabi/lib/thumb/v7e-m/nofp\libg.a(libc_a-lock.o)
 .debug_aranges
                0x00000f08       0x28 D:/app/STM32CubeCLT_1.16.0/GNU-tools-for-STM32/bin/../lib/gcc/arm-none-eabi/12.3.1/../../../../arm-none-eabi/lib/thumb/v7e-m/nofp\libg.a(libc_a-__call_atexit.o)
 .debug_aranges
                0x00000f30       0x20 D:/app/STM32CubeCLT_1.16.0/GNU-tools-for-STM32/bin/../lib/gcc/arm-none-eabi/12.3.1/../../../../arm-none-eabi/lib/thumb/v7e-m/nofp\libg.a(libc_a-atexit.o)
 .debug_aranges
                0x00000f50       0x20 D:/app/STM32CubeCLT_1.16.0/GNU-tools-for-STM32/bin/../lib/gcc/arm-none-eabi/12.3.1/../../../../arm-none-eabi/lib/thumb/v7e-m/nofp\libg.a(libc_a-fini.o)
 .debug_aranges
                0x00000f70       0x20 D:/app/STM32CubeCLT_1.16.0/GNU-tools-for-STM32/bin/../lib/gcc/arm-none-eabi/12.3.1/../../../../arm-none-eabi/lib/thumb/v7e-m/nofp\libg.a(libc_a-__atexit.o)

.debug_rnglists
                0x00000000      0xbc1
 .debug_rnglists
                0x00000000       0x13 CMakeFiles/Lighting.elf.dir/Core/Src/callback.c.obj
 .debug_rnglists
                0x00000013       0x20 CMakeFiles/Lighting.elf.dir/Core/Src/can.c.obj
 .debug_rnglists
                0x00000033       0x13 CMakeFiles/Lighting.elf.dir/Core/Src/dma.c.obj
 .debug_rnglists
                0x00000046       0x14 CMakeFiles/Lighting.elf.dir/Core/Src/gpio.c.obj
 .debug_rnglists
                0x0000005a       0x20 CMakeFiles/Lighting.elf.dir/Core/Src/main.c.obj
 .debug_rnglists
                0x0000007a       0x13 CMakeFiles/Lighting.elf.dir/Core/Src/stm32f4xx_hal_msp.c.obj
 .debug_rnglists
                0x0000008d       0x61 CMakeFiles/Lighting.elf.dir/Core/Src/stm32f4xx_it.c.obj
 .debug_rnglists
                0x000000ee       0x1a CMakeFiles/Lighting.elf.dir/Core/Src/system_stm32f4xx.c.obj
 .debug_rnglists
                0x00000108       0x1f CMakeFiles/Lighting.elf.dir/Core/Src/tim.c.obj
 .debug_rnglists
                0x00000127       0x26 CMakeFiles/Lighting.elf.dir/Core/Src/usart.c.obj
 .debug_rnglists
                0x0000014d       0x19 CMakeFiles/Lighting.elf.dir/Core/Startup/startup_stm32f427iihx.s.obj
 .debug_rnglists
                0x00000166       0xbb CMakeFiles/Lighting.elf.dir/Drivers/STM32F4xx_HAL_Driver/Src/stm32f4xx_hal.c.obj
 .debug_rnglists
                0x00000221       0xf6 CMakeFiles/Lighting.elf.dir/Drivers/STM32F4xx_HAL_Driver/Src/stm32f4xx_hal_can.c.obj
 .debug_rnglists
                0x00000317       0xb5 CMakeFiles/Lighting.elf.dir/Drivers/STM32F4xx_HAL_Driver/Src/stm32f4xx_hal_cortex.c.obj
 .debug_rnglists
                0x000003cc       0x6c CMakeFiles/Lighting.elf.dir/Drivers/STM32F4xx_HAL_Driver/Src/stm32f4xx_hal_dma.c.obj
 .debug_rnglists
                0x00000438       0x3f CMakeFiles/Lighting.elf.dir/Drivers/STM32F4xx_HAL_Driver/Src/stm32f4xx_hal_gpio.c.obj
 .debug_rnglists
                0x00000477       0x44 CMakeFiles/Lighting.elf.dir/Drivers/STM32F4xx_HAL_Driver/Src/stm32f4xx_hal_pwr_ex.c.obj
 .debug_rnglists
                0x000004bb       0x75 CMakeFiles/Lighting.elf.dir/Drivers/STM32F4xx_HAL_Driver/Src/stm32f4xx_hal_rcc.c.obj
 .debug_rnglists
                0x00000530      0x302 CMakeFiles/Lighting.elf.dir/Drivers/STM32F4xx_HAL_Driver/Src/stm32f4xx_hal_tim.c.obj
 .debug_rnglists
                0x00000832      0x11b CMakeFiles/Lighting.elf.dir/Drivers/STM32F4xx_HAL_Driver/Src/stm32f4xx_hal_tim_ex.c.obj
 .debug_rnglists
                0x0000094d      0x1a1 CMakeFiles/Lighting.elf.dir/Drivers/STM32F4xx_HAL_Driver/Src/stm32f4xx_hal_uart.c.obj
 .debug_rnglists
                0x00000aee       0x13 D:/app/STM32CubeCLT_1.16.0/GNU-tools-for-STM32/bin/../lib/gcc/arm-none-eabi/12.3.1/../../../../arm-none-eabi/lib/thumb/v7e-m/nofp\libg.a(libc_a-memset.o)
 .debug_rnglists
                0x00000b01       0x13 D:/app/STM32CubeCLT_1.16.0/GNU-tools-for-STM32/bin/../lib/gcc/arm-none-eabi/12.3.1/../../../../arm-none-eabi/lib/thumb/v7e-m/nofp\libg.a(libc_a-init.o)
 .debug_rnglists
                0x00000b14       0x49 D:/app/STM32CubeCLT_1.16.0/GNU-tools-for-STM32/bin/../lib/gcc/arm-none-eabi/12.3.1/../../../../arm-none-eabi/lib/thumb/v7e-m/nofp\libg.a(libc_a-lock.o)
 .debug_rnglists
                0x00000b5d       0x2a D:/app/STM32CubeCLT_1.16.0/GNU-tools-for-STM32/bin/../lib/gcc/arm-none-eabi/12.3.1/../../../../arm-none-eabi/lib/thumb/v7e-m/nofp\libg.a(libc_a-__call_atexit.o)
 .debug_rnglists
                0x00000b87       0x13 D:/app/STM32CubeCLT_1.16.0/GNU-tools-for-STM32/bin/../lib/gcc/arm-none-eabi/12.3.1/../../../../arm-none-eabi/lib/thumb/v7e-m/nofp\libg.a(libc_a-atexit.o)
 .debug_rnglists
                0x00000b9a       0x13 D:/app/STM32CubeCLT_1.16.0/GNU-tools-for-STM32/bin/../lib/gcc/arm-none-eabi/12.3.1/../../../../arm-none-eabi/lib/thumb/v7e-m/nofp\libg.a(libc_a-fini.o)
 .debug_rnglists
                0x00000bad       0x14 D:/app/STM32CubeCLT_1.16.0/GNU-tools-for-STM32/bin/../lib/gcc/arm-none-eabi/12.3.1/../../../../arm-none-eabi/lib/thumb/v7e-m/nofp\libg.a(libc_a-__atexit.o)

.debug_line     0x00000000    0x12191
 .debug_line    0x00000000      0x2a9 CMakeFiles/Lighting.elf.dir/Core/Src/callback.c.obj
 .debug_line    0x000002a9      0x3b9 CMakeFiles/Lighting.elf.dir/Core/Src/can.c.obj
 .debug_line    0x00000662      0x229 CMakeFiles/Lighting.elf.dir/Core/Src/dma.c.obj
 .debug_line    0x0000088b      0x268 CMakeFiles/Lighting.elf.dir/Core/Src/gpio.c.obj
 .debug_line    0x00000af3      0x48f CMakeFiles/Lighting.elf.dir/Core/Src/main.c.obj
 .debug_line    0x00000f82      0x1e7 CMakeFiles/Lighting.elf.dir/Core/Src/stm32f4xx_hal_msp.c.obj
 .debug_line    0x00001169      0x419 CMakeFiles/Lighting.elf.dir/Core/Src/stm32f4xx_it.c.obj
 .debug_line    0x00001582      0x2af CMakeFiles/Lighting.elf.dir/Core/Src/system_stm32f4xx.c.obj
 .debug_line    0x00001831      0x373 CMakeFiles/Lighting.elf.dir/Core/Src/tim.c.obj
 .debug_line    0x00001ba4      0x4c8 CMakeFiles/Lighting.elf.dir/Core/Src/usart.c.obj
 .debug_line    0x0000206c       0x7a CMakeFiles/Lighting.elf.dir/Core/Startup/startup_stm32f427iihx.s.obj
 .debug_line    0x000020e6      0x663 CMakeFiles/Lighting.elf.dir/Drivers/STM32F4xx_HAL_Driver/Src/stm32f4xx_hal.c.obj
 .debug_line    0x00002749     0x11ef CMakeFiles/Lighting.elf.dir/Drivers/STM32F4xx_HAL_Driver/Src/stm32f4xx_hal_can.c.obj
 .debug_line    0x00003938      0x918 CMakeFiles/Lighting.elf.dir/Drivers/STM32F4xx_HAL_Driver/Src/stm32f4xx_hal_cortex.c.obj
 .debug_line    0x00004250      0xf05 CMakeFiles/Lighting.elf.dir/Drivers/STM32F4xx_HAL_Driver/Src/stm32f4xx_hal_dma.c.obj
 .debug_line    0x00005155      0x77d CMakeFiles/Lighting.elf.dir/Drivers/STM32F4xx_HAL_Driver/Src/stm32f4xx_hal_gpio.c.obj
 .debug_line    0x000058d2      0x564 CMakeFiles/Lighting.elf.dir/Drivers/STM32F4xx_HAL_Driver/Src/stm32f4xx_hal_pwr_ex.c.obj
 .debug_line    0x00005e36      0xbe6 CMakeFiles/Lighting.elf.dir/Drivers/STM32F4xx_HAL_Driver/Src/stm32f4xx_hal_rcc.c.obj
 .debug_line    0x00006a1c     0x4b23 CMakeFiles/Lighting.elf.dir/Drivers/STM32F4xx_HAL_Driver/Src/stm32f4xx_hal_tim.c.obj
 .debug_line    0x0000b53f     0x1dbc CMakeFiles/Lighting.elf.dir/Drivers/STM32F4xx_HAL_Driver/Src/stm32f4xx_hal_tim_ex.c.obj
 .debug_line    0x0000d2fb     0x4384 CMakeFiles/Lighting.elf.dir/Drivers/STM32F4xx_HAL_Driver/Src/stm32f4xx_hal_uart.c.obj
 .debug_line    0x0001167f      0x17e D:/app/STM32CubeCLT_1.16.0/GNU-tools-for-STM32/bin/../lib/gcc/arm-none-eabi/12.3.1/../../../../arm-none-eabi/lib/thumb/v7e-m/nofp\libg.a(libc_a-memset.o)
 .debug_line    0x000117fd      0x188 D:/app/STM32CubeCLT_1.16.0/GNU-tools-for-STM32/bin/../lib/gcc/arm-none-eabi/12.3.1/../../../../arm-none-eabi/lib/thumb/v7e-m/nofp\libg.a(libc_a-init.o)
 .debug_line    0x00011985      0x19b D:/app/STM32CubeCLT_1.16.0/GNU-tools-for-STM32/bin/../lib/gcc/arm-none-eabi/12.3.1/../../../../arm-none-eabi/lib/thumb/v7e-m/nofp\libg.a(libc_a-lock.o)
 .debug_line    0x00011b20      0x28a D:/app/STM32CubeCLT_1.16.0/GNU-tools-for-STM32/bin/../lib/gcc/arm-none-eabi/12.3.1/../../../../arm-none-eabi/lib/thumb/v7e-m/nofp\libg.a(libc_a-__call_atexit.o)
 .debug_line    0x00011daa      0x102 D:/app/STM32CubeCLT_1.16.0/GNU-tools-for-STM32/bin/../lib/gcc/arm-none-eabi/12.3.1/../../../../arm-none-eabi/lib/thumb/v7e-m/nofp\libg.a(libc_a-atexit.o)
 .debug_line    0x00011eac      0x140 D:/app/STM32CubeCLT_1.16.0/GNU-tools-for-STM32/bin/../lib/gcc/arm-none-eabi/12.3.1/../../../../arm-none-eabi/lib/thumb/v7e-m/nofp\libg.a(libc_a-fini.o)
 .debug_line    0x00011fec      0x1a5 D:/app/STM32CubeCLT_1.16.0/GNU-tools-for-STM32/bin/../lib/gcc/arm-none-eabi/12.3.1/../../../../arm-none-eabi/lib/thumb/v7e-m/nofp\libg.a(libc_a-__atexit.o)

.debug_str      0x00000000     0x4f3e
 .debug_str     0x00000000      0x6bc CMakeFiles/Lighting.elf.dir/Core/Src/callback.c.obj
                                0x768 (size before relaxing)
 .debug_str     0x000006bc      0x9c3 CMakeFiles/Lighting.elf.dir/Core/Src/can.c.obj
                                0xbdf (size before relaxing)
 .debug_str     0x0000107f       0x35 CMakeFiles/Lighting.elf.dir/Core/Src/dma.c.obj
                                0x84f (size before relaxing)
 .debug_str     0x000010b4       0x73 CMakeFiles/Lighting.elf.dir/Core/Src/gpio.c.obj
                                0x3af (size before relaxing)
 .debug_str     0x00001127      0x419 CMakeFiles/Lighting.elf.dir/Core/Src/main.c.obj
                                0xca5 (size before relaxing)
 .debug_str     0x00001540       0x43 CMakeFiles/Lighting.elf.dir/Core/Src/stm32f4xx_hal_msp.c.obj
                                0x2f0 (size before relaxing)
 .debug_str     0x00001583      0x194 CMakeFiles/Lighting.elf.dir/Core/Src/stm32f4xx_it.c.obj
                                0xcdb (size before relaxing)
 .debug_str     0x00001717       0x9e CMakeFiles/Lighting.elf.dir/Core/Src/system_stm32f4xx.c.obj
                                0x356 (size before relaxing)
 .debug_str     0x000017b5       0xe6 CMakeFiles/Lighting.elf.dir/Core/Src/tim.c.obj
                                0xe8e (size before relaxing)
 .debug_str     0x0000189b       0x84 CMakeFiles/Lighting.elf.dir/Core/Src/usart.c.obj
                                0xe2c (size before relaxing)
 .debug_str     0x0000191f       0x5b CMakeFiles/Lighting.elf.dir/Core/Startup/startup_stm32f427iihx.s.obj
                                 0x93 (size before relaxing)
 .debug_str     0x0000197a      0x392 CMakeFiles/Lighting.elf.dir/Drivers/STM32F4xx_HAL_Driver/Src/stm32f4xx_hal.c.obj
                                0xc21 (size before relaxing)
 .debug_str     0x00001d0c      0x566 CMakeFiles/Lighting.elf.dir/Drivers/STM32F4xx_HAL_Driver/Src/stm32f4xx_hal_can.c.obj
                                0xa57 (size before relaxing)
 .debug_str     0x00002272      0x4d6 CMakeFiles/Lighting.elf.dir/Drivers/STM32F4xx_HAL_Driver/Src/stm32f4xx_hal_cortex.c.obj
                                0xce4 (size before relaxing)
 .debug_str     0x00002748      0x2ec CMakeFiles/Lighting.elf.dir/Drivers/STM32F4xx_HAL_Driver/Src/stm32f4xx_hal_dma.c.obj
                                0x798 (size before relaxing)
 .debug_str     0x00002a34      0x11e CMakeFiles/Lighting.elf.dir/Drivers/STM32F4xx_HAL_Driver/Src/stm32f4xx_hal_gpio.c.obj
                                0x515 (size before relaxing)
 .debug_str     0x00002b52      0x155 CMakeFiles/Lighting.elf.dir/Drivers/STM32F4xx_HAL_Driver/Src/stm32f4xx_hal_pwr_ex.c.obj
                                0x500 (size before relaxing)
 .debug_str     0x00002ca7      0x1bb CMakeFiles/Lighting.elf.dir/Drivers/STM32F4xx_HAL_Driver/Src/stm32f4xx_hal_rcc.c.obj
                                0x73b (size before relaxing)
 .debug_str     0x00002e62      0xed8 CMakeFiles/Lighting.elf.dir/Drivers/STM32F4xx_HAL_Driver/Src/stm32f4xx_hal_tim.c.obj
                               0x1721 (size before relaxing)
 .debug_str     0x00003d3a      0x505 CMakeFiles/Lighting.elf.dir/Drivers/STM32F4xx_HAL_Driver/Src/stm32f4xx_hal_tim_ex.c.obj
                                0xf2d (size before relaxing)
 .debug_str     0x0000423f      0x5f6 CMakeFiles/Lighting.elf.dir/Drivers/STM32F4xx_HAL_Driver/Src/stm32f4xx_hal_uart.c.obj
                                0xdbd (size before relaxing)
 .debug_str     0x00004835      0x16a D:/app/STM32CubeCLT_1.16.0/GNU-tools-for-STM32/bin/../lib/gcc/arm-none-eabi/12.3.1/../../../../arm-none-eabi/lib/thumb/v7e-m/nofp\libg.a(libc_a-memset.o)
                                0x206 (size before relaxing)
 .debug_str     0x0000499f       0xb6 D:/app/STM32CubeCLT_1.16.0/GNU-tools-for-STM32/bin/../lib/gcc/arm-none-eabi/12.3.1/../../../../arm-none-eabi/lib/thumb/v7e-m/nofp\libg.a(libc_a-init.o)
                                0x267 (size before relaxing)
 .debug_str     0x00004a55      0x266 D:/app/STM32CubeCLT_1.16.0/GNU-tools-for-STM32/bin/../lib/gcc/arm-none-eabi/12.3.1/../../../../arm-none-eabi/lib/thumb/v7e-m/nofp\libg.a(libc_a-lock.o)
                                0x379 (size before relaxing)
 .debug_str     0x00004cbb      0x100 D:/app/STM32CubeCLT_1.16.0/GNU-tools-for-STM32/bin/../lib/gcc/arm-none-eabi/12.3.1/../../../../arm-none-eabi/lib/thumb/v7e-m/nofp\libg.a(libc_a-__call_atexit.o)
                                0x343 (size before relaxing)
 .debug_str     0x00004dbb       0x9e D:/app/STM32CubeCLT_1.16.0/GNU-tools-for-STM32/bin/../lib/gcc/arm-none-eabi/12.3.1/../../../../arm-none-eabi/lib/thumb/v7e-m/nofp\libg.a(libc_a-atexit.o)
                                0x243 (size before relaxing)
 .debug_str     0x00004e59       0x7a D:/app/STM32CubeCLT_1.16.0/GNU-tools-for-STM32/bin/../lib/gcc/arm-none-eabi/12.3.1/../../../../arm-none-eabi/lib/thumb/v7e-m/nofp\libg.a(libc_a-fini.o)
                                0x23d (size before relaxing)
 .debug_str     0x00004ed3       0x6b D:/app/STM32CubeCLT_1.16.0/GNU-tools-for-STM32/bin/../lib/gcc/arm-none-eabi/12.3.1/../../../../arm-none-eabi/lib/thumb/v7e-m/nofp\libg.a(libc_a-__atexit.o)
                                0x31a (size before relaxing)

.comment        0x00000000       0x43
 .comment       0x00000000       0x43 CMakeFiles/Lighting.elf.dir/Core/Src/callback.c.obj
                                 0x44 (size before relaxing)
 .comment       0x00000043       0x44 CMakeFiles/Lighting.elf.dir/Core/Src/can.c.obj
 .comment       0x00000043       0x44 CMakeFiles/Lighting.elf.dir/Core/Src/dma.c.obj
 .comment       0x00000043       0x44 CMakeFiles/Lighting.elf.dir/Core/Src/gpio.c.obj
 .comment       0x00000043       0x44 CMakeFiles/Lighting.elf.dir/Core/Src/main.c.obj
 .comment       0x00000043       0x44 CMakeFiles/Lighting.elf.dir/Core/Src/stm32f4xx_hal_msp.c.obj
 .comment       0x00000043       0x44 CMakeFiles/Lighting.elf.dir/Core/Src/stm32f4xx_it.c.obj
 .comment       0x00000043       0x44 CMakeFiles/Lighting.elf.dir/Core/Src/system_stm32f4xx.c.obj
 .comment       0x00000043       0x44 CMakeFiles/Lighting.elf.dir/Core/Src/tim.c.obj
 .comment       0x00000043       0x44 CMakeFiles/Lighting.elf.dir/Core/Src/usart.c.obj
 .comment       0x00000043       0x44 CMakeFiles/Lighting.elf.dir/Drivers/STM32F4xx_HAL_Driver/Src/stm32f4xx_hal.c.obj
 .comment       0x00000043       0x44 CMakeFiles/Lighting.elf.dir/Drivers/STM32F4xx_HAL_Driver/Src/stm32f4xx_hal_can.c.obj
 .comment       0x00000043       0x44 CMakeFiles/Lighting.elf.dir/Drivers/STM32F4xx_HAL_Driver/Src/stm32f4xx_hal_cortex.c.obj
 .comment       0x00000043       0x44 CMakeFiles/Lighting.elf.dir/Drivers/STM32F4xx_HAL_Driver/Src/stm32f4xx_hal_dma.c.obj
 .comment       0x00000043       0x44 CMakeFiles/Lighting.elf.dir/Drivers/STM32F4xx_HAL_Driver/Src/stm32f4xx_hal_gpio.c.obj
 .comment       0x00000043       0x44 CMakeFiles/Lighting.elf.dir/Drivers/STM32F4xx_HAL_Driver/Src/stm32f4xx_hal_pwr_ex.c.obj
 .comment       0x00000043       0x44 CMakeFiles/Lighting.elf.dir/Drivers/STM32F4xx_HAL_Driver/Src/stm32f4xx_hal_rcc.c.obj
 .comment       0x00000043       0x44 CMakeFiles/Lighting.elf.dir/Drivers/STM32F4xx_HAL_Driver/Src/stm32f4xx_hal_tim.c.obj
 .comment       0x00000043       0x44 CMakeFiles/Lighting.elf.dir/Drivers/STM32F4xx_HAL_Driver/Src/stm32f4xx_hal_tim_ex.c.obj
 .comment       0x00000043       0x44 CMakeFiles/Lighting.elf.dir/Drivers/STM32F4xx_HAL_Driver/Src/stm32f4xx_hal_uart.c.obj
 .comment       0x00000043       0x44 D:/app/STM32CubeCLT_1.16.0/GNU-tools-for-STM32/bin/../lib/gcc/arm-none-eabi/12.3.1/../../../../arm-none-eabi/lib/thumb/v7e-m/nofp\libg.a(libc_a-memset.o)
 .comment       0x00000043       0x44 D:/app/STM32CubeCLT_1.16.0/GNU-tools-for-STM32/bin/../lib/gcc/arm-none-eabi/12.3.1/../../../../arm-none-eabi/lib/thumb/v7e-m/nofp\libg.a(libc_a-init.o)
 .comment       0x00000043       0x44 D:/app/STM32CubeCLT_1.16.0/GNU-tools-for-STM32/bin/../lib/gcc/arm-none-eabi/12.3.1/../../../../arm-none-eabi/lib/thumb/v7e-m/nofp\libg.a(libc_a-lock.o)
 .comment       0x00000043       0x44 D:/app/STM32CubeCLT_1.16.0/GNU-tools-for-STM32/bin/../lib/gcc/arm-none-eabi/12.3.1/../../../../arm-none-eabi/lib/thumb/v7e-m/nofp\libg.a(libc_a-__call_atexit.o)
 .comment       0x00000043       0x44 D:/app/STM32CubeCLT_1.16.0/GNU-tools-for-STM32/bin/../lib/gcc/arm-none-eabi/12.3.1/../../../../arm-none-eabi/lib/thumb/v7e-m/nofp\libg.a(libc_a-atexit.o)
 .comment       0x00000043       0x44 D:/app/STM32CubeCLT_1.16.0/GNU-tools-for-STM32/bin/../lib/gcc/arm-none-eabi/12.3.1/../../../../arm-none-eabi/lib/thumb/v7e-m/nofp\libg.a(libc_a-fini.o)
 .comment       0x00000043       0x44 D:/app/STM32CubeCLT_1.16.0/GNU-tools-for-STM32/bin/../lib/gcc/arm-none-eabi/12.3.1/../../../../arm-none-eabi/lib/thumb/v7e-m/nofp\libg.a(libc_a-__atexit.o)

.debug_frame    0x00000000     0x266c
 .debug_frame   0x00000000       0x28 CMakeFiles/Lighting.elf.dir/Core/Src/callback.c.obj
 .debug_frame   0x00000028       0x60 CMakeFiles/Lighting.elf.dir/Core/Src/can.c.obj
 .debug_frame   0x00000088       0x2c CMakeFiles/Lighting.elf.dir/Core/Src/dma.c.obj
 .debug_frame   0x000000b4       0x30 CMakeFiles/Lighting.elf.dir/Core/Src/gpio.c.obj
 .debug_frame   0x000000e4       0x58 CMakeFiles/Lighting.elf.dir/Core/Src/main.c.obj
 .debug_frame   0x0000013c       0x28 CMakeFiles/Lighting.elf.dir/Core/Src/stm32f4xx_hal_msp.c.obj
 .debug_frame   0x00000164      0x120 CMakeFiles/Lighting.elf.dir/Core/Src/stm32f4xx_it.c.obj
 .debug_frame   0x00000284       0x30 CMakeFiles/Lighting.elf.dir/Core/Src/system_stm32f4xx.c.obj
 .debug_frame   0x000002b4       0x64 CMakeFiles/Lighting.elf.dir/Core/Src/tim.c.obj
 .debug_frame   0x00000318       0x7c CMakeFiles/Lighting.elf.dir/Core/Src/usart.c.obj
 .debug_frame   0x00000394      0x20c CMakeFiles/Lighting.elf.dir/Drivers/STM32F4xx_HAL_Driver/Src/stm32f4xx_hal.c.obj
 .debug_frame   0x000005a0      0x2d4 CMakeFiles/Lighting.elf.dir/Drivers/STM32F4xx_HAL_Driver/Src/stm32f4xx_hal_can.c.obj
 .debug_frame   0x00000874      0x214 CMakeFiles/Lighting.elf.dir/Drivers/STM32F4xx_HAL_Driver/Src/stm32f4xx_hal_cortex.c.obj
 .debug_frame   0x00000a88      0x188 CMakeFiles/Lighting.elf.dir/Drivers/STM32F4xx_HAL_Driver/Src/stm32f4xx_hal_dma.c.obj
 .debug_frame   0x00000c10       0xd4 CMakeFiles/Lighting.elf.dir/Drivers/STM32F4xx_HAL_Driver/Src/stm32f4xx_hal_gpio.c.obj
 .debug_frame   0x00000ce4       0xec CMakeFiles/Lighting.elf.dir/Drivers/STM32F4xx_HAL_Driver/Src/stm32f4xx_hal_pwr_ex.c.obj
 .debug_frame   0x00000dd0      0x16c CMakeFiles/Lighting.elf.dir/Drivers/STM32F4xx_HAL_Driver/Src/stm32f4xx_hal_rcc.c.obj
 .debug_frame   0x00000f3c      0xb08 CMakeFiles/Lighting.elf.dir/Drivers/STM32F4xx_HAL_Driver/Src/stm32f4xx_hal_tim.c.obj
 .debug_frame   0x00001a44      0x40c CMakeFiles/Lighting.elf.dir/Drivers/STM32F4xx_HAL_Driver/Src/stm32f4xx_hal_tim_ex.c.obj
 .debug_frame   0x00001e50      0x5dc CMakeFiles/Lighting.elf.dir/Drivers/STM32F4xx_HAL_Driver/Src/stm32f4xx_hal_uart.c.obj
 .debug_frame   0x0000242c       0x2c D:/app/STM32CubeCLT_1.16.0/GNU-tools-for-STM32/bin/../lib/gcc/arm-none-eabi/12.3.1/thumb/v7e-m/nofp\libgcc.a(_aeabi_uldivmod.o)
 .debug_frame   0x00002458       0x34 D:/app/STM32CubeCLT_1.16.0/GNU-tools-for-STM32/bin/../lib/gcc/arm-none-eabi/12.3.1/thumb/v7e-m/nofp\libgcc.a(_udivmoddi4.o)
 .debug_frame   0x0000248c       0x20 D:/app/STM32CubeCLT_1.16.0/GNU-tools-for-STM32/bin/../lib/gcc/arm-none-eabi/12.3.1/../../../../arm-none-eabi/lib/thumb/v7e-m/nofp\libg.a(libc_a-memset.o)
 .debug_frame   0x000024ac       0x2c D:/app/STM32CubeCLT_1.16.0/GNU-tools-for-STM32/bin/../lib/gcc/arm-none-eabi/12.3.1/../../../../arm-none-eabi/lib/thumb/v7e-m/nofp\libg.a(libc_a-init.o)
 .debug_frame   0x000024d8       0xb0 D:/app/STM32CubeCLT_1.16.0/GNU-tools-for-STM32/bin/../lib/gcc/arm-none-eabi/12.3.1/../../../../arm-none-eabi/lib/thumb/v7e-m/nofp\libg.a(libc_a-lock.o)
 .debug_frame   0x00002588       0x58 D:/app/STM32CubeCLT_1.16.0/GNU-tools-for-STM32/bin/../lib/gcc/arm-none-eabi/12.3.1/../../../../arm-none-eabi/lib/thumb/v7e-m/nofp\libg.a(libc_a-__call_atexit.o)
 .debug_frame   0x000025e0       0x20 D:/app/STM32CubeCLT_1.16.0/GNU-tools-for-STM32/bin/../lib/gcc/arm-none-eabi/12.3.1/../../../../arm-none-eabi/lib/thumb/v7e-m/nofp\libg.a(libc_a-atexit.o)
 .debug_frame   0x00002600       0x38 D:/app/STM32CubeCLT_1.16.0/GNU-tools-for-STM32/bin/../lib/gcc/arm-none-eabi/12.3.1/../../../../arm-none-eabi/lib/thumb/v7e-m/nofp\libg.a(libc_a-fini.o)
 .debug_frame   0x00002638       0x34 D:/app/STM32CubeCLT_1.16.0/GNU-tools-for-STM32/bin/../lib/gcc/arm-none-eabi/12.3.1/../../../../arm-none-eabi/lib/thumb/v7e-m/nofp\libg.a(libc_a-__atexit.o)

.debug_line_str
                0x00000000       0x77
 .debug_line_str
                0x00000000       0x77 CMakeFiles/Lighting.elf.dir/Core/Startup/startup_stm32f427iihx.s.obj
